Archive member included to satisfy reference by file (symbol)

c:/mounriver/mounriver_studio/toolchain/risc-v embedded gcc/bin/../lib/gcc/riscv-none-embed/8.2.0/../../../../riscv-none-embed/lib/rv32imac/ilp32\libm.a(lib_a-w_asin.o)
                              ./zf_device/zf_device_icm20602.o (asin)
c:/mounriver/mounriver_studio/toolchain/risc-v embedded gcc/bin/../lib/gcc/riscv-none-embed/8.2.0/../../../../riscv-none-embed/lib/rv32imac/ilp32\libm.a(lib_a-w_atan2.o)
                              ./zf_device/zf_device_icm20602.o (atan2)
c:/mounriver/mounriver_studio/toolchain/risc-v embedded gcc/bin/../lib/gcc/riscv-none-embed/8.2.0/../../../../riscv-none-embed/lib/rv32imac/ilp32\libm.a(lib_a-e_asin.o)
                              c:/mounriver/mounriver_studio/toolchain/risc-v embedded gcc/bin/../lib/gcc/riscv-none-embed/8.2.0/../../../../riscv-none-embed/lib/rv32imac/ilp32\libm.a(lib_a-w_asin.o) (__ieee754_asin)
c:/mounriver/mounriver_studio/toolchain/risc-v embedded gcc/bin/../lib/gcc/riscv-none-embed/8.2.0/../../../../riscv-none-embed/lib/rv32imac/ilp32\libm.a(lib_a-e_atan2.o)
                              c:/mounriver/mounriver_studio/toolchain/risc-v embedded gcc/bin/../lib/gcc/riscv-none-embed/8.2.0/../../../../riscv-none-embed/lib/rv32imac/ilp32\libm.a(lib_a-w_atan2.o) (__ieee754_atan2)
c:/mounriver/mounriver_studio/toolchain/risc-v embedded gcc/bin/../lib/gcc/riscv-none-embed/8.2.0/../../../../riscv-none-embed/lib/rv32imac/ilp32\libm.a(lib_a-e_sqrt.o)
                              c:/mounriver/mounriver_studio/toolchain/risc-v embedded gcc/bin/../lib/gcc/riscv-none-embed/8.2.0/../../../../riscv-none-embed/lib/rv32imac/ilp32\libm.a(lib_a-e_asin.o) (__ieee754_sqrt)
c:/mounriver/mounriver_studio/toolchain/risc-v embedded gcc/bin/../lib/gcc/riscv-none-embed/8.2.0/../../../../riscv-none-embed/lib/rv32imac/ilp32\libm.a(lib_a-s_atan.o)
                              c:/mounriver/mounriver_studio/toolchain/risc-v embedded gcc/bin/../lib/gcc/riscv-none-embed/8.2.0/../../../../riscv-none-embed/lib/rv32imac/ilp32\libm.a(lib_a-e_atan2.o) (atan)
c:/mounriver/mounriver_studio/toolchain/risc-v embedded gcc/bin/../lib/gcc/riscv-none-embed/8.2.0/../../../../riscv-none-embed/lib/rv32imac/ilp32\libm.a(lib_a-s_fabs.o)
                              c:/mounriver/mounriver_studio/toolchain/risc-v embedded gcc/bin/../lib/gcc/riscv-none-embed/8.2.0/../../../../riscv-none-embed/lib/rv32imac/ilp32\libm.a(lib_a-w_asin.o) (fabs)
c:/mounriver/mounriver_studio/toolchain/risc-v embedded gcc/bin/../lib/gcc/riscv-none-embed/8.2.0/../../../../riscv-none-embed/lib/rv32imac/ilp32\libm.a(lib_a-s_lib_ver.o)
                              c:/mounriver/mounriver_studio/toolchain/risc-v embedded gcc/bin/../lib/gcc/riscv-none-embed/8.2.0/../../../../riscv-none-embed/lib/rv32imac/ilp32\libm.a(lib_a-w_asin.o) (__fdlib_version)
c:/mounriver/mounriver_studio/toolchain/risc-v embedded gcc/bin/../lib/gcc/riscv-none-embed/8.2.0/../../../../riscv-none-embed/lib/rv32imac/ilp32\libm.a(lib_a-s_matherr.o)
                              c:/mounriver/mounriver_studio/toolchain/risc-v embedded gcc/bin/../lib/gcc/riscv-none-embed/8.2.0/../../../../riscv-none-embed/lib/rv32imac/ilp32\libm.a(lib_a-w_asin.o) (matherr)
c:/mounriver/mounriver_studio/toolchain/risc-v embedded gcc/bin/../lib/gcc/riscv-none-embed/8.2.0/../../../../riscv-none-embed/lib/rv32imac/ilp32\libm.a(lib_a-s_nan.o)
                              c:/mounriver/mounriver_studio/toolchain/risc-v embedded gcc/bin/../lib/gcc/riscv-none-embed/8.2.0/../../../../riscv-none-embed/lib/rv32imac/ilp32\libm.a(lib_a-w_asin.o) (nan)
c:/mounriver/mounriver_studio/toolchain/risc-v embedded gcc/bin/../lib/gcc/riscv-none-embed/8.2.0/rv32imac/ilp32\libgcc.a(adddf3.o)
                              ./zf_device/zf_device_oled.o (__adddf3)
c:/mounriver/mounriver_studio/toolchain/risc-v embedded gcc/bin/../lib/gcc/riscv-none-embed/8.2.0/rv32imac/ilp32\libgcc.a(divdf3.o)
                              c:/mounriver/mounriver_studio/toolchain/risc-v embedded gcc/bin/../lib/gcc/riscv-none-embed/8.2.0/../../../../riscv-none-embed/lib/rv32imac/ilp32\libm.a(lib_a-e_asin.o) (__divdf3)
c:/mounriver/mounriver_studio/toolchain/risc-v embedded gcc/bin/../lib/gcc/riscv-none-embed/8.2.0/rv32imac/ilp32\libgcc.a(eqdf2.o)
                              ./zf_common/zf_common_function.o (__nedf2)
c:/mounriver/mounriver_studio/toolchain/risc-v embedded gcc/bin/../lib/gcc/riscv-none-embed/8.2.0/rv32imac/ilp32\libgcc.a(gedf2.o)
                              ./zf_device/zf_device_oled.o (__gtdf2)
c:/mounriver/mounriver_studio/toolchain/risc-v embedded gcc/bin/../lib/gcc/riscv-none-embed/8.2.0/rv32imac/ilp32\libgcc.a(ledf2.o)
                              ./zf_device/zf_device_ips114.o (__ltdf2)
c:/mounriver/mounriver_studio/toolchain/risc-v embedded gcc/bin/../lib/gcc/riscv-none-embed/8.2.0/rv32imac/ilp32\libgcc.a(muldf3.o)
                              ./zf_device/zf_device_icm20602.o (__muldf3)
[...]
Memory Configuration

Name             Origin             Length             Attributes
RAM              0x0000000020000000 0x0000000000010000 xrw
FLASH            0x0000000000000000 0x0000000000040000 xr
*default*        0x0000000000000000 0xffffffffffffffff

Linker script and memory map

LOAD ./zf_driver/zf_driver_adc.o
LOAD ./zf_driver/zf_driver_delay.o
LOAD ./zf_driver/zf_driver_dvp.o
LOAD ./zf_driver/zf_driver_encoder.o
LOAD ./zf_driver/zf_driver_flash.o
LOAD ./zf_driver/zf_driver_gpio.o
LOAD ./zf_driver/zf_driver_irq.o
LOAD ./zf_driver/zf_driver_pit.o
LOAD ./zf_driver/zf_driver_pwm.o
LOAD ./zf_driver/zf_driver_soft_iic.o
LOAD ./zf_driver/zf_driver_spi.o
LOAD ./zf_driver/zf_driver_timer.o
LOAD ./zf_driver/zf_driver_uart.o
LOAD ./zf_driver/zf_driver_usb_cdc.o
LOAD ./zf_device/zf_device_absolute_encoder.o
LOAD ./zf_device/zf_device_bluetooth_ch9141.o
LOAD ./zf_device/zf_device_bluetooth_ch9141_ch2.o
LOAD ./zf_device/zf_device_camera.o
LOAD ./zf_device/zf_device_icm20602.o
LOAD ./zf_device/zf_device_ips114.o
LOAD ./zf_device/zf_device_ips200_parallel8.o
LOAD ./zf_device/zf_device_mpu6050.o
LOAD ./zf_device/zf_device_mt9v03x_dvp.o
LOAD ./zf_device/zf_device_oled.o
LOAD ./zf_device/zf_device_scc8660_dvp.o
LOAD ./zf_device/zf_device_tft180.o
LOAD ./zf_device/zf_device_type.o
LOAD ./zf_device/zf_device_wireless_uart.o
LOAD ./zf_common/zf_common_clock.o
LOAD ./zf_common/zf_common_debug.o
LOAD ./zf_common/zf_common_fifo.o
LOAD ./zf_common/zf_common_font.o
LOAD ./zf_common/zf_common_function.o
LOAD ./zf_common/zf_common_interrupt.o
LOAD ./user_c/SEEKFREE_18TFT.o
LOAD ./user_c/isr.o
LOAD ./user_c/main.o
LOAD ./sdk/Startup/startup_ch32v30x.o
LOAD ./sdk/Startup/system_ch32v30x.o
LOAD ./sdk/Peripheral/ch32v30x_adc.o
LOAD ./sdk/Peripheral/ch32v30x_bkp.o
LOAD ./sdk/Peripheral/ch32v30x_can.o
LOAD ./sdk/Peripheral/ch32v30x_crc.o
LOAD ./sdk/Peripheral/ch32v30x_dac.o
LOAD ./sdk/Peripheral/ch32v30x_dbgmcu.o
LOAD ./sdk/Peripheral/ch32v30x_dma.o
LOAD ./sdk/Peripheral/ch32v30x_dvp.o
LOAD ./sdk/Peripheral/ch32v30x_eth.o
LOAD ./sdk/Peripheral/ch32v30x_exti.o
LOAD ./sdk/Peripheral/ch32v30x_flash.o
LOAD ./sdk/Peripheral/ch32v30x_fsmc.o
LOAD ./sdk/Peripheral/ch32v30x_gpio.o
LOAD ./sdk/Peripheral/ch32v30x_i2c.o
LOAD ./sdk/Peripheral/ch32v30x_iwdg.o
LOAD ./sdk/Peripheral/ch32v30x_misc.o
LOAD ./sdk/Peripheral/ch32v30x_opa.o
LOAD ./sdk/Peripheral/ch32v30x_pwr.o
LOAD ./sdk/Peripheral/ch32v30x_rcc.o
LOAD ./sdk/Peripheral/ch32v30x_rng.o
LOAD ./sdk/Peripheral/ch32v30x_rtc.o
LOAD ./sdk/Peripheral/ch32v30x_sdio.o
LOAD ./sdk/Peripheral/ch32v30x_spi.o
LOAD ./sdk/Peripheral/ch32v30x_tim.o
LOAD ./sdk/Peripheral/ch32v30x_usart.o
LOAD ./sdk/Peripheral/ch32v30x_usbotg_device.o
LOAD ./sdk/Peripheral/ch32v30x_wwdg.o
LOAD ./sdk/Core/core_riscv.o
LOAD ./code/motor.o
LOAD ./code/pid.o
LOAD ./code/servo.o
LOAD ./code/uart.o
LOAD c:/mounriver/mounriver_studio/toolchain/risc-v embedded gcc/bin/../lib/gcc/riscv-none-embed/8.2.0/../../../../riscv-none-embed/lib/rv32imac/ilp32\libm.a
LOAD c:/mounriver/mounriver_studio/toolchain/risc-v embedded gcc/bin/../lib/gcc/riscv-none-embed/8.2.0/rv32imac/ilp32\libgcc.a
LOAD c:/mounriver/mounriver_studio/toolchain/risc-v embedded gcc/bin/../lib/gcc/riscv-none-embed/8.2.0/../../../../riscv-none-embed/lib/rv32imac/ilp32\libg_nano.a
LOAD c:/mounriver/mounriver_studio/toolchain/risc-v embedded gcc/bin/../lib/gcc/riscv-none-embed/8.2.0/../../../../riscv-none-embed/lib/rv32imac/ilp32\libc_nano.a
LOAD c:/mounriver/mounriver_studio/toolchain/risc-v embedded gcc/bin/../lib/gcc/riscv-none-embed/8.2.0/rv32imac/ilp32\libgcc.a
START GROUP
LOAD c:/mounriver/mounriver_studio/toolchain/risc-v embedded gcc/bin/../lib/gcc/riscv-none-embed/8.2.0/rv32imac/ilp32\libgcc.a
LOAD c:/mounriver/mounriver_studio/toolchain/risc-v embedded gcc/bin/../lib/gcc/riscv-none-embed/8.2.0/../../../../riscv-none-embed/lib/rv32imac/ilp32\libc_nano.a
LOAD c:/mounriver/mounriver_studio/toolchain/risc-v embedded gcc/bin/../lib/gcc/riscv-none-embed/8.2.0/../../../../riscv-none-embed/lib/rv32imac/ilp32\libnosys.a
END GROUP
START GROUP
LOAD c:/mounriver/mounriver_studio/toolchain/risc-v embedded gcc/bin/../lib/gcc/riscv-none-embed/8.2.0/rv32imac/ilp32\libgcc.a
LOAD c:/mounriver/mounriver_studio/toolchain/risc-v embedded gcc/bin/../lib/gcc/riscv-none-embed/8.2.0/../../../../riscv-none-embed/lib/rv32imac/ilp32\libc_nano.a
LOAD c:/mounriver/mounriver_studio/toolchain/risc-v embedded gcc/bin/../lib/gcc/riscv-none-embed/8.2.0/../../../../riscv-none-embed/lib/rv32imac/ilp32\libnosys.a
END GROUP
                0x0000000000000800                __stack_size = 0x800
                [!provide]                        PROVIDE (_stack_size = __stack_size)

.init           0x0000000000000000       0x38
                0x0000000000000000                _sinit = .
                0x0000000000000000                . = ALIGN (0x4)
 *(SORT_NONE(.init))
 .init          0x0000000000000000       0x38 ./sdk/Startup/startup_ch32v30x.o
                0x0000000000000000                _start
                0x0000000000000038                . = ALIGN (0x4)
                0x0000000000000038                _einit = .

.vector         0x0000000000000038      0x1c8
 *(.vector)
 .vector        0x0000000000000038      0x1a0 ./sdk/Startup/startup_ch32v30x.o
                0x0000000000000200                . = ALIGN (0x40)
 *fill*         0x00000000000001d8       0x28 

.text           0x0000000000000200     0x4df0
                0x0000000000000200                . = ALIGN (0x4)
 *(.text)
 .text          0x0000000000000200       0x14 ./zf_driver/zf_driver_irq.o
                0x0000000000000200                dis_interrupt
                0x0000000000000206                en_interrupt
 .text          0x0000000000000214       0xa8 c:/mounriver/mounriver_studio/toolchain/risc-v embedded gcc/bin/../lib/gcc/riscv-none-embed/8.2.0/../../../../riscv-none-embed/lib/rv32imac/ilp32\libg_nano.a(lib_a-memset.o)
                0x0000000000000214                memset
 *(.text.*)
 .text.system_delay
                0x00000000000002bc       0x5c ./zf_driver/zf_driver_delay.o
                0x00000000000002bc                system_delay
 .text.gpio_set_level
                0x0000000000000318       0x74 ./zf_driver/zf_driver_gpio.o
                0x0000000000000318                gpio_set_level
 .text.gpio_init
                0x000000000000038c      0x196 ./zf_driver/zf_driver_gpio.o
                0x000000000000038c                gpio_init
 .text.uart_gpio_init
                0x0000000000000522      0x3c2 ./zf_driver/zf_driver_uart.o
                0x0000000000000522                uart_gpio_init
 .text.uart_rx_interrupt
                0x00000000000008e4       0x86 ./zf_driver/zf_driver_uart.o
                0x00000000000008e4                uart_rx_interrupt
 .text.uart_init
                0x000000000000096a      0x2b0 ./zf_driver/zf_driver_uart.o
                0x000000000000096a                uart_init
 .text.bluetooth_ch9141_uart_callback_ch2
                0x0000000000000c1a       0xb6 ./zf_device/zf_device_bluetooth_ch9141.o
                0x0000000000000c1a                bluetooth_ch9141_uart_callback_ch2
 .text.bluetooth_ch9141_uart_callback_ch1
                0x0000000000000cd0       0xb2 ./zf_device/zf_device_bluetooth_ch9141.o
                0x0000000000000cd0                bluetooth_ch9141_uart_callback_ch1
 .text.bluetooth_ch9141_check_response
                0x0000000000000d82       0x4a ./zf_device/zf_device_bluetooth_ch9141.o
                0x0000000000000d82                bluetooth_ch9141_check_response
 .text.camera_uart_handler
                0x0000000000000dcc       0x28 ./zf_device/zf_device_camera.o
                0x0000000000000dcc                camera_uart_handler
 .text.camera_dvp_handler
                0x0000000000000df4       0x28 ./zf_device/zf_device_camera.o
                0x0000000000000df4                camera_dvp_handler
 .text.mt9v03x_uart_callback_dvp
                0x0000000000000e1c       0x70 ./zf_device/zf_device_mt9v03x_dvp.o
                0x0000000000000e1c                mt9v03x_uart_callback_dvp
 .text.mt9v03x_dvp_handler
                0x0000000000000e8c       0x84 ./zf_device/zf_device_mt9v03x_dvp.o
                0x0000000000000e8c                mt9v03x_dvp_handler
 .text.wireless_uart_callback_ch1
                0x0000000000000f10       0x32 ./zf_device/zf_device_wireless_uart.o
                0x0000000000000f10                wireless_uart_callback_ch1
 .text.wireless_uart_callback_ch2
                0x0000000000000f42       0x38 ./zf_device/zf_device_wireless_uart.o
                0x0000000000000f42                wireless_uart_callback_ch2
 .text.clock_init
                0x0000000000000f7a       0x28 ./zf_common/zf_common_clock.o
                0x0000000000000f7a                clock_init
 .text.clock_reset
                0x0000000000000fa2       0x76 ./zf_common/zf_common_clock.o
 .text.clock_set_freq
                0x0000000000001018      0x260 ./zf_common/zf_common_clock.o
 .text.debug_init
                0x0000000000001278       0x34 ./zf_common/zf_common_debug.o
                0x0000000000001278                debug_init
 .text._write   0x00000000000012ac       0x7c ./zf_common/zf_common_debug.o
                0x00000000000012ac                _write
 .text.NVIC_EnableIRQ
                0x0000000000001328       0x32 ./zf_common/zf_common_interrupt.o
 .text.NVIC_DisableIRQ
                0x000000000000135a       0x32 ./zf_common/zf_common_interrupt.o
 .text.interrupt_enable
                0x000000000000138c       0x1c ./zf_common/zf_common_interrupt.o
                0x000000000000138c                interrupt_enable
 .text.interrupt_disable
                0x00000000000013a8       0x1c ./zf_common/zf_common_interrupt.o
                0x00000000000013a8                interrupt_disable
 .text.interrupt_init
                0x00000000000013c4        0xe ./zf_common/zf_common_interrupt.o
                0x00000000000013c4                interrupt_init
 .text.interrupt_enable_all
                0x00000000000013d2       0x22 ./zf_common/zf_common_interrupt.o
                0x00000000000013d2                interrupt_enable_all
 .text.interrupt_disable_all
                0x00000000000013f4       0x22 ./zf_common/zf_common_interrupt.o
                0x00000000000013f4                interrupt_disable_all
 .text.USART1_IRQHandler
                0x0000000000001416       0x34 ./user_c/isr.o
                0x0000000000001416                USART1_IRQHandler
 .text.USART2_IRQHandler
                0x000000000000144a       0x52 ./user_c/isr.o
                0x000000000000144a                USART2_IRQHandler
 .text.USART3_IRQHandler
                0x000000000000149c       0x34 ./user_c/isr.o
                0x000000000000149c                USART3_IRQHandler
 .text.UART4_IRQHandler
                0x00000000000014d0       0x34 ./user_c/isr.o
                0x00000000000014d0                UART4_IRQHandler
 .text.UART5_IRQHandler
                0x0000000000001504       0x30 ./user_c/isr.o
                0x0000000000001504                UART5_IRQHandler
 .text.UART6_IRQHandler
                0x0000000000001534       0x34 ./user_c/isr.o
                0x0000000000001534                UART6_IRQHandler
 .text.UART7_IRQHandler
                0x0000000000001568       0x52 ./user_c/isr.o
                0x0000000000001568                UART7_IRQHandler
 .text.UART8_IRQHandler
                0x00000000000015ba       0x2c ./user_c/isr.o
                0x00000000000015ba                UART8_IRQHandler
 .text.DVP_IRQHandler
                0x00000000000015e6       0x3e ./user_c/isr.o
                0x00000000000015e6                DVP_IRQHandler
 .text.EXTI0_IRQHandler
                0x0000000000001624       0x24 ./user_c/isr.o
                0x0000000000001624                EXTI0_IRQHandler
 .text.EXTI1_IRQHandler
                0x0000000000001648       0x24 ./user_c/isr.o
                0x0000000000001648                EXTI1_IRQHandler
 .text.EXTI2_IRQHandler
                0x000000000000166c       0x24 ./user_c/isr.o
                0x000000000000166c                EXTI2_IRQHandler
 .text.EXTI3_IRQHandler
                0x0000000000001690       0x24 ./user_c/isr.o
                0x0000000000001690                EXTI3_IRQHandler
 .text.EXTI4_IRQHandler
                0x00000000000016b4       0x24 ./user_c/isr.o
                0x00000000000016b4                EXTI4_IRQHandler
 .text.EXTI9_5_IRQHandler
                0x00000000000016d8       0xb6 ./user_c/isr.o
                0x00000000000016d8                EXTI9_5_IRQHandler
 .text.EXTI15_10_IRQHandler
                0x000000000000178e       0x7c ./user_c/isr.o
                0x000000000000178e                EXTI15_10_IRQHandler
 .text.TIM1_UP_IRQHandler
                0x000000000000180a       0x30 ./user_c/isr.o
                0x000000000000180a                TIM1_UP_IRQHandler
 .text.TIM2_IRQHandler
                0x000000000000183a       0x28 ./user_c/isr.o
                0x000000000000183a                TIM2_IRQHandler
 .text.TIM3_IRQHandler
                0x0000000000001862       0x30 ./user_c/isr.o
                0x0000000000001862                TIM3_IRQHandler
 .text.TIM4_IRQHandler
                0x0000000000001892       0x30 ./user_c/isr.o
                0x0000000000001892                TIM4_IRQHandler
 .text.TIM5_IRQHandler
                0x00000000000018c2       0x30 ./user_c/isr.o
                0x00000000000018c2                TIM5_IRQHandler
 .text.TIM6_IRQHandler
                0x00000000000018f2       0x28 ./user_c/isr.o
                0x00000000000018f2                TIM6_IRQHandler
 .text.TIM7_IRQHandler
                0x000000000000191a       0x30 ./user_c/isr.o
                0x000000000000191a                TIM7_IRQHandler
 .text.TIM8_UP_IRQHandler
                0x000000000000194a       0x30 ./user_c/isr.o
                0x000000000000194a                TIM8_UP_IRQHandler
 .text.TIM9_UP_IRQHandler
                0x000000000000197a       0x30 ./user_c/isr.o
                0x000000000000197a                TIM9_UP_IRQHandler
 .text.TIM10_UP_IRQHandler
                0x00000000000019aa       0x28 ./user_c/isr.o
                0x00000000000019aa                TIM10_UP_IRQHandler
 .text.NMI_Handler
                0x00000000000019d2       0x10 ./user_c/isr.o
                0x00000000000019d2                NMI_Handler
 .text.HardFault_Handler
                0x00000000000019e2       0x12 ./user_c/isr.o
                0x00000000000019e2                HardFault_Handler
 .text.main     0x00000000000019f4      0x10e ./user_c/main.o
                0x00000000000019f4                main
 .text.vector_handler
                0x0000000000001b02       0xbe ./sdk/Startup/startup_ch32v30x.o
                0x0000000000001b06                Ecall_M_Mode_Handler
                0x0000000000001b08                Ecall_U_Mode_Handler
                0x0000000000001b0a                Break_Point_Handler
                0x0000000000001b0c                SysTick_Handler
                0x0000000000001b0e                SW_handler
                0x0000000000001b10                WWDG_IRQHandler
                0x0000000000001b12                PVD_IRQHandler
                0x0000000000001b14                TAMPER_IRQHandler
                0x0000000000001b16                RTC_IRQHandler
                0x0000000000001b18                FLASH_IRQHandler
                0x0000000000001b1a                RCC_IRQHandler
                0x0000000000001b26                DMA1_Channel1_IRQHandler
                0x0000000000001b28                DMA1_Channel2_IRQHandler
                0x0000000000001b2a                DMA1_Channel3_IRQHandler
                0x0000000000001b2c                DMA1_Channel4_IRQHandler
                0x0000000000001b2e                DMA1_Channel5_IRQHandler
                0x0000000000001b30                DMA1_Channel6_IRQHandler
                0x0000000000001b32                DMA1_Channel7_IRQHandler
                0x0000000000001b34                ADC1_2_IRQHandler
                0x0000000000001b36                USB_HP_CAN1_TX_IRQHandler
                0x0000000000001b38                USB_LP_CAN1_RX0_IRQHandler
                0x0000000000001b3a                CAN1_RX1_IRQHandler
                0x0000000000001b3c                CAN1_SCE_IRQHandler
                0x0000000000001b40                TIM1_BRK_IRQHandler
                0x0000000000001b44                TIM1_TRG_COM_IRQHandler
                0x0000000000001b46                TIM1_CC_IRQHandler
                0x0000000000001b4e                I2C1_EV_IRQHandler
                0x0000000000001b50                I2C1_ER_IRQHandler
                0x0000000000001b52                I2C2_EV_IRQHandler
                0x0000000000001b54                I2C2_ER_IRQHandler
                0x0000000000001b56                SPI1_IRQHandler
                0x0000000000001b58                SPI2_IRQHandler
                0x0000000000001b62                RTCAlarm_IRQHandler
                0x0000000000001b64                USBWakeUp_IRQHandler
                0x0000000000001b66                TIM8_BRK_IRQHandler
                0x0000000000001b6a                TIM8_TRG_COM_IRQHandler
                0x0000000000001b6c                TIM8_CC_IRQHandler
                0x0000000000001b6e                RNG_IRQHandler
                0x0000000000001b70                FSMC_IRQHandler
                0x0000000000001b72                SDIO_IRQHandler
                0x0000000000001b76                SPI3_IRQHandler
                0x0000000000001b80                DMA2_Channel1_IRQHandler
                0x0000000000001b82                DMA2_Channel2_IRQHandler
                0x0000000000001b84                DMA2_Channel3_IRQHandler
                0x0000000000001b86                DMA2_Channel4_IRQHandler
                0x0000000000001b88                DMA2_Channel5_IRQHandler
                0x0000000000001b8a                ETH_IRQHandler
                0x0000000000001b8c                ETH_WKUP_IRQHandler
                0x0000000000001b8e                CAN2_TX_IRQHandler
                0x0000000000001b90                CAN2_RX0_IRQHandler
                0x0000000000001b92                CAN2_RX1_IRQHandler
                0x0000000000001b94                CAN2_SCE_IRQHandler
                0x0000000000001b98                USBHSWakeup_IRQHandler
                0x0000000000001b9a                USBHS_IRQHandler
                0x0000000000001ba4                TIM9_BRK_IRQHandler
                0x0000000000001ba8                TIM9_TRG_COM_IRQHandler
                0x0000000000001baa                TIM9_CC_IRQHandler
                0x0000000000001bac                TIM10_BRK_IRQHandler
                0x0000000000001bb0                TIM10_TRG_COM_IRQHandler
                0x0000000000001bb2                TIM10_CC_IRQHandler
                0x0000000000001bb4                DMA2_Channel6_IRQHandler
                0x0000000000001bb6                DMA2_Channel7_IRQHandler
                0x0000000000001bb8                DMA2_Channel8_IRQHandler
                0x0000000000001bba                DMA2_Channel9_IRQHandler
                0x0000000000001bbc                DMA2_Channel10_IRQHandler
                0x0000000000001bbe                DMA2_Channel11_IRQHandler
 .text.handle_reset
                0x0000000000001bc0       0x8e ./sdk/Startup/startup_ch32v30x.o
                0x0000000000001bc0                handle_reset
 .text.SystemInit
                0x0000000000001c4e       0x7c ./sdk/Startup/system_ch32v30x.o
                0x0000000000001c4e                SystemInit
 .text.SetSysClock
                0x0000000000001cca       0x14 ./sdk/Startup/system_ch32v30x.o
 .text.SetSysClockTo144
                0x0000000000001cde      0x162 ./sdk/Startup/system_ch32v30x.o
 .text.EXTI_GetITStatus
                0x0000000000001e40       0x56 ./sdk/Peripheral/ch32v30x_exti.o
                0x0000000000001e40                EXTI_GetITStatus
 .text.EXTI_ClearITPendingBit
                0x0000000000001e96       0x20 ./sdk/Peripheral/ch32v30x_exti.o
                0x0000000000001e96                EXTI_ClearITPendingBit
 .text.GPIO_Init
                0x0000000000001eb6      0x22a ./sdk/Peripheral/ch32v30x_gpio.o
                0x0000000000001eb6                GPIO_Init
 .text.GPIO_WriteBit
                0x00000000000020e0       0x38 ./sdk/Peripheral/ch32v30x_gpio.o
                0x00000000000020e0                GPIO_WriteBit
 .text.GPIO_PinRemapConfig
                0x0000000000002118      0x13c ./sdk/Peripheral/ch32v30x_gpio.o
                0x0000000000002118                GPIO_PinRemapConfig
 .text.RCC_GetClocksFreq
                0x0000000000002254      0x2ca ./sdk/Peripheral/ch32v30x_rcc.o
                0x0000000000002254                RCC_GetClocksFreq
 .text.RCC_APB2PeriphClockCmd
                0x000000000000251e       0x46 ./sdk/Peripheral/ch32v30x_rcc.o
                0x000000000000251e                RCC_APB2PeriphClockCmd
 .text.RCC_APB1PeriphClockCmd
                0x0000000000002564       0x46 ./sdk/Peripheral/ch32v30x_rcc.o
                0x0000000000002564                RCC_APB1PeriphClockCmd
 .text.TIM_GetITStatus
                0x00000000000025aa       0x70 ./sdk/Peripheral/ch32v30x_tim.o
                0x00000000000025aa                TIM_GetITStatus
 .text.TIM_ClearITPendingBit
                0x000000000000261a       0x2e ./sdk/Peripheral/ch32v30x_tim.o
                0x000000000000261a                TIM_ClearITPendingBit
 .text.USART_Init
                0x0000000000002648      0x234 ./sdk/Peripheral/ch32v30x_usart.o
                0x0000000000002648                USART_Init
 .text.USART_Cmd
                0x000000000000287c       0x60 ./sdk/Peripheral/ch32v30x_usart.o
                0x000000000000287c                USART_Cmd
 .text.USART_ITConfig
                0x00000000000028dc       0xc4 ./sdk/Peripheral/ch32v30x_usart.o
                0x00000000000028dc                USART_ITConfig
 .text.USART_SendData
                0x00000000000029a0       0x2e ./sdk/Peripheral/ch32v30x_usart.o
                0x00000000000029a0                USART_SendData
 .text.USART_GetFlagStatus
                0x00000000000029ce       0x46 ./sdk/Peripheral/ch32v30x_usart.o
                0x00000000000029ce                USART_GetFlagStatus
 .text.USART_GetITStatus
                0x0000000000002a14      0x102 ./sdk/Peripheral/ch32v30x_usart.o
                0x0000000000002a14                USART_GetITStatus
 .text.USART_ClearITPendingBit
                0x0000000000002b16       0x4e ./sdk/Peripheral/ch32v30x_usart.o
                0x0000000000002b16                USART_ClearITPendingBit
 .text.DevEP1_IN_Deal
                0x0000000000002b64       0x3e ./sdk/Peripheral/ch32v30x_usbotg_device.o
                0x0000000000002b64                DevEP1_IN_Deal
 .text.DevEP2_IN_Deal
                0x0000000000002ba2       0x3e ./sdk/Peripheral/ch32v30x_usbotg_device.o
                0x0000000000002ba2                DevEP2_IN_Deal
 .text.DevEP1_OUT_Deal
                0x0000000000002be0       0x64 ./sdk/Peripheral/ch32v30x_usbotg_device.o
                0x0000000000002be0                DevEP1_OUT_Deal
 .text.DevEP2_OUT_Deal
                0x0000000000002c44       0x64 ./sdk/Peripheral/ch32v30x_usbotg_device.o
                0x0000000000002c44                DevEP2_OUT_Deal
 .text.OTG_FS_IRQHandler
                0x0000000000002ca8      0xc6a ./sdk/Peripheral/ch32v30x_usbotg_device.o
                0x0000000000002ca8                OTG_FS_IRQHandler
 .text.__get_MSTATUS
                0x0000000000003912       0x1a ./sdk/Core/core_riscv.o
                0x0000000000003912                __get_MSTATUS
 .text.memcpy   0x000000000000392c       0xb6 c:/mounriver/mounriver_studio/toolchain/risc-v embedded gcc/bin/../lib/gcc/riscv-none-embed/8.2.0/../../../../riscv-none-embed/lib/rv32imac/ilp32\libg_nano.a(lib_a-memcpy.o)
                0x000000000000392c                memcpy
 .text.printf   0x00000000000039e2       0x40 c:/mounriver/mounriver_studio/toolchain/risc-v embedded gcc/bin/../lib/gcc/riscv-none-embed/8.2.0/../../../../riscv-none-embed/lib/rv32imac/ilp32\libg_nano.a(lib_a-printf.o)
                0x00000000000039e2                iprintf
                0x00000000000039e2                printf
 .text._puts_r  0x0000000000003a22       0xda c:/mounriver/mounriver_studio/toolchain/risc-v embedded gcc/bin/../lib/gcc/riscv-none-embed/8.2.0/../../../../riscv-none-embed/lib/rv32imac/ilp32\libg_nano.a(lib_a-puts.o)
                0x0000000000003a22                _puts_r
 .text.puts     0x0000000000003afc        0xa c:/mounriver/mounriver_studio/toolchain/risc-v embedded gcc/bin/../lib/gcc/riscv-none-embed/8.2.0/../../../../riscv-none-embed/lib/rv32imac/ilp32\libg_nano.a(lib_a-puts.o)
                0x0000000000003afc                puts
 .text.strncmp  0x0000000000003b06       0x2c c:/mounriver/mounriver_studio/toolchain/risc-v embedded gcc/bin/../lib/gcc/riscv-none-embed/8.2.0/../../../../riscv-none-embed/lib/rv32imac/ilp32\libg_nano.a(lib_a-strncmp.o)
                0x0000000000003b06                strncmp
 .text.__swbuf_r
                0x0000000000003b32       0xc0 c:/mounriver/mounriver_studio/toolchain/risc-v embedded gcc/bin/../lib/gcc/riscv-none-embed/8.2.0/../../../../riscv-none-embed/lib/rv32imac/ilp32\libg_nano.a(lib_a-wbuf.o)
                0x0000000000003b32                __swbuf_r
 .text.__swsetup_r
                0x0000000000003bf2      0x10c c:/mounriver/mounriver_studio/toolchain/risc-v embedded gcc/bin/../lib/gcc/riscv-none-embed/8.2.0/../../../../riscv-none-embed/lib/rv32imac/ilp32\libg_nano.a(lib_a-wsetup.o)
                0x0000000000003bf2                __swsetup_r
 .text.__sflush_r
                0x0000000000003cfe      0x13c c:/mounriver/mounriver_studio/toolchain/risc-v embedded gcc/bin/../lib/gcc/riscv-none-embed/8.2.0/../../../../riscv-none-embed/lib/rv32imac/ilp32\libg_nano.a(lib_a-fflush.o)
                0x0000000000003cfe                __sflush_r
 .text._fflush_r
                0x0000000000003e3a       0x66 c:/mounriver/mounriver_studio/toolchain/risc-v embedded gcc/bin/../lib/gcc/riscv-none-embed/8.2.0/../../../../riscv-none-embed/lib/rv32imac/ilp32\libg_nano.a(lib_a-fflush.o)
                0x0000000000003e3a                _fflush_r
 .text.std      0x0000000000003ea0       0x6a c:/mounriver/mounriver_studio/toolchain/risc-v embedded gcc/bin/../lib/gcc/riscv-none-embed/8.2.0/../../../../riscv-none-embed/lib/rv32imac/ilp32\libg_nano.a(lib_a-findfp.o)
 .text._cleanup_r
                0x0000000000003f0a        0xa c:/mounriver/mounriver_studio/toolchain/risc-v embedded gcc/bin/../lib/gcc/riscv-none-embed/8.2.0/../../../../riscv-none-embed/lib/rv32imac/ilp32\libg_nano.a(lib_a-findfp.o)
                0x0000000000003f0a                _cleanup_r
 .text.__sfmoreglue
                0x0000000000003f14       0x46 c:/mounriver/mounriver_studio/toolchain/risc-v embedded gcc/bin/../lib/gcc/riscv-none-embed/8.2.0/../../../../riscv-none-embed/lib/rv32imac/ilp32\libg_nano.a(lib_a-findfp.o)
                0x0000000000003f14                __sfmoreglue
 .text.__sinit  0x0000000000003f5a       0x66 c:/mounriver/mounriver_studio/toolchain/risc-v embedded gcc/bin/../lib/gcc/riscv-none-embed/8.2.0/../../../../riscv-none-embed/lib/rv32imac/ilp32\libg_nano.a(lib_a-findfp.o)
                0x0000000000003f5a                __sinit
 .text.__sfp    0x0000000000003fc0       0x9e c:/mounriver/mounriver_studio/toolchain/risc-v embedded gcc/bin/../lib/gcc/riscv-none-embed/8.2.0/../../../../riscv-none-embed/lib/rv32imac/ilp32\libg_nano.a(lib_a-findfp.o)
                0x0000000000003fc0                __sfp
 .text._fwalk_reent
                0x000000000000405e       0x6c c:/mounriver/mounriver_studio/toolchain/risc-v embedded gcc/bin/../lib/gcc/riscv-none-embed/8.2.0/../../../../riscv-none-embed/lib/rv32imac/ilp32\libg_nano.a(lib_a-fwalk.o)
                0x000000000000405e                _fwalk_reent
 .text.__swhatbuf_r
                0x00000000000040ca       0x5a c:/mounriver/mounriver_studio/toolchain/risc-v embedded gcc/bin/../lib/gcc/riscv-none-embed/8.2.0/../../../../riscv-none-embed/lib/rv32imac/ilp32\libg_nano.a(lib_a-makebuf.o)
                0x00000000000040ca                __swhatbuf_r
 .text.__smakebuf_r
                0x0000000000004124       0x9e c:/mounriver/mounriver_studio/toolchain/risc-v embedded gcc/bin/../lib/gcc/riscv-none-embed/8.2.0/../../../../riscv-none-embed/lib/rv32imac/ilp32\libg_nano.a(lib_a-makebuf.o)
                0x0000000000004124                __smakebuf_r
 .text._free_r  0x00000000000041c2       0xa8 c:/mounriver/mounriver_studio/toolchain/risc-v embedded gcc/bin/../lib/gcc/riscv-none-embed/8.2.0/../../../../riscv-none-embed/lib/rv32imac/ilp32\libg_nano.a(lib_a-nano-freer.o)
                0x00000000000041c2                _free_r
 .text._malloc_r
                0x000000000000426a       0xd4 c:/mounriver/mounriver_studio/toolchain/risc-v embedded gcc/bin/../lib/gcc/riscv-none-embed/8.2.0/../../../../riscv-none-embed/lib/rv32imac/ilp32\libg_nano.a(lib_a-nano-mallocr.o)
                0x000000000000426a                _malloc_r
 .text.__sfputc_r
                0x000000000000433e       0x2a c:/mounriver/mounriver_studio/toolchain/risc-v embedded gcc/bin/../lib/gcc/riscv-none-embed/8.2.0/../../../../riscv-none-embed/lib/rv32imac/ilp32\libg_nano.a(lib_a-nano-vfprintf.o)
 .text.__sfputs_r
                0x0000000000004368       0x42 c:/mounriver/mounriver_studio/toolchain/risc-v embedded gcc/bin/../lib/gcc/riscv-none-embed/8.2.0/../../../../riscv-none-embed/lib/rv32imac/ilp32\libg_nano.a(lib_a-nano-vfprintf.o)
                0x0000000000004368                __sfputs_r
 .text._vfprintf_r
                0x00000000000043aa      0x29c c:/mounriver/mounriver_studio/toolchain/risc-v embedded gcc/bin/../lib/gcc/riscv-none-embed/8.2.0/../../../../riscv-none-embed/lib/rv32imac/ilp32\libg_nano.a(lib_a-nano-vfprintf.o)
                0x00000000000043aa                _vfprintf_r
                0x00000000000043aa                _vfiprintf_r
 .text._printf_common
                0x0000000000004646      0x10c c:/mounriver/mounriver_studio/toolchain/risc-v embedded gcc/bin/../lib/gcc/riscv-none-embed/8.2.0/../../../../riscv-none-embed/lib/rv32imac/ilp32\libg_nano.a(lib_a-nano-vfprintf_i.o)
                0x0000000000004646                _printf_common
 .text._printf_i
                0x0000000000004752      0x2aa c:/mounriver/mounriver_studio/toolchain/risc-v embedded gcc/bin/../lib/gcc/riscv-none-embed/8.2.0/../../../../riscv-none-embed/lib/rv32imac/ilp32\libg_nano.a(lib_a-nano-vfprintf_i.o)
                0x0000000000004752                _printf_i
 .text._sbrk_r  0x00000000000049fc       0x28 c:/mounriver/mounriver_studio/toolchain/risc-v embedded gcc/bin/../lib/gcc/riscv-none-embed/8.2.0/../../../../riscv-none-embed/lib/rv32imac/ilp32\libg_nano.a(lib_a-sbrkr.o)
                0x00000000000049fc                _sbrk_r
 .text.__sread  0x0000000000004a24       0x30 c:/mounriver/mounriver_studio/toolchain/risc-v embedded gcc/bin/../lib/gcc/riscv-none-embed/8.2.0/../../../../riscv-none-embed/lib/rv32imac/ilp32\libg_nano.a(lib_a-stdio.o)
                0x0000000000004a24                __sread
 .text.__swrite
                0x0000000000004a54       0x4e c:/mounriver/mounriver_studio/toolchain/risc-v embedded gcc/bin/../lib/gcc/riscv-none-embed/8.2.0/../../../../riscv-none-embed/lib/rv32imac/ilp32\libg_nano.a(lib_a-stdio.o)
                0x0000000000004a54                __swrite
 .text.__sseek  0x0000000000004aa2       0x36 c:/mounriver/mounriver_studio/toolchain/risc-v embedded gcc/bin/../lib/gcc/riscv-none-embed/8.2.0/../../../../riscv-none-embed/lib/rv32imac/ilp32\libg_nano.a(lib_a-stdio.o)
                0x0000000000004aa2                __sseek
 .text.__sclose
                0x0000000000004ad8        0x6 c:/mounriver/mounriver_studio/toolchain/risc-v embedded gcc/bin/../lib/gcc/riscv-none-embed/8.2.0/../../../../riscv-none-embed/lib/rv32imac/ilp32\libg_nano.a(lib_a-stdio.o)
                0x0000000000004ad8                __sclose
 .text._write_r
                0x0000000000004ade       0x2e c:/mounriver/mounriver_studio/toolchain/risc-v embedded gcc/bin/../lib/gcc/riscv-none-embed/8.2.0/../../../../riscv-none-embed/lib/rv32imac/ilp32\libg_nano.a(lib_a-writer.o)
                0x0000000000004ade                _write_r
 .text._close_r
                0x0000000000004b0c       0x28 c:/mounriver/mounriver_studio/toolchain/risc-v embedded gcc/bin/../lib/gcc/riscv-none-embed/8.2.0/../../../../riscv-none-embed/lib/rv32imac/ilp32\libg_nano.a(lib_a-closer.o)
                0x0000000000004b0c                _close_r
 .text._fstat_r
                0x0000000000004b34       0x2a c:/mounriver/mounriver_studio/toolchain/risc-v embedded gcc/bin/../lib/gcc/riscv-none-embed/8.2.0/../../../../riscv-none-embed/lib/rv32imac/ilp32\libg_nano.a(lib_a-fstatr.o)
                0x0000000000004b34                _fstat_r
 .text._isatty_r
                0x0000000000004b5e       0x28 c:/mounriver/mounriver_studio/toolchain/risc-v embedded gcc/bin/../lib/gcc/riscv-none-embed/8.2.0/../../../../riscv-none-embed/lib/rv32imac/ilp32\libg_nano.a(lib_a-isattyr.o)
                0x0000000000004b5e                _isatty_r
 .text._lseek_r
                0x0000000000004b86       0x2c c:/mounriver/mounriver_studio/toolchain/risc-v embedded gcc/bin/../lib/gcc/riscv-none-embed/8.2.0/../../../../riscv-none-embed/lib/rv32imac/ilp32\libg_nano.a(lib_a-lseekr.o)
                0x0000000000004b86                _lseek_r
 .text.memchr   0x0000000000004bb2       0x1a c:/mounriver/mounriver_studio/toolchain/risc-v embedded gcc/bin/../lib/gcc/riscv-none-embed/8.2.0/../../../../riscv-none-embed/lib/rv32imac/ilp32\libg_nano.a(lib_a-memchr.o)
                0x0000000000004bb2                memchr
 .text.__malloc_lock
                0x0000000000004bcc        0x2 c:/mounriver/mounriver_studio/toolchain/risc-v embedded gcc/bin/../lib/gcc/riscv-none-embed/8.2.0/../../../../riscv-none-embed/lib/rv32imac/ilp32\libg_nano.a(lib_a-mlock.o)
                0x0000000000004bcc                __malloc_lock
 .text.__malloc_unlock
                0x0000000000004bce        0x2 c:/mounriver/mounriver_studio/toolchain/risc-v embedded gcc/bin/../lib/gcc/riscv-none-embed/8.2.0/../../../../riscv-none-embed/lib/rv32imac/ilp32\libg_nano.a(lib_a-mlock.o)
                0x0000000000004bce                __malloc_unlock
 .text._read_r  0x0000000000004bd0       0x2c c:/mounriver/mounriver_studio/toolchain/risc-v embedded gcc/bin/../lib/gcc/riscv-none-embed/8.2.0/../../../../riscv-none-embed/lib/rv32imac/ilp32\libg_nano.a(lib_a-readr.o)
                0x0000000000004bd0                _read_r
 .text._close   0x0000000000004bfc        0xc c:/mounriver/mounriver_studio/toolchain/risc-v embedded gcc/bin/../lib/gcc/riscv-none-embed/8.2.0/../../../../riscv-none-embed/lib/rv32imac/ilp32\libnosys.a(close.o)
                0x0000000000004bfc                _close
 .text._fstat   0x0000000000004c08        0xc c:/mounriver/mounriver_studio/toolchain/risc-v embedded gcc/bin/../lib/gcc/riscv-none-embed/8.2.0/../../../../riscv-none-embed/lib/rv32imac/ilp32\libnosys.a(fstat.o)
                0x0000000000004c08                _fstat
 .text._isatty  0x0000000000004c14        0xc c:/mounriver/mounriver_studio/toolchain/risc-v embedded gcc/bin/../lib/gcc/riscv-none-embed/8.2.0/../../../../riscv-none-embed/lib/rv32imac/ilp32\libnosys.a(isatty.o)
                0x0000000000004c14                _isatty
 .text._lseek   0x0000000000004c20        0xc c:/mounriver/mounriver_studio/toolchain/risc-v embedded gcc/bin/../lib/gcc/riscv-none-embed/8.2.0/../../../../riscv-none-embed/lib/rv32imac/ilp32\libnosys.a(lseek.o)
                0x0000000000004c20                _lseek
 .text._read    0x0000000000004c2c        0xc c:/mounriver/mounriver_studio/toolchain/risc-v embedded gcc/bin/../lib/gcc/riscv-none-embed/8.2.0/../../../../riscv-none-embed/lib/rv32imac/ilp32\libnosys.a(read.o)
                0x0000000000004c2c                _read
 .text._sbrk    0x0000000000004c38       0x20 c:/mounriver/mounriver_studio/toolchain/risc-v embedded gcc/bin/../lib/gcc/riscv-none-embed/8.2.0/../../../../riscv-none-embed/lib/rv32imac/ilp32\libnosys.a(sbrk.o)
                0x0000000000004c38                _sbrk
 *(.rodata)
 .rodata        0x0000000000004c58      0x10f ./zf_device/zf_device_bluetooth_ch9141.o
 *fill*         0x0000000000004d67        0x1 
 .rodata        0x0000000000004d68        0xb ./user_c/isr.o
 *fill*         0x0000000000004d73        0x1 
 .rodata        0x0000000000004d74       0x41 ./sdk/Peripheral/ch32v30x_usbotg_device.o
 *(.rodata*)
 *fill*         0x0000000000004db5        0x3 
 .rodata.gpio_group
                0x0000000000004db8       0x14 ./zf_driver/zf_driver_gpio.o
                0x0000000000004db8                gpio_group
 .rodata.uart_index
                0x0000000000004dcc       0x20 ./zf_driver/zf_driver_uart.o
                0x0000000000004dcc                uart_index
 .rodata.MyDevDescrHD
                0x0000000000004dec       0x12 ./sdk/Peripheral/ch32v30x_usbotg_device.o
                0x0000000000004dec                MyDevDescrHD
 *fill*         0x0000000000004dfe        0x2 
 .rodata.MyCfgDescrHD
                0x0000000000004e00       0x43 ./sdk/Peripheral/ch32v30x_usbotg_device.o
                0x0000000000004e00                MyCfgDescrHD
 *fill*         0x0000000000004e43        0x1 
 .rodata.MyReportDescHD
                0x0000000000004e44       0x14 ./sdk/Peripheral/ch32v30x_usbotg_device.o
                0x0000000000004e44                MyReportDescHD
 .rodata.MyManuInfoHD
                0x0000000000004e58        0xe ./sdk/Peripheral/ch32v30x_usbotg_device.o
                0x0000000000004e58                MyManuInfoHD
 *fill*         0x0000000000004e66        0x2 
 .rodata.MyProdInfoHD
                0x0000000000004e68        0xc ./sdk/Peripheral/ch32v30x_usbotg_device.o
                0x0000000000004e68                MyProdInfoHD
 .rodata.MySerNumInfoHD
                0x0000000000004e74       0x16 ./sdk/Peripheral/ch32v30x_usbotg_device.o
                0x0000000000004e74                MySerNumInfoHD
 *fill*         0x0000000000004e8a        0x2 
 .rodata.MyUSBQUADescHD
                0x0000000000004e8c        0xa ./sdk/Peripheral/ch32v30x_usbotg_device.o
                0x0000000000004e8c                MyUSBQUADescHD
 *fill*         0x0000000000004e96        0x2 
 .rodata.OTG_FS_IRQHandler
                0x0000000000004e98       0xbc ./sdk/Peripheral/ch32v30x_usbotg_device.o
 .rodata.__sf_fake_stderr
                0x0000000000004f54       0x20 c:/mounriver/mounriver_studio/toolchain/risc-v embedded gcc/bin/../lib/gcc/riscv-none-embed/8.2.0/../../../../riscv-none-embed/lib/rv32imac/ilp32\libg_nano.a(lib_a-findfp.o)
                0x0000000000004f54                __sf_fake_stderr
 .rodata.__sf_fake_stdin
                0x0000000000004f74       0x20 c:/mounriver/mounriver_studio/toolchain/risc-v embedded gcc/bin/../lib/gcc/riscv-none-embed/8.2.0/../../../../riscv-none-embed/lib/rv32imac/ilp32\libg_nano.a(lib_a-findfp.o)
                0x0000000000004f74                __sf_fake_stdin
 .rodata.__sf_fake_stdout
                0x0000000000004f94       0x20 c:/mounriver/mounriver_studio/toolchain/risc-v embedded gcc/bin/../lib/gcc/riscv-none-embed/8.2.0/../../../../riscv-none-embed/lib/rv32imac/ilp32\libg_nano.a(lib_a-findfp.o)
                0x0000000000004f94                __sf_fake_stdout
 .rodata._vfprintf_r.str1.4
                0x0000000000004fb4       0x13 c:/mounriver/mounriver_studio/toolchain/risc-v embedded gcc/bin/../lib/gcc/riscv-none-embed/8.2.0/../../../../riscv-none-embed/lib/rv32imac/ilp32\libg_nano.a(lib_a-nano-vfprintf.o)
 *fill*         0x0000000000004fc7        0x1 
 .rodata._printf_i.str1.4
                0x0000000000004fc8       0x28 c:/mounriver/mounriver_studio/toolchain/risc-v embedded gcc/bin/../lib/gcc/riscv-none-embed/8.2.0/../../../../riscv-none-embed/lib/rv32imac/ilp32\libg_nano.a(lib_a-nano-vfprintf_i.o)
                                         0x25 (size before relaxing)
 *(.glue_7)
 *(.glue_7t)
 *(.gnu.linkonce.t.*)
                0x0000000000004ff0                . = ALIGN (0x4)

.rela.dyn       0x0000000000004ff0        0x0
 .rela.init     0x0000000000004ff0        0x0 ./zf_driver/zf_driver_delay.o
 .rela.vector   0x0000000000004ff0        0x0 ./zf_driver/zf_driver_delay.o
 .rela.text.handle_reset
                0x0000000000004ff0        0x0 ./zf_driver/zf_driver_delay.o
 .rela.text._vfprintf_r
                0x0000000000004ff0        0x0 ./zf_driver/zf_driver_delay.o
 .rela.text._sbrk_r
                0x0000000000004ff0        0x0 ./zf_driver/zf_driver_delay.o
 .rela.text._write_r
                0x0000000000004ff0        0x0 ./zf_driver/zf_driver_delay.o
 .rela.text._close_r
                0x0000000000004ff0        0x0 ./zf_driver/zf_driver_delay.o
 .rela.text._fstat_r
                0x0000000000004ff0        0x0 ./zf_driver/zf_driver_delay.o
 .rela.text._isatty_r
                0x0000000000004ff0        0x0 ./zf_driver/zf_driver_delay.o
 .rela.text._lseek_r
                0x0000000000004ff0        0x0 ./zf_driver/zf_driver_delay.o
 .rela.text._read_r
                0x0000000000004ff0        0x0 ./zf_driver/zf_driver_delay.o
 .rela.text._close
                0x0000000000004ff0        0x0 ./zf_driver/zf_driver_delay.o
 .rela.text._fstat
                0x0000000000004ff0        0x0 ./zf_driver/zf_driver_delay.o
 .rela.text._isatty
                0x0000000000004ff0        0x0 ./zf_driver/zf_driver_delay.o
 .rela.text._lseek
                0x0000000000004ff0        0x0 ./zf_driver/zf_driver_delay.o
 .rela.text._read
                0x0000000000004ff0        0x0 ./zf_driver/zf_driver_delay.o
 .rela.text._sbrk
                0x0000000000004ff0        0x0 ./zf_driver/zf_driver_delay.o

.fini           0x0000000000004ff0        0x0
 *(SORT_NONE(.fini))
                0x0000000000004ff0                . = ALIGN (0x4)
                [!provide]                        PROVIDE (_etext = .)
                [!provide]                        PROVIDE (_eitcm = .)

.preinit_array  0x0000000000004ff0        0x0
                [!provide]                        PROVIDE (__preinit_array_start = .)
 *(.preinit_array)
                [!provide]                        PROVIDE (__preinit_array_end = .)

.init_array     0x0000000000004ff0        0x0
                [!provide]                        PROVIDE (__init_array_start = .)
 *(SORT_BY_INIT_PRIORITY(.init_array.*) SORT_BY_INIT_PRIORITY(.ctors.*))
 *(.init_array EXCLUDE_FILE(*crtend?.o *crtend.o *crtbegin?.o *crtbegin.o) .ctors)
                [!provide]                        PROVIDE (__init_array_end = .)

.fini_array     0x0000000000004ff0        0x0
                [!provide]                        PROVIDE (__fini_array_start = .)
 *(SORT_BY_INIT_PRIORITY(.fini_array.*) SORT_BY_INIT_PRIORITY(.dtors.*))
 *(.fini_array EXCLUDE_FILE(*crtend?.o *crtend.o *crtbegin?.o *crtbegin.o) .dtors)
                [!provide]                        PROVIDE (__fini_array_end = .)

.ctors
 *crtbegin.o(.ctors)
 *crtbegin?.o(.ctors)
 *(EXCLUDE_FILE(*crtend?.o *crtend.o) .ctors)
 *(SORT_BY_NAME(.ctors.*))
 *(.ctors)

.dtors
 *crtbegin.o(.dtors)
 *crtbegin?.o(.dtors)
 *(EXCLUDE_FILE(*crtend?.o *crtend.o) .dtors)
 *(SORT_BY_NAME(.dtors.*))
 *(.dtors)

.dalign         0x0000000020000000        0x0 load address 0x0000000000004ff0
                0x0000000020000000                . = ALIGN (0x4)
                0x0000000020000000                PROVIDE (_data_vma = .)

.dlalign        0x0000000000004ff0        0x0
                0x0000000000004ff0                . = ALIGN (0x4)
                0x0000000000004ff0                PROVIDE (_data_lma = .)

.data           0x0000000020000000      0x120 load address 0x0000000000004ff0
 *(.gnu.linkonce.r.*)
 *(.data .data.*)
 .data.bluetooth_ch9141
                0x0000000020000000       0x1c ./zf_device/zf_device_bluetooth_ch9141.o
                0x0000000020000000                bluetooth_ch9141
 .data.wireless_device_info
                0x000000002000001c       0x28 ./zf_device/zf_device_wireless_uart.o
                0x000000002000001c                wireless_device_info
 .data.APBAHBPrescTable
                0x0000000020000044       0x10 ./sdk/Peripheral/ch32v30x_rcc.o
 .data.TAB_USB_FS_OSC_DESC
                0x0000000020000054       0x43 ./sdk/Peripheral/ch32v30x_usbotg_device.o
                0x0000000020000054                TAB_USB_FS_OSC_DESC
 *fill*         0x0000000020000097        0x1 
 .data.impure_data
                0x0000000020000098       0x60 c:/mounriver/mounriver_studio/toolchain/risc-v embedded gcc/bin/../lib/gcc/riscv-none-embed/8.2.0/../../../../riscv-none-embed/lib/rv32imac/ilp32\libg_nano.a(lib_a-impure.o)
 *(.gnu.linkonce.d.*)
                0x00000000200000f8                . = ALIGN (0x8)
                0x00000000200008f8                PROVIDE (__global_pointer$ = (. + 0x800))
 *(.sdata .sdata.*)
 .sdata.image_use_flag
                0x00000000200000f8        0x1 ./zf_device/zf_device_mt9v03x_dvp.o
                0x00000000200000f8                image_use_flag
 .sdata.old_image_use_flag
                0x00000000200000f9        0x1 ./zf_device/zf_device_mt9v03x_dvp.o
                0x00000000200000f9                old_image_use_flag
 *fill*         0x00000000200000fa        0x2 
 .sdata.ADCPrescTable
                0x00000000200000fc        0x4 ./sdk/Peripheral/ch32v30x_rcc.o
 .sdata.USBHD_Dev_Speed
                0x0000000020000100        0x1 ./sdk/Peripheral/ch32v30x_usbotg_device.o
                0x0000000020000100                USBHD_Dev_Speed
 *fill*         0x0000000020000101        0x3 
 .sdata.LineCoding
                0x0000000020000104        0x7 ./sdk/Peripheral/ch32v30x_usbotg_device.o
                0x0000000020000104                LineCoding
 *fill*         0x000000002000010b        0x1 
 .sdata._impure_ptr
                0x000000002000010c        0x4 c:/mounriver/mounriver_studio/toolchain/risc-v embedded gcc/bin/../lib/gcc/riscv-none-embed/8.2.0/../../../../riscv-none-embed/lib/rv32imac/ilp32\libg_nano.a(lib_a-impure.o)
                0x000000002000010c                _impure_ptr
 *(.sdata2.*)
 .sdata2.uart_irq
                0x0000000020000110        0x8 ./zf_driver/zf_driver_uart.o
                0x0000000020000110                uart_irq
 .sdata2.MyLangDescrHD
                0x0000000020000118        0x4 ./sdk/Peripheral/ch32v30x_usbotg_device.o
                0x0000000020000118                MyLangDescrHD
 .sdata2._global_impure_ptr
                0x000000002000011c        0x4 c:/mounriver/mounriver_studio/toolchain/risc-v embedded gcc/bin/../lib/gcc/riscv-none-embed/8.2.0/../../../../riscv-none-embed/lib/rv32imac/ilp32\libg_nano.a(lib_a-impure.o)
                0x000000002000011c                _global_impure_ptr
 *(.gnu.linkonce.s.*)
                0x0000000020000120                . = ALIGN (0x8)
 *(.srodata.cst16)
 *(.srodata.cst8)
 *(.srodata.cst4)
 *(.srodata.cst2)
 *(.srodata .srodata.*)
                0x0000000020000120                . = ALIGN (0x4)
                0x0000000020000120                PROVIDE (_edata = .)

.bss            0x0000000020000120       0x84 load address 0x0000000000005110
                0x0000000020000120                . = ALIGN (0x4)
                0x0000000020000120                PROVIDE (_sbss = .)
 *(.sbss*)
 .sbss.uart_flag
                0x0000000020000120        0x1 ./zf_device/zf_device_bluetooth_ch9141.o
                0x0000000020000120                uart_flag
 .sbss.uart_data
                0x0000000020000121        0x1 ./zf_device/zf_device_bluetooth_ch9141.o
                0x0000000020000121                uart_data
 .sbss.at_mode  0x0000000020000122        0x1 ./zf_device/zf_device_bluetooth_ch9141.o
                0x0000000020000122                at_mode
 .sbss.at_mode_num
                0x0000000020000123        0x1 ./zf_device/zf_device_bluetooth_ch9141.o
                0x0000000020000123                at_mode_num
 .sbss.at_mode_cmd_flag
                0x0000000020000124        0x1 ./zf_device/zf_device_bluetooth_ch9141.o
                0x0000000020000124                at_mode_cmd_flag
 *fill*         0x0000000020000125        0x3 
 .sbss.camera_buffer_addr
                0x0000000020000128        0x4 ./zf_device/zf_device_mt9v03x_dvp.o
                0x0000000020000128                camera_buffer_addr
 .sbss.camera_buffer_addr2
                0x000000002000012c        0x4 ./zf_device/zf_device_mt9v03x_dvp.o
                0x000000002000012c                camera_buffer_addr2
 .sbss.image_fire
                0x0000000020000130        0x4 ./zf_device/zf_device_mt9v03x_dvp.o
                0x0000000020000130                image_fire
 .sbss.mt9v03x_finish_flag_dvp
                0x0000000020000134        0x1 ./zf_device/zf_device_mt9v03x_dvp.o
                0x0000000020000134                mt9v03x_finish_flag_dvp
 *fill*         0x0000000020000135        0x3 
 .sbss.receive_dvp
                0x0000000020000138        0x3 ./zf_device/zf_device_mt9v03x_dvp.o
 .sbss.receive_num_dvp
                0x000000002000013b        0x1 ./zf_device/zf_device_mt9v03x_dvp.o
 .sbss.uart_receive_flag_dvp
                0x000000002000013c        0x1 ./zf_device/zf_device_mt9v03x_dvp.o
 .sbss.camera_flag
                0x000000002000013d        0x1 ./zf_device/zf_device_mt9v03x_dvp.o
                0x000000002000013d                camera_flag
 *fill*         0x000000002000013e        0x2 
 .sbss.camera_type
                0x0000000020000140        0x4 ./zf_device/zf_device_type.o
                0x0000000020000140                camera_type
 .sbss.wireless_type
                0x0000000020000144        0x4 ./zf_device/zf_device_type.o
                0x0000000020000144                wireless_type
 .sbss.wireless_rx_buffer
                0x0000000020000148        0x2 ./zf_device/zf_device_wireless_uart.o
                0x0000000020000148                wireless_rx_buffer
 *fill*         0x000000002000014a        0x2 
 .sbss.system_clock
                0x000000002000014c        0x4 ./zf_common/zf_common_clock.o
                0x000000002000014c                system_clock
 .sbss.zf_debug_init_flag
                0x0000000020000150        0x1 ./zf_common/zf_common_debug.o
                0x0000000020000150                zf_debug_init_flag
 *fill*         0x0000000020000151        0x3 
 .sbss.EP0_DatabufHD
                0x0000000020000154        0x8 ./sdk/Peripheral/ch32v30x_usbotg_device.o
                0x0000000020000154                EP0_DatabufHD
 .sbss.pEP0_RAM_Addr
                0x000000002000015c        0x4 ./sdk/Peripheral/ch32v30x_usbotg_device.o
                0x000000002000015c                pEP0_RAM_Addr
 .sbss.pEP1_RAM_Addr
                0x0000000020000160        0x4 ./sdk/Peripheral/ch32v30x_usbotg_device.o
                0x0000000020000160                pEP1_RAM_Addr
 .sbss.pEP2_RAM_Addr
                0x0000000020000164        0x4 ./sdk/Peripheral/ch32v30x_usbotg_device.o
                0x0000000020000164                pEP2_RAM_Addr
 .sbss.pDescr   0x0000000020000168        0x4 ./sdk/Peripheral/ch32v30x_usbotg_device.o
                0x0000000020000168                pDescr
 .sbss.USBHD_Dev_SetupReqLen
                0x000000002000016c        0x2 ./sdk/Peripheral/ch32v30x_usbotg_device.o
                0x000000002000016c                USBHD_Dev_SetupReqLen
 .sbss.USBHD_Dev_SleepStatus
                0x000000002000016e        0x1 ./sdk/Peripheral/ch32v30x_usbotg_device.o
                0x000000002000016e                USBHD_Dev_SleepStatus
 .sbss.DevConfig
                0x000000002000016f        0x1 ./sdk/Peripheral/ch32v30x_usbotg_device.o
                0x000000002000016f                DevConfig
 .sbss.SetupReqCode
                0x0000000020000170        0x1 ./sdk/Peripheral/ch32v30x_usbotg_device.o
                0x0000000020000170                SetupReqCode
 *fill*         0x0000000020000171        0x1 
 .sbss.SetupReqLen
                0x0000000020000172        0x2 ./sdk/Peripheral/ch32v30x_usbotg_device.o
                0x0000000020000172                SetupReqLen
 .sbss.__malloc_free_list
                0x0000000020000174        0x4 c:/mounriver/mounriver_studio/toolchain/risc-v embedded gcc/bin/../lib/gcc/riscv-none-embed/8.2.0/../../../../riscv-none-embed/lib/rv32imac/ilp32\libg_nano.a(lib_a-nano-mallocr.o)
                0x0000000020000174                __malloc_free_list
 .sbss.__malloc_sbrk_start
                0x0000000020000178        0x4 c:/mounriver/mounriver_studio/toolchain/risc-v embedded gcc/bin/../lib/gcc/riscv-none-embed/8.2.0/../../../../riscv-none-embed/lib/rv32imac/ilp32\libg_nano.a(lib_a-nano-mallocr.o)
                0x0000000020000178                __malloc_sbrk_start
 .sbss.heap_end.1518
                0x000000002000017c        0x4 c:/mounriver/mounriver_studio/toolchain/risc-v embedded gcc/bin/../lib/gcc/riscv-none-embed/8.2.0/../../../../riscv-none-embed/lib/rv32imac/ilp32\libnosys.a(sbrk.o)
 *(.gnu.linkonce.sb.*)
 *(.bss*)
 .bss.at_mode_data
                0x0000000020000180       0x1e ./zf_device/zf_device_bluetooth_ch9141.o
                0x0000000020000180                at_mode_data
 *(.gnu.linkonce.b.*)
 *(COMMON*)
 *fill*         0x000000002000019e        0x2 
 COMMON         0x00000000200001a0        0x4 c:/mounriver/mounriver_studio/toolchain/risc-v embedded gcc/bin/../lib/gcc/riscv-none-embed/8.2.0/../../../../riscv-none-embed/lib/rv32imac/ilp32\libg_nano.a(lib_a-reent.o)
                0x00000000200001a0                errno
                0x00000000200001a4                . = ALIGN (0x4)
                0x00000000200001a4                PROVIDE (_ebss = .)
                [!provide]                        PROVIDE (_end = _ebss)
                0x00000000200001a4                PROVIDE (end = .)

.stack          0x000000002000f800      0x800
                0x000000002000f800                . = ALIGN (0x4)
                [!provide]                        PROVIDE (_susrstack = .)
                0x0000000020010000                . = (. + __stack_size)
 *fill*         0x000000002000f800      0x800 
                0x0000000020010000                PROVIDE (_eusrstack = .)
OUTPUT(camera.elf elf32-littleriscv)

.debug_info     0x0000000000000000    0x110ca
 .debug_info    0x0000000000000000      0x141 ./zf_driver/zf_driver_delay.o
 .debug_info    0x0000000000000141      0x5b5 ./zf_driver/zf_driver_gpio.o
 .debug_info    0x00000000000006f6       0x26 ./zf_driver/zf_driver_irq.o
 .debug_info    0x000000000000071c     0x16a7 ./zf_driver/zf_driver_uart.o
 .debug_info    0x0000000000001dc3     0x1627 ./zf_device/zf_device_bluetooth_ch9141.o
 .debug_info    0x00000000000033ea      0xb26 ./zf_device/zf_device_camera.o
 .debug_info    0x0000000000003f10     0x13e9 ./zf_device/zf_device_mt9v03x_dvp.o
 .debug_info    0x00000000000052f9      0x10f ./zf_device/zf_device_type.o
 .debug_info    0x0000000000005408     0x100e ./zf_device/zf_device_wireless_uart.o
 .debug_info    0x0000000000006416      0xbd2 ./zf_common/zf_common_clock.o
 .debug_info    0x0000000000006fe8      0xd67 ./zf_common/zf_common_debug.o
 .debug_info    0x0000000000007d4f      0x6a7 ./zf_common/zf_common_interrupt.o
 .debug_info    0x00000000000083f6     0x1a16 ./user_c/isr.o
 .debug_info    0x0000000000009e0c     0x165c ./user_c/main.o
 .debug_info    0x000000000000b468       0x22 ./sdk/Startup/startup_ch32v30x.o
 .debug_info    0x000000000000b48a      0x337 ./sdk/Startup/system_ch32v30x.o
 .debug_info    0x000000000000b7c1      0x35f ./sdk/Peripheral/ch32v30x_exti.o
 .debug_info    0x000000000000bb20      0x71b ./sdk/Peripheral/ch32v30x_gpio.o
 .debug_info    0x000000000000c23b      0xc6a ./sdk/Peripheral/ch32v30x_rcc.o
 .debug_info    0x000000000000cea5     0x1dde ./sdk/Peripheral/ch32v30x_tim.o
 .debug_info    0x000000000000ec83      0xa4e ./sdk/Peripheral/ch32v30x_usart.o
 .debug_info    0x000000000000f6d1     0x13b9 ./sdk/Peripheral/ch32v30x_usbotg_device.o
 .debug_info    0x0000000000010a8a      0x640 ./sdk/Core/core_riscv.o

.debug_abbrev   0x0000000000000000     0x2a4f
 .debug_abbrev  0x0000000000000000       0xbe ./zf_driver/zf_driver_delay.o
 .debug_abbrev  0x00000000000000be      0x1ac ./zf_driver/zf_driver_gpio.o
 .debug_abbrev  0x000000000000026a       0x14 ./zf_driver/zf_driver_irq.o
 .debug_abbrev  0x000000000000027e      0x2e9 ./zf_driver/zf_driver_uart.o
 .debug_abbrev  0x0000000000000567      0x2e6 ./zf_device/zf_device_bluetooth_ch9141.o
 .debug_abbrev  0x000000000000084d      0x20a ./zf_device/zf_device_camera.o
 .debug_abbrev  0x0000000000000a57      0x323 ./zf_device/zf_device_mt9v03x_dvp.o
 .debug_abbrev  0x0000000000000d7a       0xb3 ./zf_device/zf_device_type.o
 .debug_abbrev  0x0000000000000e2d      0x2a0 ./zf_device/zf_device_wireless_uart.o
 .debug_abbrev  0x00000000000010cd      0x278 ./zf_common/zf_common_clock.o
 .debug_abbrev  0x0000000000001345      0x2c7 ./zf_common/zf_common_debug.o
 .debug_abbrev  0x000000000000160c      0x19c ./zf_common/zf_common_interrupt.o
 .debug_abbrev  0x00000000000017a8      0x263 ./user_c/isr.o
 .debug_abbrev  0x0000000000001a0b      0x22b ./user_c/main.o
 .debug_abbrev  0x0000000000001c36       0x12 ./sdk/Startup/startup_ch32v30x.o
 .debug_abbrev  0x0000000000001c48      0x18e ./sdk/Startup/system_ch32v30x.o
 .debug_abbrev  0x0000000000001dd6      0x157 ./sdk/Peripheral/ch32v30x_exti.o
 .debug_abbrev  0x0000000000001f2d      0x1da ./sdk/Peripheral/ch32v30x_gpio.o
 .debug_abbrev  0x0000000000002107      0x202 ./sdk/Peripheral/ch32v30x_rcc.o
 .debug_abbrev  0x0000000000002309      0x1dc ./sdk/Peripheral/ch32v30x_tim.o
 .debug_abbrev  0x00000000000024e5      0x1b1 ./sdk/Peripheral/ch32v30x_usart.o
 .debug_abbrev  0x0000000000002696      0x2ac ./sdk/Peripheral/ch32v30x_usbotg_device.o
 .debug_abbrev  0x0000000000002942      0x10d ./sdk/Core/core_riscv.o

.debug_aranges  0x0000000000000000      0xd08
 .debug_aranges
                0x0000000000000000       0x20 ./zf_driver/zf_driver_delay.o
 .debug_aranges
                0x0000000000000020       0x38 ./zf_driver/zf_driver_gpio.o
 .debug_aranges
                0x0000000000000058       0x20 ./zf_driver/zf_driver_irq.o
 .debug_aranges
                0x0000000000000078       0x68 ./zf_driver/zf_driver_uart.o
 .debug_aranges
                0x00000000000000e0       0xb8 ./zf_device/zf_device_bluetooth_ch9141.o
 .debug_aranges
                0x0000000000000198       0x38 ./zf_device/zf_device_camera.o
 .debug_aranges
                0x00000000000001d0       0x58 ./zf_device/zf_device_mt9v03x_dvp.o
 .debug_aranges
                0x0000000000000228       0x28 ./zf_device/zf_device_type.o
 .debug_aranges
                0x0000000000000250       0x38 ./zf_device/zf_device_wireless_uart.o
 .debug_aranges
                0x0000000000000288       0x30 ./zf_common/zf_common_clock.o
 .debug_aranges
                0x00000000000002b8       0x50 ./zf_common/zf_common_debug.o
 .debug_aranges
                0x0000000000000308       0x60 ./zf_common/zf_common_interrupt.o
 .debug_aranges
                0x0000000000000368       0xf8 ./user_c/isr.o
 .debug_aranges
                0x0000000000000460       0x20 ./user_c/main.o
 .debug_aranges
                0x0000000000000480       0x30 ./sdk/Startup/startup_ch32v30x.o
 .debug_aranges
                0x00000000000004b0       0x38 ./sdk/Startup/system_ch32v30x.o
 .debug_aranges
                0x00000000000004e8       0x58 ./sdk/Peripheral/ch32v30x_exti.o
 .debug_aranges
                0x0000000000000540       0xa8 ./sdk/Peripheral/ch32v30x_gpio.o
 .debug_aranges
                0x00000000000005e8      0x1a8 ./sdk/Peripheral/ch32v30x_rcc.o
 .debug_aranges
                0x0000000000000790      0x2f0 ./sdk/Peripheral/ch32v30x_tim.o
 .debug_aranges
                0x0000000000000a80      0x100 ./sdk/Peripheral/ch32v30x_usart.o
 .debug_aranges
                0x0000000000000b80       0x50 ./sdk/Peripheral/ch32v30x_usbotg_device.o
 .debug_aranges
                0x0000000000000bd0      0x138 ./sdk/Core/core_riscv.o

.debug_ranges   0x0000000000000000      0xb90
 .debug_ranges  0x0000000000000000       0x10 ./zf_driver/zf_driver_delay.o
 .debug_ranges  0x0000000000000010       0x28 ./zf_driver/zf_driver_gpio.o
 .debug_ranges  0x0000000000000038       0x58 ./zf_driver/zf_driver_uart.o
 .debug_ranges  0x0000000000000090       0xa8 ./zf_device/zf_device_bluetooth_ch9141.o
 .debug_ranges  0x0000000000000138       0x28 ./zf_device/zf_device_camera.o
 .debug_ranges  0x0000000000000160       0x48 ./zf_device/zf_device_mt9v03x_dvp.o
 .debug_ranges  0x00000000000001a8       0x18 ./zf_device/zf_device_type.o
 .debug_ranges  0x00000000000001c0       0x28 ./zf_device/zf_device_wireless_uart.o
 .debug_ranges  0x00000000000001e8       0x20 ./zf_common/zf_common_clock.o
 .debug_ranges  0x0000000000000208       0x40 ./zf_common/zf_common_debug.o
 .debug_ranges  0x0000000000000248       0x50 ./zf_common/zf_common_interrupt.o
 .debug_ranges  0x0000000000000298       0xe8 ./user_c/isr.o
 .debug_ranges  0x0000000000000380       0x10 ./user_c/main.o
 .debug_ranges  0x0000000000000390       0x28 ./sdk/Startup/startup_ch32v30x.o
 .debug_ranges  0x00000000000003b8       0x28 ./sdk/Startup/system_ch32v30x.o
 .debug_ranges  0x00000000000003e0       0x48 ./sdk/Peripheral/ch32v30x_exti.o
 .debug_ranges  0x0000000000000428       0x98 ./sdk/Peripheral/ch32v30x_gpio.o
 .debug_ranges  0x00000000000004c0      0x198 ./sdk/Peripheral/ch32v30x_rcc.o
 .debug_ranges  0x0000000000000658      0x2e0 ./sdk/Peripheral/ch32v30x_tim.o
 .debug_ranges  0x0000000000000938       0xf0 ./sdk/Peripheral/ch32v30x_usart.o
 .debug_ranges  0x0000000000000a28       0x40 ./sdk/Peripheral/ch32v30x_usbotg_device.o
 .debug_ranges  0x0000000000000a68      0x128 ./sdk/Core/core_riscv.o

.debug_line     0x0000000000000000     0xcba5
 .debug_line    0x0000000000000000      0x276 ./zf_driver/zf_driver_delay.o
 .debug_line    0x0000000000000276      0x4c5 ./zf_driver/zf_driver_gpio.o
 .debug_line    0x000000000000073b       0x8a ./zf_driver/zf_driver_irq.o
 .debug_line    0x00000000000007c5      0xc1e ./zf_driver/zf_driver_uart.o
 .debug_line    0x00000000000013e3      0xf2a ./zf_device/zf_device_bluetooth_ch9141.o
 .debug_line    0x000000000000230d      0x3c5 ./zf_device/zf_device_camera.o
 .debug_line    0x00000000000026d2      0xba0 ./zf_device/zf_device_mt9v03x_dvp.o
 .debug_line    0x0000000000003272       0xbb ./zf_device/zf_device_type.o
 .debug_line    0x000000000000332d      0x53e ./zf_device/zf_device_wireless_uart.o
 .debug_line    0x000000000000386b      0x578 ./zf_common/zf_common_clock.o
 .debug_line    0x0000000000003de3      0x53d ./zf_common/zf_common_debug.o
 .debug_line    0x0000000000004320      0x3a6 ./zf_common/zf_common_interrupt.o
 .debug_line    0x00000000000046c6      0xba3 ./user_c/isr.o
 .debug_line    0x0000000000005269      0x516 ./user_c/main.o
 .debug_line    0x000000000000577f      0x381 ./sdk/Startup/startup_ch32v30x.o
 .debug_line    0x0000000000005b00      0x5b2 ./sdk/Startup/system_ch32v30x.o
 .debug_line    0x00000000000060b2      0x555 ./sdk/Peripheral/ch32v30x_exti.o
 .debug_line    0x0000000000006607      0xa22 ./sdk/Peripheral/ch32v30x_gpio.o
 .debug_line    0x0000000000007029     0x126f ./sdk/Peripheral/ch32v30x_rcc.o
 .debug_line    0x0000000000008298     0x221f ./sdk/Peripheral/ch32v30x_tim.o
 .debug_line    0x000000000000a4b7      0xc4b ./sdk/Peripheral/ch32v30x_usart.o
 .debug_line    0x000000000000b102     0x13e6 ./sdk/Peripheral/ch32v30x_usbotg_device.o
 .debug_line    0x000000000000c4e8      0x6bd ./sdk/Core/core_riscv.o

.debug_str      0x0000000000000000     0x500a
 .debug_str     0x0000000000000000      0x1c9 ./zf_driver/zf_driver_delay.o
                                        0x214 (size before relaxing)
 .debug_str     0x00000000000001c9      0x28a ./zf_driver/zf_driver_gpio.o
                                        0x440 (size before relaxing)
 .debug_str     0x0000000000000453       0x4e ./zf_driver/zf_driver_irq.o
                                         0x7c (size before relaxing)
 .debug_str     0x00000000000004a1      0xef2 ./zf_driver/zf_driver_uart.o
                                       0x112a (size before relaxing)
 .debug_str     0x0000000000001393      0x5dd ./zf_device/zf_device_bluetooth_ch9141.o
                                        0xf84 (size before relaxing)
 .debug_str     0x0000000000001970      0x12c ./zf_device/zf_device_camera.o
                                        0x7b4 (size before relaxing)
 .debug_str     0x0000000000001a9c      0x289 ./zf_device/zf_device_mt9v03x_dvp.o
                                        0xc8c (size before relaxing)
 .debug_str     0x0000000000001d25       0x6e ./zf_device/zf_device_type.o
                                        0x20a (size before relaxing)
 .debug_str     0x0000000000001d93       0xea ./zf_device/zf_device_wireless_uart.o
                                        0xac5 (size before relaxing)
 .debug_str     0x0000000000001e7d      0x186 ./zf_common/zf_common_clock.o
                                        0x758 (size before relaxing)
 .debug_str     0x0000000000002003       0xc8 ./zf_common/zf_common_debug.o
                                        0x913 (size before relaxing)
 .debug_str     0x00000000000020cb      0x107 ./zf_common/zf_common_interrupt.o
                                        0x8b3 (size before relaxing)
 .debug_str     0x00000000000021d2      0xb8a ./user_c/isr.o
                                       0x13f6 (size before relaxing)
 .debug_str     0x0000000000002d5c       0x3b ./user_c/main.o
                                       0x1154 (size before relaxing)
 .debug_str     0x0000000000002d97       0x47 ./sdk/Startup/startup_ch32v30x.o
                                         0x81 (size before relaxing)
 .debug_str     0x0000000000002dde       0x9e ./sdk/Startup/system_ch32v30x.o
                                        0x323 (size before relaxing)
 .debug_str     0x0000000000002e7c      0x1ea ./sdk/Peripheral/ch32v30x_exti.o
                                        0x3bb (size before relaxing)
 .debug_str     0x0000000000003066      0x250 ./sdk/Peripheral/ch32v30x_gpio.o
                                        0x588 (size before relaxing)
 .debug_str     0x00000000000032b6      0x62d ./sdk/Peripheral/ch32v30x_rcc.o
                                        0x8ef (size before relaxing)
 .debug_str     0x00000000000038e3      0xacd ./sdk/Peripheral/ch32v30x_tim.o
                                        0xe7b (size before relaxing)
 .debug_str     0x00000000000043b0      0x3ae ./sdk/Peripheral/ch32v30x_usart.o
                                        0x705 (size before relaxing)
 .debug_str     0x000000000000475e      0x6a5 ./sdk/Peripheral/ch32v30x_usbotg_device.o
                                        0xc6e (size before relaxing)
 .debug_str     0x0000000000004e03      0x207 ./sdk/Core/core_riscv.o
                                        0x38f (size before relaxing)

.comment        0x0000000000000000       0x33
 .comment       0x0000000000000000       0x33 ./zf_driver/zf_driver_delay.o
                                         0x34 (size before relaxing)
 .comment       0x0000000000000033       0x34 ./zf_driver/zf_driver_gpio.o
 .comment       0x0000000000000033       0x34 ./zf_driver/zf_driver_uart.o
 .comment       0x0000000000000033       0x34 ./zf_device/zf_device_bluetooth_ch9141.o
 .comment       0x0000000000000033       0x34 ./zf_device/zf_device_camera.o
 .comment       0x0000000000000033       0x34 ./zf_device/zf_device_mt9v03x_dvp.o
 .comment       0x0000000000000033       0x34 ./zf_device/zf_device_type.o
 .comment       0x0000000000000033       0x34 ./zf_device/zf_device_wireless_uart.o
 .comment       0x0000000000000033       0x34 ./zf_common/zf_common_clock.o
 .comment       0x0000000000000033       0x34 ./zf_common/zf_common_debug.o
 .comment       0x0000000000000033       0x34 ./zf_common/zf_common_interrupt.o
 .comment       0x0000000000000033       0x34 ./user_c/isr.o
 .comment       0x0000000000000033       0x34 ./user_c/main.o
 .comment       0x0000000000000033       0x34 ./sdk/Startup/system_ch32v30x.o
 .comment       0x0000000000000033       0x34 ./sdk/Peripheral/ch32v30x_exti.o
 .comment       0x0000000000000033       0x34 ./sdk/Peripheral/ch32v30x_gpio.o
 .comment       0x0000000000000033       0x34 ./sdk/Peripheral/ch32v30x_rcc.o
 .comment       0x0000000000000033       0x34 ./sdk/Peripheral/ch32v30x_tim.o
 .comment       0x0000000000000033       0x34 ./sdk/Peripheral/ch32v30x_usart.o
 .comment       0x0000000000000033       0x34 ./sdk/Peripheral/ch32v30x_usbotg_device.o
 .comment       0x0000000000000033       0x34 ./sdk/Core/core_riscv.o

.debug_frame    0x0000000000000000     0x37bc
 .debug_frame   0x0000000000000000       0x30 ./zf_driver/zf_driver_delay.o
 .debug_frame   0x0000000000000030       0x98 ./zf_driver/zf_driver_gpio.o
 .debug_frame   0x00000000000000c8      0x174 ./zf_driver/zf_driver_uart.o
 .debug_frame   0x000000000000023c      0x31c ./zf_device/zf_device_bluetooth_ch9141.o
 .debug_frame   0x0000000000000558       0x98 ./zf_device/zf_device_camera.o
 .debug_frame   0x00000000000005f0      0x178 ./zf_device/zf_device_mt9v03x_dvp.o
 .debug_frame   0x0000000000000768       0x50 ./zf_device/zf_device_type.o
 .debug_frame   0x00000000000007b8       0x98 ./zf_device/zf_device_wireless_uart.o
 .debug_frame   0x0000000000000850       0x78 ./zf_common/zf_common_clock.o
 .debug_frame   0x00000000000008c8      0x108 ./zf_common/zf_common_debug.o
 .debug_frame   0x00000000000009d0      0x144 ./zf_common/zf_common_interrupt.o
 .debug_frame   0x0000000000000b14      0x38c ./user_c/isr.o
 .debug_frame   0x0000000000000ea0       0x30 ./user_c/main.o
 .debug_frame   0x0000000000000ed0       0xa0 ./sdk/Startup/system_ch32v30x.o
 .debug_frame   0x0000000000000f70      0x114 ./sdk/Peripheral/ch32v30x_exti.o
 .debug_frame   0x0000000000001084      0x264 ./sdk/Peripheral/ch32v30x_gpio.o
 .debug_frame   0x00000000000012e8      0x658 ./sdk/Peripheral/ch32v30x_rcc.o
 .debug_frame   0x0000000000001940      0xbbc ./sdk/Peripheral/ch32v30x_tim.o
 .debug_frame   0x00000000000024fc      0x3bc ./sdk/Peripheral/ch32v30x_usart.o
 .debug_frame   0x00000000000028b8      0x100 ./sdk/Peripheral/ch32v30x_usbotg_device.o
 .debug_frame   0x00000000000029b8      0x490 ./sdk/Core/core_riscv.o
 .debug_frame   0x0000000000002e48       0x20 c:/mounriver/mounriver_studio/toolchain/risc-v embedded gcc/bin/../lib/gcc/riscv-none-embed/8.2.0/../../../../riscv-none-embed/lib/rv32imac/ilp32\libg_nano.a(lib_a-memcpy.o)
 .debug_frame   0x0000000000002e68       0x54 c:/mounriver/mounriver_studio/toolchain/risc-v embedded gcc/bin/../lib/gcc/riscv-none-embed/8.2.0/../../../../riscv-none-embed/lib/rv32imac/ilp32\libg_nano.a(lib_a-printf.o)
 .debug_frame   0x0000000000002ebc       0x54 c:/mounriver/mounriver_studio/toolchain/risc-v embedded gcc/bin/../lib/gcc/riscv-none-embed/8.2.0/../../../../riscv-none-embed/lib/rv32imac/ilp32\libg_nano.a(lib_a-puts.o)
 .debug_frame   0x0000000000002f10       0x20 c:/mounriver/mounriver_studio/toolchain/risc-v embedded gcc/bin/../lib/gcc/riscv-none-embed/8.2.0/../../../../riscv-none-embed/lib/rv32imac/ilp32\libg_nano.a(lib_a-strncmp.o)
 .debug_frame   0x0000000000002f30       0x50 c:/mounriver/mounriver_studio/toolchain/risc-v embedded gcc/bin/../lib/gcc/riscv-none-embed/8.2.0/../../../../riscv-none-embed/lib/rv32imac/ilp32\libg_nano.a(lib_a-wbuf.o)
 .debug_frame   0x0000000000002f80       0x3c c:/mounriver/mounriver_studio/toolchain/risc-v embedded gcc/bin/../lib/gcc/riscv-none-embed/8.2.0/../../../../riscv-none-embed/lib/rv32imac/ilp32\libg_nano.a(lib_a-wsetup.o)
 .debug_frame   0x0000000000002fbc       0x7c c:/mounriver/mounriver_studio/toolchain/risc-v embedded gcc/bin/../lib/gcc/riscv-none-embed/8.2.0/../../../../riscv-none-embed/lib/rv32imac/ilp32\libg_nano.a(lib_a-fflush.o)
 .debug_frame   0x0000000000003038      0x148 c:/mounriver/mounriver_studio/toolchain/risc-v embedded gcc/bin/../lib/gcc/riscv-none-embed/8.2.0/../../../../riscv-none-embed/lib/rv32imac/ilp32\libg_nano.a(lib_a-findfp.o)
 .debug_frame   0x0000000000003180       0x88 c:/mounriver/mounriver_studio/toolchain/risc-v embedded gcc/bin/../lib/gcc/riscv-none-embed/8.2.0/../../../../riscv-none-embed/lib/rv32imac/ilp32\libg_nano.a(lib_a-fwalk.o)
 .debug_frame   0x0000000000003208       0x64 c:/mounriver/mounriver_studio/toolchain/risc-v embedded gcc/bin/../lib/gcc/riscv-none-embed/8.2.0/../../../../riscv-none-embed/lib/rv32imac/ilp32\libg_nano.a(lib_a-makebuf.o)
 .debug_frame   0x000000000000326c       0x40 c:/mounriver/mounriver_studio/toolchain/risc-v embedded gcc/bin/../lib/gcc/riscv-none-embed/8.2.0/../../../../riscv-none-embed/lib/rv32imac/ilp32\libg_nano.a(lib_a-nano-freer.o)
 .debug_frame   0x00000000000032ac       0x40 c:/mounriver/mounriver_studio/toolchain/risc-v embedded gcc/bin/../lib/gcc/riscv-none-embed/8.2.0/../../../../riscv-none-embed/lib/rv32imac/ilp32\libg_nano.a(lib_a-nano-mallocr.o)
 .debug_frame   0x00000000000032ec       0xd0 c:/mounriver/mounriver_studio/toolchain/risc-v embedded gcc/bin/../lib/gcc/riscv-none-embed/8.2.0/../../../../riscv-none-embed/lib/rv32imac/ilp32\libg_nano.a(lib_a-nano-vfprintf.o)
 .debug_frame   0x00000000000033bc       0x8c c:/mounriver/mounriver_studio/toolchain/risc-v embedded gcc/bin/../lib/gcc/riscv-none-embed/8.2.0/../../../../riscv-none-embed/lib/rv32imac/ilp32\libg_nano.a(lib_a-nano-vfprintf_i.o)
 .debug_frame   0x0000000000003448       0x30 c:/mounriver/mounriver_studio/toolchain/risc-v embedded gcc/bin/../lib/gcc/riscv-none-embed/8.2.0/../../../../riscv-none-embed/lib/rv32imac/ilp32\libg_nano.a(lib_a-sbrkr.o)
 .debug_frame   0x0000000000003478       0xa4 c:/mounriver/mounriver_studio/toolchain/risc-v embedded gcc/bin/../lib/gcc/riscv-none-embed/8.2.0/../../../../riscv-none-embed/lib/rv32imac/ilp32\libg_nano.a(lib_a-stdio.o)
 .debug_frame   0x000000000000351c       0x30 c:/mounriver/mounriver_studio/toolchain/risc-v embedded gcc/bin/../lib/gcc/riscv-none-embed/8.2.0/../../../../riscv-none-embed/lib/rv32imac/ilp32\libg_nano.a(lib_a-writer.o)
 .debug_frame   0x000000000000354c       0x30 c:/mounriver/mounriver_studio/toolchain/risc-v embedded gcc/bin/../lib/gcc/riscv-none-embed/8.2.0/../../../../riscv-none-embed/lib/rv32imac/ilp32\libg_nano.a(lib_a-closer.o)
 .debug_frame   0x000000000000357c       0x30 c:/mounriver/mounriver_studio/toolchain/risc-v embedded gcc/bin/../lib/gcc/riscv-none-embed/8.2.0/../../../../riscv-none-embed/lib/rv32imac/ilp32\libg_nano.a(lib_a-fstatr.o)
 .debug_frame   0x00000000000035ac       0x30 c:/mounriver/mounriver_studio/toolchain/risc-v embedded gcc/bin/../lib/gcc/riscv-none-embed/8.2.0/../../../../riscv-none-embed/lib/rv32imac/ilp32\libg_nano.a(lib_a-isattyr.o)
 .debug_frame   0x00000000000035dc       0x30 c:/mounriver/mounriver_studio/toolchain/risc-v embedded gcc/bin/../lib/gcc/riscv-none-embed/8.2.0/../../../../riscv-none-embed/lib/rv32imac/ilp32\libg_nano.a(lib_a-lseekr.o)
 .debug_frame   0x000000000000360c       0x20 c:/mounriver/mounriver_studio/toolchain/risc-v embedded gcc/bin/../lib/gcc/riscv-none-embed/8.2.0/../../../../riscv-none-embed/lib/rv32imac/ilp32\libg_nano.a(lib_a-memchr.o)
 .debug_frame   0x000000000000362c       0x30 c:/mounriver/mounriver_studio/toolchain/risc-v embedded gcc/bin/../lib/gcc/riscv-none-embed/8.2.0/../../../../riscv-none-embed/lib/rv32imac/ilp32\libg_nano.a(lib_a-mlock.o)
 .debug_frame   0x000000000000365c       0x30 c:/mounriver/mounriver_studio/toolchain/risc-v embedded gcc/bin/../lib/gcc/riscv-none-embed/8.2.0/../../../../riscv-none-embed/lib/rv32imac/ilp32\libg_nano.a(lib_a-readr.o)
 .debug_frame   0x000000000000368c       0x70 c:/mounriver/mounriver_studio/toolchain/risc-v embedded gcc/bin/../lib/gcc/riscv-none-embed/8.2.0/../../../../riscv-none-embed/lib/rv32imac/ilp32\libg_nano.a(lib_a-reent.o)
 .debug_frame   0x00000000000036fc       0x20 c:/mounriver/mounriver_studio/toolchain/risc-v embedded gcc/bin/../lib/gcc/riscv-none-embed/8.2.0/../../../../riscv-none-embed/lib/rv32imac/ilp32\libnosys.a(close.o)
 .debug_frame   0x000000000000371c       0x20 c:/mounriver/mounriver_studio/toolchain/risc-v embedded gcc/bin/../lib/gcc/riscv-none-embed/8.2.0/../../../../riscv-none-embed/lib/rv32imac/ilp32\libnosys.a(fstat.o)
 .debug_frame   0x000000000000373c       0x20 c:/mounriver/mounriver_studio/toolchain/risc-v embedded gcc/bin/../lib/gcc/riscv-none-embed/8.2.0/../../../../riscv-none-embed/lib/rv32imac/ilp32\libnosys.a(isatty.o)
 .debug_frame   0x000000000000375c       0x20 c:/mounriver/mounriver_studio/toolchain/risc-v embedded gcc/bin/../lib/gcc/riscv-none-embed/8.2.0/../../../../riscv-none-embed/lib/rv32imac/ilp32\libnosys.a(lseek.o)
 .debug_frame   0x000000000000377c       0x20 c:/mounriver/mounriver_studio/toolchain/risc-v embedded gcc/bin/../lib/gcc/riscv-none-embed/8.2.0/../../../../riscv-none-embed/lib/rv32imac/ilp32\libnosys.a(read.o)
 .debug_frame   0x000000000000379c       0x20 c:/mounriver/mounriver_studio/toolchain/risc-v embedded gcc/bin/../lib/gcc/riscv-none-embed/8.2.0/../../../../riscv-none-embed/lib/rv32imac/ilp32\libnosys.a(sbrk.o)

.stab           0x0000000000000000       0x84
 .stab          0x0000000000000000       0x24 c:/mounriver/mounriver_studio/toolchain/risc-v embedded gcc/bin/../lib/gcc/riscv-none-embed/8.2.0/../../../../riscv-none-embed/lib/rv32imac/ilp32\libnosys.a(close.o)
 .stab          0x0000000000000024       0x18 c:/mounriver/mounriver_studio/toolchain/risc-v embedded gcc/bin/../lib/gcc/riscv-none-embed/8.2.0/../../../../riscv-none-embed/lib/rv32imac/ilp32\libnosys.a(fstat.o)
                                         0x24 (size before relaxing)
 .stab          0x000000000000003c       0x18 c:/mounriver/mounriver_studio/toolchain/risc-v embedded gcc/bin/../lib/gcc/riscv-none-embed/8.2.0/../../../../riscv-none-embed/lib/rv32imac/ilp32\libnosys.a(isatty.o)
                                         0x24 (size before relaxing)
 .stab          0x0000000000000054       0x18 c:/mounriver/mounriver_studio/toolchain/risc-v embedded gcc/bin/../lib/gcc/riscv-none-embed/8.2.0/../../../../riscv-none-embed/lib/rv32imac/ilp32\libnosys.a(lseek.o)
                                         0x24 (size before relaxing)
 .stab          0x000000000000006c       0x18 c:/mounriver/mounriver_studio/toolchain/risc-v embedded gcc/bin/../lib/gcc/riscv-none-embed/8.2.0/../../../../riscv-none-embed/lib/rv32imac/ilp32\libnosys.a(read.o)
                                         0x24 (size before relaxing)

.stabstr        0x0000000000000000      0x117
 .stabstr       0x0000000000000000      0x117 c:/mounriver/mounriver_studio/toolchain/risc-v embedded gcc/bin/../lib/gcc/riscv-none-embed/8.2.0/../../../../riscv-none-embed/lib/rv32imac/ilp32\libnosys.a(close.o)
