Archive member included to satisfy reference by file (symbol)

d:/mounriver/mounriver_studio/toolchain/risc-v embedded gcc/bin/../lib/gcc/riscv-none-embed/8.2.0/../../../../riscv-none-embed/lib/rv32imac/ilp32\libm.a(lib_a-s_tan.o)
                              ./user_c/pid.o (tan)
d:/mounriver/mounriver_studio/toolchain/risc-v embedded gcc/bin/../lib/gcc/riscv-none-embed/8.2.0/../../../../riscv-none-embed/lib/rv32imac/ilp32\libm.a(lib_a-w_asin.o)
                              ./zf_device/zf_device_icm20602.o (asin)
d:/mounriver/mounriver_studio/toolchain/risc-v embedded gcc/bin/../lib/gcc/riscv-none-embed/8.2.0/../../../../riscv-none-embed/lib/rv32imac/ilp32\libm.a(lib_a-w_atan2.o)
                              ./zf_device/zf_device_icm20602.o (atan2)
d:/mounriver/mounriver_studio/toolchain/risc-v embedded gcc/bin/../lib/gcc/riscv-none-embed/8.2.0/../../../../riscv-none-embed/lib/rv32imac/ilp32\libm.a(lib_a-wf_pow.o)
                              ./user_c/camera.o (powf)
d:/mounriver/mounriver_studio/toolchain/risc-v embedded gcc/bin/../lib/gcc/riscv-none-embed/8.2.0/../../../../riscv-none-embed/lib/rv32imac/ilp32\libm.a(lib_a-e_asin.o)
                              d:/mounriver/mounriver_studio/toolchain/risc-v embedded gcc/bin/../lib/gcc/riscv-none-embed/8.2.0/../../../../riscv-none-embed/lib/rv32imac/ilp32\libm.a(lib_a-w_asin.o) (__ieee754_asin)
d:/mounriver/mounriver_studio/toolchain/risc-v embedded gcc/bin/../lib/gcc/riscv-none-embed/8.2.0/../../../../riscv-none-embed/lib/rv32imac/ilp32\libm.a(lib_a-e_atan2.o)
                              d:/mounriver/mounriver_studio/toolchain/risc-v embedded gcc/bin/../lib/gcc/riscv-none-embed/8.2.0/../../../../riscv-none-embed/lib/rv32imac/ilp32\libm.a(lib_a-w_atan2.o) (__ieee754_atan2)
d:/mounriver/mounriver_studio/toolchain/risc-v embedded gcc/bin/../lib/gcc/riscv-none-embed/8.2.0/../../../../riscv-none-embed/lib/rv32imac/ilp32\libm.a(lib_a-e_rem_pio2.o)
                              d:/mounriver/mounriver_studio/toolchain/risc-v embedded gcc/bin/../lib/gcc/riscv-none-embed/8.2.0/../../../../riscv-none-embed/lib/rv32imac/ilp32\libm.a(lib_a-s_tan.o) (__ieee754_rem_pio2)
d:/mounriver/mounriver_studio/toolchain/risc-v embedded gcc/bin/../lib/gcc/riscv-none-embed/8.2.0/../../../../riscv-none-embed/lib/rv32imac/ilp32\libm.a(lib_a-e_sqrt.o)
                              d:/mounriver/mounriver_studio/toolchain/risc-v embedded gcc/bin/../lib/gcc/riscv-none-embed/8.2.0/../../../../riscv-none-embed/lib/rv32imac/ilp32\libm.a(lib_a-e_asin.o) (__ieee754_sqrt)
d:/mounriver/mounriver_studio/toolchain/risc-v embedded gcc/bin/../lib/gcc/riscv-none-embed/8.2.0/../../../../riscv-none-embed/lib/rv32imac/ilp32\libm.a(lib_a-ef_pow.o)
                              d:/mounriver/mounriver_studio/toolchain/risc-v embedded gcc/bin/../lib/gcc/riscv-none-embed/8.2.0/../../../../riscv-none-embed/lib/rv32imac/ilp32\libm.a(lib_a-wf_pow.o) (__ieee754_powf)
d:/mounriver/mounriver_studio/toolchain/risc-v embedded gcc/bin/../lib/gcc/riscv-none-embed/8.2.0/../../../../riscv-none-embed/lib/rv32imac/ilp32\libm.a(lib_a-ef_sqrt.o)
                              d:/mounriver/mounriver_studio/toolchain/risc-v embedded gcc/bin/../lib/gcc/riscv-none-embed/8.2.0/../../../../riscv-none-embed/lib/rv32imac/ilp32\libm.a(lib_a-ef_pow.o) (__ieee754_sqrtf)
d:/mounriver/mounriver_studio/toolchain/risc-v embedded gcc/bin/../lib/gcc/riscv-none-embed/8.2.0/../../../../riscv-none-embed/lib/rv32imac/ilp32\libm.a(lib_a-k_rem_pio2.o)
                              d:/mounriver/mounriver_studio/toolchain/risc-v embedded gcc/bin/../lib/gcc/riscv-none-embed/8.2.0/../../../../riscv-none-embed/lib/rv32imac/ilp32\libm.a(lib_a-e_rem_pio2.o) (__kernel_rem_pio2)
d:/mounriver/mounriver_studio/toolchain/risc-v embedded gcc/bin/../lib/gcc/riscv-none-embed/8.2.0/../../../../riscv-none-embed/lib/rv32imac/ilp32\libm.a(lib_a-k_tan.o)
                              d:/mounriver/mounriver_studio/toolchain/risc-v embedded gcc/bin/../lib/gcc/riscv-none-embed/8.2.0/../../../../riscv-none-embed/lib/rv32imac/ilp32\libm.a(lib_a-s_tan.o) (__kernel_tan)
d:/mounriver/mounriver_studio/toolchain/risc-v embedded gcc/bin/../lib/gcc/riscv-none-embed/8.2.0/../../../../riscv-none-embed/lib/rv32imac/ilp32\libm.a(lib_a-s_atan.o)
                              d:/mounriver/mounriver_studio/toolchain/risc-v embedded gcc/bin/../lib/gcc/riscv-none-embed/8.2.0/../../../../riscv-none-embed/lib/rv32imac/ilp32\libm.a(lib_a-e_atan2.o) (atan)
d:/mounriver/mounriver_studio/toolchain/risc-v embedded gcc/bin/../lib/gcc/riscv-none-embed/8.2.0/../../../../riscv-none-embed/lib/rv32imac/ilp32\libm.a(lib_a-s_fabs.o)
                              d:/mounriver/mounriver_studio/toolchain/risc-v embedded gcc/bin/../lib/gcc/riscv-none-embed/8.2.0/../../../../riscv-none-embed/lib/rv32imac/ilp32\libm.a(lib_a-w_asin.o) (fabs)
[...]
Memory Configuration

Name             Origin             Length             Attributes
RAM              0x0000000020000000 0x0000000000010000 xrw
FLASH            0x0000000000000000 0x0000000000040000 xr
*default*        0x0000000000000000 0xffffffffffffffff

Linker script and memory map

LOAD ./zf_driver/zf_driver_adc.o
LOAD ./zf_driver/zf_driver_delay.o
LOAD ./zf_driver/zf_driver_dvp.o
LOAD ./zf_driver/zf_driver_encoder.o
LOAD ./zf_driver/zf_driver_flash.o
LOAD ./zf_driver/zf_driver_gpio.o
LOAD ./zf_driver/zf_driver_irq.o
LOAD ./zf_driver/zf_driver_pit.o
LOAD ./zf_driver/zf_driver_pwm.o
LOAD ./zf_driver/zf_driver_soft_iic.o
LOAD ./zf_driver/zf_driver_spi.o
LOAD ./zf_driver/zf_driver_timer.o
LOAD ./zf_driver/zf_driver_uart.o
LOAD ./zf_driver/zf_driver_usb_cdc.o
LOAD ./zf_device/zf_device_absolute_encoder.o
LOAD ./zf_device/zf_device_bluetooth_ch9141.o
LOAD ./zf_device/zf_device_bluetooth_ch9141_ch2.o
LOAD ./zf_device/zf_device_camera.o
LOAD ./zf_device/zf_device_icm20602.o
LOAD ./zf_device/zf_device_ips114.o
LOAD ./zf_device/zf_device_ips200_parallel8.o
LOAD ./zf_device/zf_device_mpu6050.o
LOAD ./zf_device/zf_device_mt9v03x_dvp.o
LOAD ./zf_device/zf_device_oled.o
LOAD ./zf_device/zf_device_scc8660_dvp.o
LOAD ./zf_device/zf_device_tft180.o
LOAD ./zf_device/zf_device_type.o
LOAD ./zf_device/zf_device_wireless_uart.o
LOAD ./zf_common/zf_common_clock.o
LOAD ./zf_common/zf_common_debug.o
LOAD ./zf_common/zf_common_fifo.o
LOAD ./zf_common/zf_common_font.o
LOAD ./zf_common/zf_common_function.o
LOAD ./zf_common/zf_common_interrupt.o
LOAD ./user_c/SEEKFREE_18TFT.o
LOAD ./user_c/camera.o
LOAD ./user_c/function_test.o
LOAD ./user_c/isr.o
LOAD ./user_c/main.o
LOAD ./user_c/motor.o
LOAD ./user_c/pid.o
LOAD ./sdk/Startup/startup_ch32v30x.o
LOAD ./sdk/Startup/system_ch32v30x.o
LOAD ./sdk/Peripheral/ch32v30x_adc.o
LOAD ./sdk/Peripheral/ch32v30x_bkp.o
LOAD ./sdk/Peripheral/ch32v30x_can.o
LOAD ./sdk/Peripheral/ch32v30x_crc.o
LOAD ./sdk/Peripheral/ch32v30x_dac.o
LOAD ./sdk/Peripheral/ch32v30x_dbgmcu.o
LOAD ./sdk/Peripheral/ch32v30x_dma.o
LOAD ./sdk/Peripheral/ch32v30x_dvp.o
LOAD ./sdk/Peripheral/ch32v30x_eth.o
LOAD ./sdk/Peripheral/ch32v30x_exti.o
LOAD ./sdk/Peripheral/ch32v30x_flash.o
LOAD ./sdk/Peripheral/ch32v30x_fsmc.o
LOAD ./sdk/Peripheral/ch32v30x_gpio.o
LOAD ./sdk/Peripheral/ch32v30x_i2c.o
LOAD ./sdk/Peripheral/ch32v30x_iwdg.o
LOAD ./sdk/Peripheral/ch32v30x_misc.o
LOAD ./sdk/Peripheral/ch32v30x_opa.o
LOAD ./sdk/Peripheral/ch32v30x_pwr.o
LOAD ./sdk/Peripheral/ch32v30x_rcc.o
LOAD ./sdk/Peripheral/ch32v30x_rng.o
LOAD ./sdk/Peripheral/ch32v30x_rtc.o
LOAD ./sdk/Peripheral/ch32v30x_sdio.o
LOAD ./sdk/Peripheral/ch32v30x_spi.o
LOAD ./sdk/Peripheral/ch32v30x_tim.o
LOAD ./sdk/Peripheral/ch32v30x_usart.o
LOAD ./sdk/Peripheral/ch32v30x_usbotg_device.o
LOAD ./sdk/Peripheral/ch32v30x_wwdg.o
LOAD ./sdk/Core/core_riscv.o
LOAD d:/mounriver/mounriver_studio/toolchain/risc-v embedded gcc/bin/../lib/gcc/riscv-none-embed/8.2.0/../../../../riscv-none-embed/lib/rv32imac/ilp32\libm.a
LOAD d:/mounriver/mounriver_studio/toolchain/risc-v embedded gcc/bin/../lib/gcc/riscv-none-embed/8.2.0/rv32imac/ilp32\libgcc.a
LOAD d:/mounriver/mounriver_studio/toolchain/risc-v embedded gcc/bin/../lib/gcc/riscv-none-embed/8.2.0/../../../../riscv-none-embed/lib/rv32imac/ilp32\libg_nano.a
LOAD d:/mounriver/mounriver_studio/toolchain/risc-v embedded gcc/bin/../lib/gcc/riscv-none-embed/8.2.0/../../../../riscv-none-embed/lib/rv32imac/ilp32\libc_nano.a
LOAD d:/mounriver/mounriver_studio/toolchain/risc-v embedded gcc/bin/../lib/gcc/riscv-none-embed/8.2.0/rv32imac/ilp32\libgcc.a
START GROUP
LOAD d:/mounriver/mounriver_studio/toolchain/risc-v embedded gcc/bin/../lib/gcc/riscv-none-embed/8.2.0/rv32imac/ilp32\libgcc.a
LOAD d:/mounriver/mounriver_studio/toolchain/risc-v embedded gcc/bin/../lib/gcc/riscv-none-embed/8.2.0/../../../../riscv-none-embed/lib/rv32imac/ilp32\libc_nano.a
LOAD d:/mounriver/mounriver_studio/toolchain/risc-v embedded gcc/bin/../lib/gcc/riscv-none-embed/8.2.0/../../../../riscv-none-embed/lib/rv32imac/ilp32\libnosys.a
END GROUP
START GROUP
LOAD d:/mounriver/mounriver_studio/toolchain/risc-v embedded gcc/bin/../lib/gcc/riscv-none-embed/8.2.0/rv32imac/ilp32\libgcc.a
LOAD d:/mounriver/mounriver_studio/toolchain/risc-v embedded gcc/bin/../lib/gcc/riscv-none-embed/8.2.0/../../../../riscv-none-embed/lib/rv32imac/ilp32\libc_nano.a
LOAD d:/mounriver/mounriver_studio/toolchain/risc-v embedded gcc/bin/../lib/gcc/riscv-none-embed/8.2.0/../../../../riscv-none-embed/lib/rv32imac/ilp32\libnosys.a
END GROUP
                0x0000000000000800                __stack_size = 0x800
                [!provide]                        PROVIDE (_stack_size = __stack_size)

.init           0x0000000000000000       0x38
                0x0000000000000000                _sinit = .
                0x0000000000000000                . = ALIGN (0x4)
 *(SORT_NONE(.init))
 .init          0x0000000000000000       0x38 ./sdk/Startup/startup_ch32v30x.o
                0x0000000000000000                _start
                0x0000000000000038                . = ALIGN (0x4)
                0x0000000000000038                _einit = .

.vector         0x0000000000000038      0x1c8
 *(.vector)
 .vector        0x0000000000000038      0x1a0 ./sdk/Startup/startup_ch32v30x.o
                0x0000000000000200                . = ALIGN (0x40)
 *fill*         0x00000000000001d8       0x28 

.text           0x0000000000000200    0x1865c
                0x0000000000000200                . = ALIGN (0x4)
 *(.text)
 .text          0x0000000000000200       0x14 ./zf_driver/zf_driver_irq.o
                0x0000000000000200                dis_interrupt
                0x0000000000000206                en_interrupt
 .text          0x0000000000000214       0xa8 d:/mounriver/mounriver_studio/toolchain/risc-v embedded gcc/bin/../lib/gcc/riscv-none-embed/8.2.0/../../../../riscv-none-embed/lib/rv32imac/ilp32\libg_nano.a(lib_a-memset.o)
                0x0000000000000214                memset
 *(.text.*)
 .text.adc_gpio_init
                0x00000000000002bc      0x1a0 ./zf_driver/zf_driver_adc.o
                0x00000000000002bc                adc_gpio_init
 .text.adc_convert
                0x000000000000045c       0x6c ./zf_driver/zf_driver_adc.o
                0x000000000000045c                adc_convert
 .text.adc_init
                0x00000000000004c8       0xce ./zf_driver/zf_driver_adc.o
                0x00000000000004c8                adc_init
 .text.system_delay
                0x0000000000000596       0x5c ./zf_driver/zf_driver_delay.o
                0x0000000000000596                system_delay
 .text.dvp_gpio_init
                0x00000000000005f2      0x102 ./zf_driver/zf_driver_dvp.o
                0x00000000000005f2                dvp_gpio_init
 .text.dvp_camera_init
                0x00000000000006f4      0x168 ./zf_driver/zf_driver_dvp.o
                0x00000000000006f4                dvp_camera_init
 .text.encoder_gpio_init
                0x000000000000085c       0x36 ./zf_driver/zf_driver_encoder.o
                0x000000000000085c                encoder_gpio_init
 .text.encoder_get_count
                0x0000000000000892       0xaa ./zf_driver/zf_driver_encoder.o
                0x0000000000000892                encoder_get_count
 .text.encoder_clean_count
                0x000000000000093c       0x26 ./zf_driver/zf_driver_encoder.o
                0x000000000000093c                encoder_clean_count
 .text.encoder_init_quad
                0x0000000000000962      0x1f0 ./zf_driver/zf_driver_encoder.o
                0x0000000000000962                encoder_init_quad
 .text.gpio_set_level
                0x0000000000000b52       0x74 ./zf_driver/zf_driver_gpio.o
                0x0000000000000b52                gpio_set_level
 .text.gpio_get_level
                0x0000000000000bc6       0x40 ./zf_driver/zf_driver_gpio.o
                0x0000000000000bc6                gpio_get_level
 .text.gpio_init
                0x0000000000000c06      0x196 ./zf_driver/zf_driver_gpio.o
                0x0000000000000c06                gpio_init
 .text.pit_init
                0x0000000000000d9c      0x19c ./zf_driver/zf_driver_pit.o
                0x0000000000000d9c                pit_init
 .text.pwm_gpio_init
                0x0000000000000f38      0x78a ./zf_driver/zf_driver_pwm.o
                0x0000000000000f38                pwm_gpio_init
 .text.pwm_set_duty
                0x00000000000016c2       0x76 ./zf_driver/zf_driver_pwm.o
                0x00000000000016c2                pwm_set_duty
 .text.pwm_set_freq
                0x0000000000001738       0xd6 ./zf_driver/zf_driver_pwm.o
                0x0000000000001738                pwm_set_freq
 .text.pwm_init
                0x000000000000180e      0x40e ./zf_driver/zf_driver_pwm.o
                0x000000000000180e                pwm_init
 .text.timer_funciton_check
                0x0000000000001c1c       0x58 ./zf_driver/zf_driver_timer.o
                0x0000000000001c1c                timer_funciton_check
 .text.timer_clock_enable
                0x0000000000001c74       0xe2 ./zf_driver/zf_driver_timer.o
                0x0000000000001c74                timer_clock_enable
 .text.uart_gpio_init
                0x0000000000001d56      0x40a ./zf_driver/zf_driver_uart.o
                0x0000000000001d56                uart_gpio_init
 .text.uart_write_byte
                0x0000000000002160       0x56 ./zf_driver/zf_driver_uart.o
                0x0000000000002160                uart_write_byte
 .text.uart_write_buffer
                0x00000000000021b6       0x46 ./zf_driver/zf_driver_uart.o
                0x00000000000021b6                uart_write_buffer
 .text.uart_rx_interrupt
                0x00000000000021fc       0x86 ./zf_driver/zf_driver_uart.o
                0x00000000000021fc                uart_rx_interrupt
 .text.uart_query_byte
                0x0000000000002282       0x5e ./zf_driver/zf_driver_uart.o
                0x0000000000002282                uart_query_byte
 .text.uart_init
                0x00000000000022e0      0x2b2 ./zf_driver/zf_driver_uart.o
                0x00000000000022e0                uart_init
 .text.bluetooth_ch9141_uart_callback_ch2
                0x0000000000002592       0xb6 ./zf_device/zf_device_bluetooth_ch9141.o
                0x0000000000002592                bluetooth_ch9141_uart_callback_ch2
 .text.bluetooth_ch9141_check_response
                0x0000000000002648       0x4a ./zf_device/zf_device_bluetooth_ch9141.o
                0x0000000000002648                bluetooth_ch9141_check_response
 .text.camera_uart_handler
                0x0000000000002692       0x2a ./zf_device/zf_device_camera.o
                0x0000000000002692                camera_uart_handler
 .text.camera_dvp_handler
                0x00000000000026bc       0x2a ./zf_device/zf_device_camera.o
                0x00000000000026bc                camera_dvp_handler
 .text.icm_simspi_wr_byte
                0x00000000000026e6       0x98 ./zf_device/zf_device_icm20602.o
                0x00000000000026e6                icm_simspi_wr_byte
 .text.icm_simspi_w_reg_byte
                0x000000000000277e       0x4c ./zf_device/zf_device_icm20602.o
                0x000000000000277e                icm_simspi_w_reg_byte
 .text.icm_simspi_r_reg_byte
                0x00000000000027ca       0x5c ./zf_device/zf_device_icm20602.o
                0x00000000000027ca                icm_simspi_r_reg_byte
 .text.icm_simspi_r_reg_bytes
                0x0000000000002826       0x8e ./zf_device/zf_device_icm20602.o
                0x0000000000002826                icm_simspi_r_reg_bytes
 .text.icm20602_self4_check
                0x00000000000028b4       0x28 ./zf_device/zf_device_icm20602.o
                0x00000000000028b4                icm20602_self4_check
 .text.icm20602_init_simspi
                0x00000000000028dc       0xc8 ./zf_device/zf_device_icm20602.o
                0x00000000000028dc                icm20602_init_simspi
 .text.get_icm20602_accdata_simspi
                0x00000000000029a4       0x80 ./zf_device/zf_device_icm20602.o
                0x00000000000029a4                get_icm20602_accdata_simspi
 .text.get_icm20602_gyro_simspi
                0x0000000000002a24       0x80 ./zf_device/zf_device_icm20602.o
                0x0000000000002a24                get_icm20602_gyro_simspi
 .text.FindPos  0x0000000000002aa4       0xfc ./zf_device/zf_device_icm20602.o
                0x0000000000002aa4                FindPos
 .text.QuiteSort
                0x0000000000002ba0       0x6a ./zf_device/zf_device_icm20602.o
                0x0000000000002ba0                QuiteSort
 .text.SortAver_FilterXYZ
                0x0000000000002c0a      0x1ea ./zf_device/zf_device_icm20602.o
                0x0000000000002c0a                SortAver_FilterXYZ
 .text.MPU6050_datainit
                0x0000000000002df4      0x130 ./zf_device/zf_device_icm20602.o
                0x0000000000002df4                MPU6050_datainit
 .text.Prepare_Data
                0x0000000000002f24      0x284 ./zf_device/zf_device_icm20602.o
                0x0000000000002f24                Prepare_Data
 .text.invSqrt  0x00000000000031a8       0xa4 ./zf_device/zf_device_icm20602.o
 .text.IMUupdate
                0x000000000000324c      0x966 ./zf_device/zf_device_icm20602.o
                0x000000000000324c                IMUupdate
 .text.mt9v03x_set_config_dvp
                0x0000000000003bb2      0x18e ./zf_device/zf_device_mt9v03x_dvp.o
 .text.mt9v03x_get_config_dvp
                0x0000000000003d40      0x120 ./zf_device/zf_device_mt9v03x_dvp.o
 .text.mt9v03x_uart_callback_dvp
                0x0000000000003e60       0x70 ./zf_device/zf_device_mt9v03x_dvp.o
                0x0000000000003e60                mt9v03x_uart_callback_dvp
 .text.mt9v03x_dvp_handler
                0x0000000000003ed0       0x66 ./zf_device/zf_device_mt9v03x_dvp.o
                0x0000000000003ed0                mt9v03x_dvp_handler
 .text.mt9v03x_init_dvp
                0x0000000000003f36      0x104 ./zf_device/zf_device_mt9v03x_dvp.o
                0x0000000000003f36                mt9v03x_init_dvp
 .text.set_camera_type
                0x000000000000403a       0x1a ./zf_device/zf_device_type.o
                0x000000000000403a                set_camera_type
 .text.wireless_uart_callback_ch2
                0x0000000000004054       0x38 ./zf_device/zf_device_wireless_uart.o
                0x0000000000004054                wireless_uart_callback_ch2
 .text.clock_init
                0x000000000000408c       0x28 ./zf_common/zf_common_clock.o
                0x000000000000408c                clock_init
 .text.clock_reset
                0x00000000000040b4       0x76 ./zf_common/zf_common_clock.o
 .text.clock_set_freq
                0x000000000000412a      0x260 ./zf_common/zf_common_clock.o
 .text.__NOP    0x000000000000438a       0x10 ./zf_common/zf_common_debug.o
 .text.debug_init
                0x000000000000439a       0x34 ./zf_common/zf_common_debug.o
                0x000000000000439a                debug_init
 .text.debug_assert_handler
                0x00000000000043ce       0x46 ./zf_common/zf_common_debug.o
                0x00000000000043ce                debug_assert_handler
 .text._write   0x0000000000004414       0x7c ./zf_common/zf_common_debug.o
                0x0000000000004414                _write
 .text.NVIC_EnableIRQ
                0x0000000000004490       0x32 ./zf_common/zf_common_interrupt.o
 .text.NVIC_DisableIRQ
                0x00000000000044c2       0x32 ./zf_common/zf_common_interrupt.o
 .text.NVIC_SetPriority
                0x00000000000044f4       0x2a ./zf_common/zf_common_interrupt.o
 .text.interrupt_enable
                0x000000000000451e       0x1e ./zf_common/zf_common_interrupt.o
                0x000000000000451e                interrupt_enable
 .text.interrupt_disable
                0x000000000000453c       0x1e ./zf_common/zf_common_interrupt.o
                0x000000000000453c                interrupt_disable
 .text.interrupt_set_priority
                0x000000000000455a       0x2a ./zf_common/zf_common_interrupt.o
                0x000000000000455a                interrupt_set_priority
 .text.interrupt_init
                0x0000000000004584        0xe ./zf_common/zf_common_interrupt.o
                0x0000000000004584                interrupt_init
 .text.interrupt_enable_all
                0x0000000000004592       0x22 ./zf_common/zf_common_interrupt.o
                0x0000000000004592                interrupt_enable_all
 .text.interrupt_disable_all
                0x00000000000045b4       0x22 ./zf_common/zf_common_interrupt.o
                0x00000000000045b4                interrupt_disable_all
 .text.lcd_writeIndex_simspi
                0x00000000000045d6       0x8e ./user_c/SEEKFREE_18TFT.o
                0x00000000000045d6                lcd_writeIndex_simspi
 .text.lcd_writeData_simspi
                0x0000000000004664       0x8e ./user_c/SEEKFREE_18TFT.o
                0x0000000000004664                lcd_writeData_simspi
 .text.lcd_writeData_16bit_simspi
                0x00000000000046f2       0x8e ./user_c/SEEKFREE_18TFT.o
                0x00000000000046f2                lcd_writeData_16bit_simspi
 .text.lcd_set_region_simspi
                0x0000000000004780       0xa2 ./user_c/SEEKFREE_18TFT.o
                0x0000000000004780                lcd_set_region_simspi
 .text.lcd_clear_simspi
                0x0000000000004822       0x68 ./user_c/SEEKFREE_18TFT.o
                0x0000000000004822                lcd_clear_simspi
 .text.lcd_init_simspi
                0x000000000000488a      0x384 ./user_c/SEEKFREE_18TFT.o
                0x000000000000488a                lcd_init_simspi
 .text.lcd_drawpoint_simspi
                0x0000000000004c0e       0x4a ./user_c/SEEKFREE_18TFT.o
                0x0000000000004c0e                lcd_drawpoint_simspi
 .text.lcd_showchar_simspi
                0x0000000000004c58       0xcc ./user_c/SEEKFREE_18TFT.o
                0x0000000000004c58                lcd_showchar_simspi
 .text.lcd_showstr_simspi
                0x0000000000004d24       0x7e ./user_c/SEEKFREE_18TFT.o
                0x0000000000004d24                lcd_showstr_simspi
 .text.lcd_show_gray_image
                0x0000000000004da2      0x1ea ./user_c/SEEKFREE_18TFT.o
                0x0000000000004da2                lcd_show_gray_image
 .text.lcd_drawbigpoint
                0x0000000000004f8c       0xe0 ./user_c/SEEKFREE_18TFT.o
                0x0000000000004f8c                lcd_drawbigpoint
 .text.GetOSTU  0x000000000000506c      0x398 ./user_c/camera.o
                0x000000000000506c                GetOSTU
 .text.Trail8AllInit
                0x0000000000005404       0x22 ./user_c/camera.o
                0x0000000000005404                Trail8AllInit
 .text.Trail8AllBoundaryStore
                0x0000000000005426      0x1c8 ./user_c/camera.o
                0x0000000000005426                Trail8AllBoundaryStore
 .text.CheckTrail8Overlap
                0x00000000000055ee      0x12c ./user_c/camera.o
                0x00000000000055ee                CheckTrail8Overlap
 .text.CalculateEdgeFromTrail8All
                0x000000000000571a      0x6ec ./user_c/camera.o
                0x000000000000571a                CalculateEdgeFromTrail8All
 .text.eight_neighbor
                0x0000000000005e06     0x43c8 ./user_c/camera.o
                0x0000000000005e06                eight_neighbor
 .text.least_square_method_struct
                0x000000000000a1ce      0x2fe ./user_c/camera.o
                0x000000000000a1ce                least_square_method_struct
 .text.connect_two_point
                0x000000000000a4cc      0x14a ./user_c/camera.o
                0x000000000000a4cc                connect_two_point
 .text.meun_function
                0x000000000000a616      0xf74 ./user_c/function_test.o
                0x000000000000a616                meun_function
 .text.function_test_init
                0x000000000000b58a      0x1c2 ./user_c/function_test.o
                0x000000000000b58a                function_test_init
 .text.function_test
                0x000000000000b74c      0x29c ./user_c/function_test.o
                0x000000000000b74c                function_test
 .text.lcd_draw_X
                0x000000000000b9e8      0x15e ./user_c/function_test.o
                0x000000000000b9e8                lcd_draw_X
 .text.lcd_draw_10
                0x000000000000bb46      0x126 ./user_c/function_test.o
                0x000000000000bb46                lcd_draw_10
 .text.USART1_IRQHandler
                0x000000000000bc6c       0x34 ./user_c/isr.o
                0x000000000000bc6c                USART1_IRQHandler
 .text.USART2_IRQHandler
                0x000000000000bca0      0x244 ./user_c/isr.o
                0x000000000000bca0                USART2_IRQHandler
 .text.USART3_IRQHandler
                0x000000000000bee4       0x34 ./user_c/isr.o
                0x000000000000bee4                USART3_IRQHandler
 .text.UART4_IRQHandler
                0x000000000000bf18       0x34 ./user_c/isr.o
                0x000000000000bf18                UART4_IRQHandler
 .text.UART5_IRQHandler
                0x000000000000bf4c       0x30 ./user_c/isr.o
                0x000000000000bf4c                UART5_IRQHandler
 .text.UART6_IRQHandler
                0x000000000000bf7c       0x34 ./user_c/isr.o
                0x000000000000bf7c                UART6_IRQHandler
 .text.UART7_IRQHandler
                0x000000000000bfb0       0x52 ./user_c/isr.o
                0x000000000000bfb0                UART7_IRQHandler
 .text.UART8_IRQHandler
                0x000000000000c002       0x2c ./user_c/isr.o
                0x000000000000c002                UART8_IRQHandler
 .text.DVP_IRQHandler
                0x000000000000c02e       0x3e ./user_c/isr.o
                0x000000000000c02e                DVP_IRQHandler
 .text.EXTI0_IRQHandler
                0x000000000000c06c       0x24 ./user_c/isr.o
                0x000000000000c06c                EXTI0_IRQHandler
 .text.EXTI1_IRQHandler
                0x000000000000c090       0x24 ./user_c/isr.o
                0x000000000000c090                EXTI1_IRQHandler
 .text.EXTI2_IRQHandler
                0x000000000000c0b4       0x24 ./user_c/isr.o
                0x000000000000c0b4                EXTI2_IRQHandler
 .text.EXTI3_IRQHandler
                0x000000000000c0d8       0x24 ./user_c/isr.o
                0x000000000000c0d8                EXTI3_IRQHandler
 .text.EXTI4_IRQHandler
                0x000000000000c0fc       0x24 ./user_c/isr.o
                0x000000000000c0fc                EXTI4_IRQHandler
 .text.EXTI9_5_IRQHandler
                0x000000000000c120       0xb6 ./user_c/isr.o
                0x000000000000c120                EXTI9_5_IRQHandler
 .text.EXTI15_10_IRQHandler
                0x000000000000c1d6       0x94 ./user_c/isr.o
                0x000000000000c1d6                EXTI15_10_IRQHandler
 .text.TIM1_UP_IRQHandler
                0x000000000000c26a       0x30 ./user_c/isr.o
                0x000000000000c26a                TIM1_UP_IRQHandler
 .text.TIM2_IRQHandler
                0x000000000000c29a       0x28 ./user_c/isr.o
                0x000000000000c29a                TIM2_IRQHandler
 .text.TIM3_IRQHandler
                0x000000000000c2c2       0x30 ./user_c/isr.o
                0x000000000000c2c2                TIM3_IRQHandler
 .text.TIM4_IRQHandler
                0x000000000000c2f2       0x30 ./user_c/isr.o
                0x000000000000c2f2                TIM4_IRQHandler
 .text.TIM5_IRQHandler
                0x000000000000c322       0x30 ./user_c/isr.o
                0x000000000000c322                TIM5_IRQHandler
 .text.BEEP_RING
                0x000000000000c352       0x60 ./user_c/isr.o
                0x000000000000c352                BEEP_RING
 .text.TIM6_IRQHandler
                0x000000000000c3b2      0x502 ./user_c/isr.o
                0x000000000000c3b2                TIM6_IRQHandler
 .text.TIM7_IRQHandler
                0x000000000000c8b4       0x30 ./user_c/isr.o
                0x000000000000c8b4                TIM7_IRQHandler
 .text.TIM8_UP_IRQHandler
                0x000000000000c8e4       0x30 ./user_c/isr.o
                0x000000000000c8e4                TIM8_UP_IRQHandler
 .text.TIM9_UP_IRQHandler
                0x000000000000c914       0x30 ./user_c/isr.o
                0x000000000000c914                TIM9_UP_IRQHandler
 .text.TIM10_UP_IRQHandler
                0x000000000000c944       0x28 ./user_c/isr.o
                0x000000000000c944                TIM10_UP_IRQHandler
 .text.NMI_Handler
                0x000000000000c96c       0x10 ./user_c/isr.o
                0x000000000000c96c                NMI_Handler
 .text.HardFault_Handler
                0x000000000000c97c       0x28 ./user_c/isr.o
                0x000000000000c97c                HardFault_Handler
 .text.main     0x000000000000c9a4       0xe6 ./user_c/main.o
                0x000000000000c9a4                main
 .text.speed_get
                0x000000000000ca8a       0x5a ./user_c/motor.o
                0x000000000000ca8a                speed_get
 .text.speed_set
                0x000000000000cae4       0xe8 ./user_c/motor.o
                0x000000000000cae4                speed_set
 .text.speed_stop
                0x000000000000cbcc       0x6a ./user_c/motor.o
                0x000000000000cbcc                speed_stop
 .text.speed_start
                0x000000000000cc36       0x62 ./user_c/motor.o
                0x000000000000cc36                speed_start
 .text.speed_control
                0x000000000000cc98       0x2c ./user_c/motor.o
                0x000000000000cc98                speed_control
 .text.Motor_PID
                0x000000000000ccc4      0x350 ./user_c/pid.o
                0x000000000000ccc4                Motor_PID
 .text.Turn_PID
                0x000000000000d014      0x19a ./user_c/pid.o
                0x000000000000d014                Turn_PID
 .text.my_pid   0x000000000000d1ae      0x6b0 ./user_c/pid.o
                0x000000000000d1ae                my_pid
 .text.vector_handler
                0x000000000000d85e       0xbe ./sdk/Startup/startup_ch32v30x.o
                0x000000000000d862                Ecall_M_Mode_Handler
                0x000000000000d864                Ecall_U_Mode_Handler
                0x000000000000d866                Break_Point_Handler
                0x000000000000d868                SysTick_Handler
                0x000000000000d86a                SW_handler
                0x000000000000d86c                WWDG_IRQHandler
                0x000000000000d86e                PVD_IRQHandler
                0x000000000000d870                TAMPER_IRQHandler
                0x000000000000d872                RTC_IRQHandler
                0x000000000000d874                FLASH_IRQHandler
                0x000000000000d876                RCC_IRQHandler
                0x000000000000d882                DMA1_Channel1_IRQHandler
                0x000000000000d884                DMA1_Channel2_IRQHandler
                0x000000000000d886                DMA1_Channel3_IRQHandler
                0x000000000000d888                DMA1_Channel4_IRQHandler
                0x000000000000d88a                DMA1_Channel5_IRQHandler
                0x000000000000d88c                DMA1_Channel6_IRQHandler
                0x000000000000d88e                DMA1_Channel7_IRQHandler
                0x000000000000d890                ADC1_2_IRQHandler
                0x000000000000d892                USB_HP_CAN1_TX_IRQHandler
                0x000000000000d894                USB_LP_CAN1_RX0_IRQHandler
                0x000000000000d896                CAN1_RX1_IRQHandler
                0x000000000000d898                CAN1_SCE_IRQHandler
                0x000000000000d89c                TIM1_BRK_IRQHandler
                0x000000000000d8a0                TIM1_TRG_COM_IRQHandler
                0x000000000000d8a2                TIM1_CC_IRQHandler
                0x000000000000d8aa                I2C1_EV_IRQHandler
                0x000000000000d8ac                I2C1_ER_IRQHandler
                0x000000000000d8ae                I2C2_EV_IRQHandler
                0x000000000000d8b0                I2C2_ER_IRQHandler
                0x000000000000d8b2                SPI1_IRQHandler
                0x000000000000d8b4                SPI2_IRQHandler
                0x000000000000d8be                RTCAlarm_IRQHandler
                0x000000000000d8c0                USBWakeUp_IRQHandler
                0x000000000000d8c2                TIM8_BRK_IRQHandler
                0x000000000000d8c6                TIM8_TRG_COM_IRQHandler
                0x000000000000d8c8                TIM8_CC_IRQHandler
                0x000000000000d8ca                RNG_IRQHandler
                0x000000000000d8cc                FSMC_IRQHandler
                0x000000000000d8ce                SDIO_IRQHandler
                0x000000000000d8d2                SPI3_IRQHandler
                0x000000000000d8dc                DMA2_Channel1_IRQHandler
                0x000000000000d8de                DMA2_Channel2_IRQHandler
                0x000000000000d8e0                DMA2_Channel3_IRQHandler
                0x000000000000d8e2                DMA2_Channel4_IRQHandler
                0x000000000000d8e4                DMA2_Channel5_IRQHandler
                0x000000000000d8e6                ETH_IRQHandler
                0x000000000000d8e8                ETH_WKUP_IRQHandler
                0x000000000000d8ea                CAN2_TX_IRQHandler
                0x000000000000d8ec                CAN2_RX0_IRQHandler
                0x000000000000d8ee                CAN2_RX1_IRQHandler
                0x000000000000d8f0                CAN2_SCE_IRQHandler
                0x000000000000d8f4                USBHSWakeup_IRQHandler
                0x000000000000d8f6                USBHS_IRQHandler
                0x000000000000d900                TIM9_BRK_IRQHandler
                0x000000000000d904                TIM9_TRG_COM_IRQHandler
                0x000000000000d906                TIM9_CC_IRQHandler
                0x000000000000d908                TIM10_BRK_IRQHandler
                0x000000000000d90c                TIM10_TRG_COM_IRQHandler
                0x000000000000d90e                TIM10_CC_IRQHandler
                0x000000000000d910                DMA2_Channel6_IRQHandler
                0x000000000000d912                DMA2_Channel7_IRQHandler
                0x000000000000d914                DMA2_Channel8_IRQHandler
                0x000000000000d916                DMA2_Channel9_IRQHandler
                0x000000000000d918                DMA2_Channel10_IRQHandler
                0x000000000000d91a                DMA2_Channel11_IRQHandler
 .text.handle_reset
                0x000000000000d91c       0x92 ./sdk/Startup/startup_ch32v30x.o
                0x000000000000d91c                handle_reset
 .text.SystemInit
                0x000000000000d9ae       0x7c ./sdk/Startup/system_ch32v30x.o
                0x000000000000d9ae                SystemInit
 .text.SetSysClock
                0x000000000000da2a       0x14 ./sdk/Startup/system_ch32v30x.o
 .text.SetSysClockTo144
                0x000000000000da3e      0x162 ./sdk/Startup/system_ch32v30x.o
 .text.ADC_DeInit
                0x000000000000dba0       0x60 ./sdk/Peripheral/ch32v30x_adc.o
                0x000000000000dba0                ADC_DeInit
 .text.ADC_Init
                0x000000000000dc00      0x102 ./sdk/Peripheral/ch32v30x_adc.o
                0x000000000000dc00                ADC_Init
 .text.ADC_Cmd  0x000000000000dd02       0x3e ./sdk/Peripheral/ch32v30x_adc.o
                0x000000000000dd02                ADC_Cmd
 .text.ADC_ResetCalibration
                0x000000000000dd40       0x22 ./sdk/Peripheral/ch32v30x_adc.o
                0x000000000000dd40                ADC_ResetCalibration
 .text.ADC_GetResetCalibrationStatus
                0x000000000000dd62       0x30 ./sdk/Peripheral/ch32v30x_adc.o
                0x000000000000dd62                ADC_GetResetCalibrationStatus
 .text.ADC_StartCalibration
                0x000000000000dd92       0x22 ./sdk/Peripheral/ch32v30x_adc.o
                0x000000000000dd92                ADC_StartCalibration
 .text.ADC_GetCalibrationStatus
                0x000000000000ddb4       0x30 ./sdk/Peripheral/ch32v30x_adc.o
                0x000000000000ddb4                ADC_GetCalibrationStatus
 .text.ADC_SoftwareStartConvCmd
                0x000000000000dde4       0x44 ./sdk/Peripheral/ch32v30x_adc.o
                0x000000000000dde4                ADC_SoftwareStartConvCmd
 .text.ADC_RegularChannelConfig
                0x000000000000de28      0x248 ./sdk/Peripheral/ch32v30x_adc.o
                0x000000000000de28                ADC_RegularChannelConfig
 .text.ADC_GetFlagStatus
                0x000000000000e070       0x3a ./sdk/Peripheral/ch32v30x_adc.o
                0x000000000000e070                ADC_GetFlagStatus
 .text.ADC_BufferCmd
                0x000000000000e0aa       0x44 ./sdk/Peripheral/ch32v30x_adc.o
                0x000000000000e0aa                ADC_BufferCmd
 .text.EXTI_GetITStatus
                0x000000000000e0ee       0x56 ./sdk/Peripheral/ch32v30x_exti.o
                0x000000000000e0ee                EXTI_GetITStatus
 .text.EXTI_ClearITPendingBit
                0x000000000000e144       0x20 ./sdk/Peripheral/ch32v30x_exti.o
                0x000000000000e144                EXTI_ClearITPendingBit
 .text.GPIO_Init
                0x000000000000e164      0x22a ./sdk/Peripheral/ch32v30x_gpio.o
                0x000000000000e164                GPIO_Init
 .text.GPIO_WriteBit
                0x000000000000e38e       0x38 ./sdk/Peripheral/ch32v30x_gpio.o
                0x000000000000e38e                GPIO_WriteBit
 .text.GPIO_PinRemapConfig
                0x000000000000e3c6      0x13c ./sdk/Peripheral/ch32v30x_gpio.o
                0x000000000000e3c6                GPIO_PinRemapConfig
 .text.RCC_ADCCLKConfig
                0x000000000000e502       0x46 ./sdk/Peripheral/ch32v30x_rcc.o
                0x000000000000e502                RCC_ADCCLKConfig
 .text.RCC_GetClocksFreq
                0x000000000000e548      0x2c6 ./sdk/Peripheral/ch32v30x_rcc.o
                0x000000000000e548                RCC_GetClocksFreq
 .text.RCC_AHBPeriphClockCmd
                0x000000000000e80e       0x46 ./sdk/Peripheral/ch32v30x_rcc.o
                0x000000000000e80e                RCC_AHBPeriphClockCmd
 .text.RCC_APB2PeriphClockCmd
                0x000000000000e854       0x46 ./sdk/Peripheral/ch32v30x_rcc.o
                0x000000000000e854                RCC_APB2PeriphClockCmd
 .text.RCC_APB1PeriphClockCmd
                0x000000000000e89a       0x46 ./sdk/Peripheral/ch32v30x_rcc.o
                0x000000000000e89a                RCC_APB1PeriphClockCmd
 .text.RCC_APB2PeriphResetCmd
                0x000000000000e8e0       0x46 ./sdk/Peripheral/ch32v30x_rcc.o
                0x000000000000e8e0                RCC_APB2PeriphResetCmd
 .text.TIM_TimeBaseInit
                0x000000000000e926      0x17e ./sdk/Peripheral/ch32v30x_tim.o
                0x000000000000e926                TIM_TimeBaseInit
 .text.TIM_OC1Init
                0x000000000000eaa4      0x19c ./sdk/Peripheral/ch32v30x_tim.o
                0x000000000000eaa4                TIM_OC1Init
 .text.TIM_OC2Init
                0x000000000000ec40      0x1e2 ./sdk/Peripheral/ch32v30x_tim.o
                0x000000000000ec40                TIM_OC2Init
 .text.TIM_OC3Init
                0x000000000000ee22      0x1dc ./sdk/Peripheral/ch32v30x_tim.o
                0x000000000000ee22                TIM_OC3Init
 .text.TIM_OC4Init
                0x000000000000effe      0x176 ./sdk/Peripheral/ch32v30x_tim.o
                0x000000000000effe                TIM_OC4Init
 .text.TIM_TimeBaseStructInit
                0x000000000000f174       0x3c ./sdk/Peripheral/ch32v30x_tim.o
                0x000000000000f174                TIM_TimeBaseStructInit
 .text.TIM_Cmd  0x000000000000f1b0       0x58 ./sdk/Peripheral/ch32v30x_tim.o
                0x000000000000f1b0                TIM_Cmd
 .text.TIM_CtrlPWMOutputs
                0x000000000000f208       0x60 ./sdk/Peripheral/ch32v30x_tim.o
                0x000000000000f208                TIM_CtrlPWMOutputs
 .text.TIM_ITConfig
                0x000000000000f268       0x70 ./sdk/Peripheral/ch32v30x_tim.o
                0x000000000000f268                TIM_ITConfig
 .text.TIM_EncoderInterfaceConfig
                0x000000000000f2d8       0xd8 ./sdk/Peripheral/ch32v30x_tim.o
                0x000000000000f2d8                TIM_EncoderInterfaceConfig
 .text.TIM_OC1PreloadConfig
                0x000000000000f3b0       0x4c ./sdk/Peripheral/ch32v30x_tim.o
                0x000000000000f3b0                TIM_OC1PreloadConfig
 .text.TIM_OC2PreloadConfig
                0x000000000000f3fc       0x5a ./sdk/Peripheral/ch32v30x_tim.o
                0x000000000000f3fc                TIM_OC2PreloadConfig
 .text.TIM_OC3PreloadConfig
                0x000000000000f456       0x4c ./sdk/Peripheral/ch32v30x_tim.o
                0x000000000000f456                TIM_OC3PreloadConfig
 .text.TIM_OC4PreloadConfig
                0x000000000000f4a2       0x5a ./sdk/Peripheral/ch32v30x_tim.o
                0x000000000000f4a2                TIM_OC4PreloadConfig
 .text.TIM_OC1FastConfig
                0x000000000000f4fc       0x4c ./sdk/Peripheral/ch32v30x_tim.o
                0x000000000000f4fc                TIM_OC1FastConfig
 .text.TIM_OC2FastConfig
                0x000000000000f548       0x56 ./sdk/Peripheral/ch32v30x_tim.o
                0x000000000000f548                TIM_OC2FastConfig
 .text.TIM_OC3FastConfig
                0x000000000000f59e       0x4c ./sdk/Peripheral/ch32v30x_tim.o
                0x000000000000f59e                TIM_OC3FastConfig
 .text.TIM_OC4FastConfig
                0x000000000000f5ea       0x56 ./sdk/Peripheral/ch32v30x_tim.o
                0x000000000000f5ea                TIM_OC4FastConfig
 .text.TIM_GetITStatus
                0x000000000000f640       0x70 ./sdk/Peripheral/ch32v30x_tim.o
                0x000000000000f640                TIM_GetITStatus
 .text.TIM_ClearITPendingBit
                0x000000000000f6b0       0x2e ./sdk/Peripheral/ch32v30x_tim.o
                0x000000000000f6b0                TIM_ClearITPendingBit
 .text.USART_Init
                0x000000000000f6de      0x234 ./sdk/Peripheral/ch32v30x_usart.o
                0x000000000000f6de                USART_Init
 .text.USART_Cmd
                0x000000000000f912       0x60 ./sdk/Peripheral/ch32v30x_usart.o
                0x000000000000f912                USART_Cmd
 .text.USART_ITConfig
                0x000000000000f972       0xc4 ./sdk/Peripheral/ch32v30x_usart.o
                0x000000000000f972                USART_ITConfig
 .text.USART_SendData
                0x000000000000fa36       0x2e ./sdk/Peripheral/ch32v30x_usart.o
                0x000000000000fa36                USART_SendData
 .text.USART_GetFlagStatus
                0x000000000000fa64       0x46 ./sdk/Peripheral/ch32v30x_usart.o
                0x000000000000fa64                USART_GetFlagStatus
 .text.USART_GetITStatus
                0x000000000000faaa      0x102 ./sdk/Peripheral/ch32v30x_usart.o
                0x000000000000faaa                USART_GetITStatus
 .text.USART_ClearITPendingBit
                0x000000000000fbac       0x4e ./sdk/Peripheral/ch32v30x_usart.o
                0x000000000000fbac                USART_ClearITPendingBit
 .text.DevEP1_IN_Deal
                0x000000000000fbfa       0x3e ./sdk/Peripheral/ch32v30x_usbotg_device.o
                0x000000000000fbfa                DevEP1_IN_Deal
 .text.DevEP2_IN_Deal
                0x000000000000fc38       0x3e ./sdk/Peripheral/ch32v30x_usbotg_device.o
                0x000000000000fc38                DevEP2_IN_Deal
 .text.DevEP1_OUT_Deal
                0x000000000000fc76       0x66 ./sdk/Peripheral/ch32v30x_usbotg_device.o
                0x000000000000fc76                DevEP1_OUT_Deal
 .text.DevEP2_OUT_Deal
                0x000000000000fcdc       0x66 ./sdk/Peripheral/ch32v30x_usbotg_device.o
                0x000000000000fcdc                DevEP2_OUT_Deal
 .text.OTG_FS_IRQHandler
                0x000000000000fd42      0xc74 ./sdk/Peripheral/ch32v30x_usbotg_device.o
                0x000000000000fd42                OTG_FS_IRQHandler
 .text.__get_MSTATUS
                0x00000000000109b6       0x1a ./sdk/Core/core_riscv.o
                0x00000000000109b6                __get_MSTATUS
 .text.tan      0x00000000000109d0       0x5e d:/mounriver/mounriver_studio/toolchain/risc-v embedded gcc/bin/../lib/gcc/riscv-none-embed/8.2.0/../../../../riscv-none-embed/lib/rv32imac/ilp32\libm.a(lib_a-s_tan.o)
                0x00000000000109d0                tan
 .text.asin     0x0000000000010a2e       0xbe d:/mounriver/mounriver_studio/toolchain/risc-v embedded gcc/bin/../lib/gcc/riscv-none-embed/8.2.0/../../../../riscv-none-embed/lib/rv32imac/ilp32\libm.a(lib_a-w_asin.o)
                0x0000000000010a2e                asin
 .text.atan2    0x0000000000010aec        0x2 d:/mounriver/mounriver_studio/toolchain/risc-v embedded gcc/bin/../lib/gcc/riscv-none-embed/8.2.0/../../../../riscv-none-embed/lib/rv32imac/ilp32\libm.a(lib_a-w_atan2.o)
                0x0000000000010aec                atan2
 .text.__ieee754_asin
                0x0000000000010aee      0x468 d:/mounriver/mounriver_studio/toolchain/risc-v embedded gcc/bin/../lib/gcc/riscv-none-embed/8.2.0/../../../../riscv-none-embed/lib/rv32imac/ilp32\libm.a(lib_a-e_asin.o)
                0x0000000000010aee                __ieee754_asin
 .text.__ieee754_atan2
                0x0000000000010f56      0x1e4 d:/mounriver/mounriver_studio/toolchain/risc-v embedded gcc/bin/../lib/gcc/riscv-none-embed/8.2.0/../../../../riscv-none-embed/lib/rv32imac/ilp32\libm.a(lib_a-e_atan2.o)
                0x0000000000010f56                __ieee754_atan2
 .text.__ieee754_rem_pio2
                0x000000000001113a      0x464 d:/mounriver/mounriver_studio/toolchain/risc-v embedded gcc/bin/../lib/gcc/riscv-none-embed/8.2.0/../../../../riscv-none-embed/lib/rv32imac/ilp32\libm.a(lib_a-e_rem_pio2.o)
                0x000000000001113a                __ieee754_rem_pio2
 .text.__ieee754_sqrt
                0x000000000001159e      0x1d6 d:/mounriver/mounriver_studio/toolchain/risc-v embedded gcc/bin/../lib/gcc/riscv-none-embed/8.2.0/../../../../riscv-none-embed/lib/rv32imac/ilp32\libm.a(lib_a-e_sqrt.o)
                0x000000000001159e                __ieee754_sqrt
 .text.__kernel_rem_pio2
                0x0000000000011774      0x952 d:/mounriver/mounriver_studio/toolchain/risc-v embedded gcc/bin/../lib/gcc/riscv-none-embed/8.2.0/../../../../riscv-none-embed/lib/rv32imac/ilp32\libm.a(lib_a-k_rem_pio2.o)
                0x0000000000011774                __kernel_rem_pio2
 .text.__kernel_tan
                0x00000000000120c6      0x3ae d:/mounriver/mounriver_studio/toolchain/risc-v embedded gcc/bin/../lib/gcc/riscv-none-embed/8.2.0/../../../../riscv-none-embed/lib/rv32imac/ilp32\libm.a(lib_a-k_tan.o)
                0x00000000000120c6                __kernel_tan
 .text.atan     0x0000000000012474      0x324 d:/mounriver/mounriver_studio/toolchain/risc-v embedded gcc/bin/../lib/gcc/riscv-none-embed/8.2.0/../../../../riscv-none-embed/lib/rv32imac/ilp32\libm.a(lib_a-s_atan.o)
                0x0000000000012474                atan
 .text.fabs     0x0000000000012798        0x6 d:/mounriver/mounriver_studio/toolchain/risc-v embedded gcc/bin/../lib/gcc/riscv-none-embed/8.2.0/../../../../riscv-none-embed/lib/rv32imac/ilp32\libm.a(lib_a-s_fabs.o)
                0x0000000000012798                fabs
 .text.floor    0x000000000001279e      0x150 d:/mounriver/mounriver_studio/toolchain/risc-v embedded gcc/bin/../lib/gcc/riscv-none-embed/8.2.0/../../../../riscv-none-embed/lib/rv32imac/ilp32\libm.a(lib_a-s_floor.o)
                0x000000000001279e                floor
 .text.matherr  0x00000000000128ee        0x4 d:/mounriver/mounriver_studio/toolchain/risc-v embedded gcc/bin/../lib/gcc/riscv-none-embed/8.2.0/../../../../riscv-none-embed/lib/rv32imac/ilp32\libm.a(lib_a-s_matherr.o)
                0x00000000000128ee                matherr
 .text.nan      0x00000000000128f2        0xe d:/mounriver/mounriver_studio/toolchain/risc-v embedded gcc/bin/../lib/gcc/riscv-none-embed/8.2.0/../../../../riscv-none-embed/lib/rv32imac/ilp32\libm.a(lib_a-s_nan.o)
                0x00000000000128f2                nan
 .text.scalbn   0x0000000000012900      0x13e d:/mounriver/mounriver_studio/toolchain/risc-v embedded gcc/bin/../lib/gcc/riscv-none-embed/8.2.0/../../../../riscv-none-embed/lib/rv32imac/ilp32\libm.a(lib_a-s_scalbn.o)
                0x0000000000012900                scalbn
 .text.copysign
                0x0000000000012a3e       0x16 d:/mounriver/mounriver_studio/toolchain/risc-v embedded gcc/bin/../lib/gcc/riscv-none-embed/8.2.0/../../../../riscv-none-embed/lib/rv32imac/ilp32\libm.a(lib_a-s_copysign.o)
                0x0000000000012a3e                copysign
 .text.__adddf3
                0x0000000000012a54      0x730 d:/mounriver/mounriver_studio/toolchain/risc-v embedded gcc/bin/../lib/gcc/riscv-none-embed/8.2.0/rv32imac/ilp32\libgcc.a(adddf3.o)
                0x0000000000012a54                __adddf3
 .text.__divdf3
                0x0000000000013184      0x5b4 d:/mounriver/mounriver_studio/toolchain/risc-v embedded gcc/bin/../lib/gcc/riscv-none-embed/8.2.0/rv32imac/ilp32\libgcc.a(divdf3.o)
                0x0000000000013184                __divdf3
 .text.__eqdf2  0x0000000000013738       0x6a d:/mounriver/mounriver_studio/toolchain/risc-v embedded gcc/bin/../lib/gcc/riscv-none-embed/8.2.0/rv32imac/ilp32\libgcc.a(eqdf2.o)
                0x0000000000013738                __nedf2
                0x0000000000013738                __eqdf2
 .text.__gedf2  0x00000000000137a2       0xae d:/mounriver/mounriver_studio/toolchain/risc-v embedded gcc/bin/../lib/gcc/riscv-none-embed/8.2.0/rv32imac/ilp32\libgcc.a(gedf2.o)
                0x00000000000137a2                __gedf2
                0x00000000000137a2                __gtdf2
 .text.__ledf2  0x0000000000013850       0xb6 d:/mounriver/mounriver_studio/toolchain/risc-v embedded gcc/bin/../lib/gcc/riscv-none-embed/8.2.0/rv32imac/ilp32\libgcc.a(ledf2.o)
                0x0000000000013850                __ledf2
                0x0000000000013850                __ltdf2
 .text.__muldf3
                0x0000000000013906      0x4b8 d:/mounriver/mounriver_studio/toolchain/risc-v embedded gcc/bin/../lib/gcc/riscv-none-embed/8.2.0/rv32imac/ilp32\libgcc.a(muldf3.o)
                0x0000000000013906                __muldf3
 .text.__subdf3
                0x0000000000013dbe      0x73e d:/mounriver/mounriver_studio/toolchain/risc-v embedded gcc/bin/../lib/gcc/riscv-none-embed/8.2.0/rv32imac/ilp32\libgcc.a(subdf3.o)
                0x0000000000013dbe                __subdf3
 .text.__unorddf2
                0x00000000000144fc       0x3c d:/mounriver/mounriver_studio/toolchain/risc-v embedded gcc/bin/../lib/gcc/riscv-none-embed/8.2.0/rv32imac/ilp32\libgcc.a(unorddf2.o)
                0x00000000000144fc                __unorddf2
 .text.__fixdfsi
                0x0000000000014538       0x68 d:/mounriver/mounriver_studio/toolchain/risc-v embedded gcc/bin/../lib/gcc/riscv-none-embed/8.2.0/rv32imac/ilp32\libgcc.a(fixdfsi.o)
                0x0000000000014538                __fixdfsi
 .text.__floatsidf
                0x00000000000145a0       0x72 d:/mounriver/mounriver_studio/toolchain/risc-v embedded gcc/bin/../lib/gcc/riscv-none-embed/8.2.0/rv32imac/ilp32\libgcc.a(floatsidf.o)
                0x00000000000145a0                __floatsidf
 .text.__addsf3
                0x0000000000014612      0x36a d:/mounriver/mounriver_studio/toolchain/risc-v embedded gcc/bin/../lib/gcc/riscv-none-embed/8.2.0/rv32imac/ilp32\libgcc.a(addsf3.o)
                0x0000000000014612                __addsf3
 .text.__divsf3
                0x000000000001497c      0x2b2 d:/mounriver/mounriver_studio/toolchain/risc-v embedded gcc/bin/../lib/gcc/riscv-none-embed/8.2.0/rv32imac/ilp32\libgcc.a(divsf3.o)
                0x000000000001497c                __divsf3
 .text.__eqsf2  0x0000000000014c2e       0x5c d:/mounriver/mounriver_studio/toolchain/risc-v embedded gcc/bin/../lib/gcc/riscv-none-embed/8.2.0/rv32imac/ilp32\libgcc.a(eqsf2.o)
                0x0000000000014c2e                __eqsf2
                0x0000000000014c2e                __nesf2
 .text.__gesf2  0x0000000000014c8a       0x86 d:/mounriver/mounriver_studio/toolchain/risc-v embedded gcc/bin/../lib/gcc/riscv-none-embed/8.2.0/rv32imac/ilp32\libgcc.a(gesf2.o)
                0x0000000000014c8a                __gesf2
                0x0000000000014c8a                __gtsf2
 .text.__lesf2  0x0000000000014d10       0x8c d:/mounriver/mounriver_studio/toolchain/risc-v embedded gcc/bin/../lib/gcc/riscv-none-embed/8.2.0/rv32imac/ilp32\libgcc.a(lesf2.o)
                0x0000000000014d10                __ltsf2
                0x0000000000014d10                __lesf2
 .text.__mulsf3
                0x0000000000014d9c      0x294 d:/mounriver/mounriver_studio/toolchain/risc-v embedded gcc/bin/../lib/gcc/riscv-none-embed/8.2.0/rv32imac/ilp32\libgcc.a(mulsf3.o)
                0x0000000000014d9c                __mulsf3
 .text.__subsf3
                0x0000000000015030      0x388 d:/mounriver/mounriver_studio/toolchain/risc-v embedded gcc/bin/../lib/gcc/riscv-none-embed/8.2.0/rv32imac/ilp32\libgcc.a(subsf3.o)
                0x0000000000015030                __subsf3
 .text.__fixsfsi
                0x00000000000153b8       0x62 d:/mounriver/mounriver_studio/toolchain/risc-v embedded gcc/bin/../lib/gcc/riscv-none-embed/8.2.0/rv32imac/ilp32\libgcc.a(fixsfsi.o)
                0x00000000000153b8                __fixsfsi
 .text.__floatsisf
                0x000000000001541a       0xc6 d:/mounriver/mounriver_studio/toolchain/risc-v embedded gcc/bin/../lib/gcc/riscv-none-embed/8.2.0/rv32imac/ilp32\libgcc.a(floatsisf.o)
                0x000000000001541a                __floatsisf
 .text.__floatunsisf
                0x00000000000154e0       0xce d:/mounriver/mounriver_studio/toolchain/risc-v embedded gcc/bin/../lib/gcc/riscv-none-embed/8.2.0/rv32imac/ilp32\libgcc.a(floatunsisf.o)
                0x00000000000154e0                __floatunsisf
 .text.__extendsfdf2
                0x00000000000155ae       0xac d:/mounriver/mounriver_studio/toolchain/risc-v embedded gcc/bin/../lib/gcc/riscv-none-embed/8.2.0/rv32imac/ilp32\libgcc.a(extendsfdf2.o)
                0x00000000000155ae                __extendsfdf2
 .text.__truncdfsf2
                0x000000000001565a      0x16a d:/mounriver/mounriver_studio/toolchain/risc-v embedded gcc/bin/../lib/gcc/riscv-none-embed/8.2.0/rv32imac/ilp32\libgcc.a(truncdfsf2.o)
                0x000000000001565a                __truncdfsf2
 .text.__clzsi2
                0x00000000000157c4       0x76 d:/mounriver/mounriver_studio/toolchain/risc-v embedded gcc/bin/../lib/gcc/riscv-none-embed/8.2.0/rv32imac/ilp32\libgcc.a(_clzsi2.o)
                0x00000000000157c4                __clzsi2
 .text.__errno  0x000000000001583a        0x8 d:/mounriver/mounriver_studio/toolchain/risc-v embedded gcc/bin/../lib/gcc/riscv-none-embed/8.2.0/../../../../riscv-none-embed/lib/rv32imac/ilp32\libg_nano.a(lib_a-errno.o)
                0x000000000001583a                __errno
 .text.memcpy   0x0000000000015842       0xb6 d:/mounriver/mounriver_studio/toolchain/risc-v embedded gcc/bin/../lib/gcc/riscv-none-embed/8.2.0/../../../../riscv-none-embed/lib/rv32imac/ilp32\libg_nano.a(lib_a-memcpy.o)
                0x0000000000015842                memcpy
 .text.printf   0x00000000000158f8       0x40 d:/mounriver/mounriver_studio/toolchain/risc-v embedded gcc/bin/../lib/gcc/riscv-none-embed/8.2.0/../../../../riscv-none-embed/lib/rv32imac/ilp32\libg_nano.a(lib_a-printf.o)
                0x00000000000158f8                iprintf
                0x00000000000158f8                printf
 .text._puts_r  0x0000000000015938       0xda d:/mounriver/mounriver_studio/toolchain/risc-v embedded gcc/bin/../lib/gcc/riscv-none-embed/8.2.0/../../../../riscv-none-embed/lib/rv32imac/ilp32\libg_nano.a(lib_a-puts.o)
                0x0000000000015938                _puts_r
 .text.puts     0x0000000000015a12        0xc d:/mounriver/mounriver_studio/toolchain/risc-v embedded gcc/bin/../lib/gcc/riscv-none-embed/8.2.0/../../../../riscv-none-embed/lib/rv32imac/ilp32\libg_nano.a(lib_a-puts.o)
                0x0000000000015a12                puts
 .text.sprintf  0x0000000000015a1e       0x46 d:/mounriver/mounriver_studio/toolchain/risc-v embedded gcc/bin/../lib/gcc/riscv-none-embed/8.2.0/../../../../riscv-none-embed/lib/rv32imac/ilp32\libg_nano.a(lib_a-sprintf.o)
                0x0000000000015a1e                siprintf
                0x0000000000015a1e                sprintf
 .text.strncmp  0x0000000000015a64       0x2c d:/mounriver/mounriver_studio/toolchain/risc-v embedded gcc/bin/../lib/gcc/riscv-none-embed/8.2.0/../../../../riscv-none-embed/lib/rv32imac/ilp32\libg_nano.a(lib_a-strncmp.o)
                0x0000000000015a64                strncmp
 .text.__swbuf_r
                0x0000000000015a90       0xc0 d:/mounriver/mounriver_studio/toolchain/risc-v embedded gcc/bin/../lib/gcc/riscv-none-embed/8.2.0/../../../../riscv-none-embed/lib/rv32imac/ilp32\libg_nano.a(lib_a-wbuf.o)
                0x0000000000015a90                __swbuf_r
 .text.__swsetup_r
                0x0000000000015b50      0x10c d:/mounriver/mounriver_studio/toolchain/risc-v embedded gcc/bin/../lib/gcc/riscv-none-embed/8.2.0/../../../../riscv-none-embed/lib/rv32imac/ilp32\libg_nano.a(lib_a-wsetup.o)
                0x0000000000015b50                __swsetup_r
 .text.__sflush_r
                0x0000000000015c5c      0x13c d:/mounriver/mounriver_studio/toolchain/risc-v embedded gcc/bin/../lib/gcc/riscv-none-embed/8.2.0/../../../../riscv-none-embed/lib/rv32imac/ilp32\libg_nano.a(lib_a-fflush.o)
                0x0000000000015c5c                __sflush_r
 .text._fflush_r
                0x0000000000015d98       0x66 d:/mounriver/mounriver_studio/toolchain/risc-v embedded gcc/bin/../lib/gcc/riscv-none-embed/8.2.0/../../../../riscv-none-embed/lib/rv32imac/ilp32\libg_nano.a(lib_a-fflush.o)
                0x0000000000015d98                _fflush_r
 .text.std      0x0000000000015dfe       0x6a d:/mounriver/mounriver_studio/toolchain/risc-v embedded gcc/bin/../lib/gcc/riscv-none-embed/8.2.0/../../../../riscv-none-embed/lib/rv32imac/ilp32\libg_nano.a(lib_a-findfp.o)
 .text._cleanup_r
                0x0000000000015e68        0xa d:/mounriver/mounriver_studio/toolchain/risc-v embedded gcc/bin/../lib/gcc/riscv-none-embed/8.2.0/../../../../riscv-none-embed/lib/rv32imac/ilp32\libg_nano.a(lib_a-findfp.o)
                0x0000000000015e68                _cleanup_r
 .text.__sfmoreglue
                0x0000000000015e72       0x46 d:/mounriver/mounriver_studio/toolchain/risc-v embedded gcc/bin/../lib/gcc/riscv-none-embed/8.2.0/../../../../riscv-none-embed/lib/rv32imac/ilp32\libg_nano.a(lib_a-findfp.o)
                0x0000000000015e72                __sfmoreglue
 .text.__sinit  0x0000000000015eb8       0x6c d:/mounriver/mounriver_studio/toolchain/risc-v embedded gcc/bin/../lib/gcc/riscv-none-embed/8.2.0/../../../../riscv-none-embed/lib/rv32imac/ilp32\libg_nano.a(lib_a-findfp.o)
                0x0000000000015eb8                __sinit
 .text.__sfp    0x0000000000015f24       0xa0 d:/mounriver/mounriver_studio/toolchain/risc-v embedded gcc/bin/../lib/gcc/riscv-none-embed/8.2.0/../../../../riscv-none-embed/lib/rv32imac/ilp32\libg_nano.a(lib_a-findfp.o)
                0x0000000000015f24                __sfp
 .text._fwalk_reent
                0x0000000000015fc4       0x6c d:/mounriver/mounriver_studio/toolchain/risc-v embedded gcc/bin/../lib/gcc/riscv-none-embed/8.2.0/../../../../riscv-none-embed/lib/rv32imac/ilp32\libg_nano.a(lib_a-fwalk.o)
                0x0000000000015fc4                _fwalk_reent
 .text.__swhatbuf_r
                0x0000000000016030       0x5a d:/mounriver/mounriver_studio/toolchain/risc-v embedded gcc/bin/../lib/gcc/riscv-none-embed/8.2.0/../../../../riscv-none-embed/lib/rv32imac/ilp32\libg_nano.a(lib_a-makebuf.o)
                0x0000000000016030                __swhatbuf_r
 .text.__smakebuf_r
                0x000000000001608a       0xa0 d:/mounriver/mounriver_studio/toolchain/risc-v embedded gcc/bin/../lib/gcc/riscv-none-embed/8.2.0/../../../../riscv-none-embed/lib/rv32imac/ilp32\libg_nano.a(lib_a-makebuf.o)
                0x000000000001608a                __smakebuf_r
 .text._free_r  0x000000000001612a       0xa8 d:/mounriver/mounriver_studio/toolchain/risc-v embedded gcc/bin/../lib/gcc/riscv-none-embed/8.2.0/../../../../riscv-none-embed/lib/rv32imac/ilp32\libg_nano.a(lib_a-nano-freer.o)
                0x000000000001612a                _free_r
 .text._malloc_r
                0x00000000000161d2       0xda d:/mounriver/mounriver_studio/toolchain/risc-v embedded gcc/bin/../lib/gcc/riscv-none-embed/8.2.0/../../../../riscv-none-embed/lib/rv32imac/ilp32\libg_nano.a(lib_a-nano-mallocr.o)
                0x00000000000161d2                _malloc_r
 .text.__ssputs_r
                0x00000000000162ac       0xee d:/mounriver/mounriver_studio/toolchain/risc-v embedded gcc/bin/../lib/gcc/riscv-none-embed/8.2.0/../../../../riscv-none-embed/lib/rv32imac/ilp32\libg_nano.a(lib_a-nano-svfprintf.o)
                0x00000000000162ac                __ssputs_r
 .text._svfprintf_r
                0x000000000001639a      0x280 d:/mounriver/mounriver_studio/toolchain/risc-v embedded gcc/bin/../lib/gcc/riscv-none-embed/8.2.0/../../../../riscv-none-embed/lib/rv32imac/ilp32\libg_nano.a(lib_a-nano-svfprintf.o)
                0x000000000001639a                _svfiprintf_r
                0x000000000001639a                _svfprintf_r
 .text.__sfputc_r
                0x000000000001661a       0x2a d:/mounriver/mounriver_studio/toolchain/risc-v embedded gcc/bin/../lib/gcc/riscv-none-embed/8.2.0/../../../../riscv-none-embed/lib/rv32imac/ilp32\libg_nano.a(lib_a-nano-vfprintf.o)
 .text.__sfputs_r
                0x0000000000016644       0x44 d:/mounriver/mounriver_studio/toolchain/risc-v embedded gcc/bin/../lib/gcc/riscv-none-embed/8.2.0/../../../../riscv-none-embed/lib/rv32imac/ilp32\libg_nano.a(lib_a-nano-vfprintf.o)
                0x0000000000016644                __sfputs_r
 .text._vfprintf_r
                0x0000000000016688      0x29c d:/mounriver/mounriver_studio/toolchain/risc-v embedded gcc/bin/../lib/gcc/riscv-none-embed/8.2.0/../../../../riscv-none-embed/lib/rv32imac/ilp32\libg_nano.a(lib_a-nano-vfprintf.o)
                0x0000000000016688                _vfprintf_r
                0x0000000000016688                _vfiprintf_r
 .text._printf_common
                0x0000000000016924      0x10c d:/mounriver/mounriver_studio/toolchain/risc-v embedded gcc/bin/../lib/gcc/riscv-none-embed/8.2.0/../../../../riscv-none-embed/lib/rv32imac/ilp32\libg_nano.a(lib_a-nano-vfprintf_i.o)
                0x0000000000016924                _printf_common
 .text._printf_i
                0x0000000000016a30      0x2aa d:/mounriver/mounriver_studio/toolchain/risc-v embedded gcc/bin/../lib/gcc/riscv-none-embed/8.2.0/../../../../riscv-none-embed/lib/rv32imac/ilp32\libg_nano.a(lib_a-nano-vfprintf_i.o)
                0x0000000000016a30                _printf_i
 .text._sbrk_r  0x0000000000016cda       0x30 d:/mounriver/mounriver_studio/toolchain/risc-v embedded gcc/bin/../lib/gcc/riscv-none-embed/8.2.0/../../../../riscv-none-embed/lib/rv32imac/ilp32\libg_nano.a(lib_a-sbrkr.o)
                0x0000000000016cda                _sbrk_r
 .text.__sread  0x0000000000016d0a       0x30 d:/mounriver/mounriver_studio/toolchain/risc-v embedded gcc/bin/../lib/gcc/riscv-none-embed/8.2.0/../../../../riscv-none-embed/lib/rv32imac/ilp32\libg_nano.a(lib_a-stdio.o)
                0x0000000000016d0a                __sread
 .text.__swrite
                0x0000000000016d3a       0x4e d:/mounriver/mounriver_studio/toolchain/risc-v embedded gcc/bin/../lib/gcc/riscv-none-embed/8.2.0/../../../../riscv-none-embed/lib/rv32imac/ilp32\libg_nano.a(lib_a-stdio.o)
                0x0000000000016d3a                __swrite
 .text.__sseek  0x0000000000016d88       0x36 d:/mounriver/mounriver_studio/toolchain/risc-v embedded gcc/bin/../lib/gcc/riscv-none-embed/8.2.0/../../../../riscv-none-embed/lib/rv32imac/ilp32\libg_nano.a(lib_a-stdio.o)
                0x0000000000016d88                __sseek
 .text.__sclose
                0x0000000000016dbe        0x6 d:/mounriver/mounriver_studio/toolchain/risc-v embedded gcc/bin/../lib/gcc/riscv-none-embed/8.2.0/../../../../riscv-none-embed/lib/rv32imac/ilp32\libg_nano.a(lib_a-stdio.o)
                0x0000000000016dbe                __sclose
 .text._write_r
                0x0000000000016dc4       0x36 d:/mounriver/mounriver_studio/toolchain/risc-v embedded gcc/bin/../lib/gcc/riscv-none-embed/8.2.0/../../../../riscv-none-embed/lib/rv32imac/ilp32\libg_nano.a(lib_a-writer.o)
                0x0000000000016dc4                _write_r
 .text._close_r
                0x0000000000016dfa       0x30 d:/mounriver/mounriver_studio/toolchain/risc-v embedded gcc/bin/../lib/gcc/riscv-none-embed/8.2.0/../../../../riscv-none-embed/lib/rv32imac/ilp32\libg_nano.a(lib_a-closer.o)
                0x0000000000016dfa                _close_r
 .text._fstat_r
                0x0000000000016e2a       0x32 d:/mounriver/mounriver_studio/toolchain/risc-v embedded gcc/bin/../lib/gcc/riscv-none-embed/8.2.0/../../../../riscv-none-embed/lib/rv32imac/ilp32\libg_nano.a(lib_a-fstatr.o)
                0x0000000000016e2a                _fstat_r
 .text._isatty_r
                0x0000000000016e5c       0x30 d:/mounriver/mounriver_studio/toolchain/risc-v embedded gcc/bin/../lib/gcc/riscv-none-embed/8.2.0/../../../../riscv-none-embed/lib/rv32imac/ilp32\libg_nano.a(lib_a-isattyr.o)
                0x0000000000016e5c                _isatty_r
 .text._lseek_r
                0x0000000000016e8c       0x34 d:/mounriver/mounriver_studio/toolchain/risc-v embedded gcc/bin/../lib/gcc/riscv-none-embed/8.2.0/../../../../riscv-none-embed/lib/rv32imac/ilp32\libg_nano.a(lib_a-lseekr.o)
                0x0000000000016e8c                _lseek_r
 .text.memchr   0x0000000000016ec0       0x1a d:/mounriver/mounriver_studio/toolchain/risc-v embedded gcc/bin/../lib/gcc/riscv-none-embed/8.2.0/../../../../riscv-none-embed/lib/rv32imac/ilp32\libg_nano.a(lib_a-memchr.o)
                0x0000000000016ec0                memchr
 .text.memmove  0x0000000000016eda       0x4a d:/mounriver/mounriver_studio/toolchain/risc-v embedded gcc/bin/../lib/gcc/riscv-none-embed/8.2.0/../../../../riscv-none-embed/lib/rv32imac/ilp32\libg_nano.a(lib_a-memmove.o)
                0x0000000000016eda                memmove
 .text.__malloc_lock
                0x0000000000016f24        0x2 d:/mounriver/mounriver_studio/toolchain/risc-v embedded gcc/bin/../lib/gcc/riscv-none-embed/8.2.0/../../../../riscv-none-embed/lib/rv32imac/ilp32\libg_nano.a(lib_a-mlock.o)
                0x0000000000016f24                __malloc_lock
 .text.__malloc_unlock
                0x0000000000016f26        0x2 d:/mounriver/mounriver_studio/toolchain/risc-v embedded gcc/bin/../lib/gcc/riscv-none-embed/8.2.0/../../../../riscv-none-embed/lib/rv32imac/ilp32\libg_nano.a(lib_a-mlock.o)
                0x0000000000016f26                __malloc_unlock
 .text._realloc_r
                0x0000000000016f28       0x58 d:/mounriver/mounriver_studio/toolchain/risc-v embedded gcc/bin/../lib/gcc/riscv-none-embed/8.2.0/../../../../riscv-none-embed/lib/rv32imac/ilp32\libg_nano.a(lib_a-nano-reallocr.o)
                0x0000000000016f28                _realloc_r
 .text._read_r  0x0000000000016f80       0x34 d:/mounriver/mounriver_studio/toolchain/risc-v embedded gcc/bin/../lib/gcc/riscv-none-embed/8.2.0/../../../../riscv-none-embed/lib/rv32imac/ilp32\libg_nano.a(lib_a-readr.o)
                0x0000000000016f80                _read_r
 .text._malloc_usable_size_r
                0x0000000000016fb4       0x14 d:/mounriver/mounriver_studio/toolchain/risc-v embedded gcc/bin/../lib/gcc/riscv-none-embed/8.2.0/../../../../riscv-none-embed/lib/rv32imac/ilp32\libg_nano.a(lib_a-nano-msizer.o)
                0x0000000000016fb4                _malloc_usable_size_r
 .text._close   0x0000000000016fc8       0x10 d:/mounriver/mounriver_studio/toolchain/risc-v embedded gcc/bin/../lib/gcc/riscv-none-embed/8.2.0/../../../../riscv-none-embed/lib/rv32imac/ilp32\libnosys.a(close.o)
                0x0000000000016fc8                _close
 .text._fstat   0x0000000000016fd8       0x10 d:/mounriver/mounriver_studio/toolchain/risc-v embedded gcc/bin/../lib/gcc/riscv-none-embed/8.2.0/../../../../riscv-none-embed/lib/rv32imac/ilp32\libnosys.a(fstat.o)
                0x0000000000016fd8                _fstat
 .text._isatty  0x0000000000016fe8       0x10 d:/mounriver/mounriver_studio/toolchain/risc-v embedded gcc/bin/../lib/gcc/riscv-none-embed/8.2.0/../../../../riscv-none-embed/lib/rv32imac/ilp32\libnosys.a(isatty.o)
                0x0000000000016fe8                _isatty
 .text._lseek   0x0000000000016ff8       0x10 d:/mounriver/mounriver_studio/toolchain/risc-v embedded gcc/bin/../lib/gcc/riscv-none-embed/8.2.0/../../../../riscv-none-embed/lib/rv32imac/ilp32\libnosys.a(lseek.o)
                0x0000000000016ff8                _lseek
 .text._read    0x0000000000017008       0x10 d:/mounriver/mounriver_studio/toolchain/risc-v embedded gcc/bin/../lib/gcc/riscv-none-embed/8.2.0/../../../../riscv-none-embed/lib/rv32imac/ilp32\libnosys.a(read.o)
                0x0000000000017008                _read
 .text._sbrk    0x0000000000017018       0x24 d:/mounriver/mounriver_studio/toolchain/risc-v embedded gcc/bin/../lib/gcc/riscv-none-embed/8.2.0/../../../../riscv-none-embed/lib/rv32imac/ilp32\libnosys.a(sbrk.o)
                0x0000000000017018                _sbrk
 *(.rodata)
 *fill*         0x000000000001703c        0x0 
 .rodata        0x000000000001703c       0x7d ./zf_driver/zf_driver_encoder.o
 *fill*         0x00000000000170b9        0x3 
 .rodata        0x00000000000170bc       0xa4 ./zf_driver/zf_driver_pit.o
 .rodata        0x0000000000017160       0x79 ./zf_driver/zf_driver_pwm.o
 *fill*         0x00000000000171d9        0x3 
 .rodata        0x00000000000171dc      0x147 ./zf_device/zf_device_bluetooth_ch9141.o
 *fill*         0x0000000000017323        0x5 
 .rodata        0x0000000000017328      0x108 ./zf_device/zf_device_icm20602.o
 .rodata        0x0000000000017430       0x81 ./zf_device/zf_device_mt9v03x_dvp.o
 *fill*         0x00000000000174b1        0x3 
 .rodata        0x00000000000174b4       0x45 ./zf_common/zf_common_debug.o
 *fill*         0x00000000000174f9        0x3 
 .rodata        0x00000000000174fc       0x7f ./user_c/SEEKFREE_18TFT.o
 *fill*         0x000000000001757b        0x5 
 .rodata        0x0000000000017580       0x98 ./user_c/camera.o
 .rodata        0x0000000000017618       0xd4 ./user_c/function_test.o
 .rodata        0x00000000000176ec       0x54 ./user_c/isr.o
 .rodata        0x0000000000017740       0x88 ./user_c/pid.o
 .rodata        0x00000000000177c8       0x41 ./sdk/Peripheral/ch32v30x_usbotg_device.o
 *(.rodata*)
 *fill*         0x0000000000017809        0x3 
 .rodata.gpio_group
                0x000000000001780c       0x14 ./zf_driver/zf_driver_gpio.o
                0x000000000001780c                gpio_group
 .rodata.tim_index
                0x0000000000017820       0x28 ./zf_driver/zf_driver_timer.o
                0x0000000000017820                tim_index
 .rodata.uart_index
                0x0000000000017848       0x20 ./zf_driver/zf_driver_uart.o
                0x0000000000017848                uart_index
 .rodata.tft_ascii
                0x0000000000017868      0x5f0 ./zf_common/zf_common_font.o
                0x0000000000017868                tft_ascii
 .rodata.meun_function
                0x0000000000017e58      0x118 ./user_c/function_test.o
 .rodata.USART2_IRQHandler
                0x0000000000017f70       0x64 ./user_c/isr.o
 .rodata.MyDevDescrHD
                0x0000000000017fd4       0x12 ./sdk/Peripheral/ch32v30x_usbotg_device.o
                0x0000000000017fd4                MyDevDescrHD
 *fill*         0x0000000000017fe6        0x2 
 .rodata.MyCfgDescrHD
                0x0000000000017fe8       0x43 ./sdk/Peripheral/ch32v30x_usbotg_device.o
                0x0000000000017fe8                MyCfgDescrHD
 *fill*         0x000000000001802b        0x1 
 .rodata.MyReportDescHD
                0x000000000001802c       0x14 ./sdk/Peripheral/ch32v30x_usbotg_device.o
                0x000000000001802c                MyReportDescHD
 .rodata.MyManuInfoHD
                0x0000000000018040        0xe ./sdk/Peripheral/ch32v30x_usbotg_device.o
                0x0000000000018040                MyManuInfoHD
 *fill*         0x000000000001804e        0x2 
 .rodata.MyProdInfoHD
                0x0000000000018050        0xc ./sdk/Peripheral/ch32v30x_usbotg_device.o
                0x0000000000018050                MyProdInfoHD
 .rodata.MySerNumInfoHD
                0x000000000001805c       0x16 ./sdk/Peripheral/ch32v30x_usbotg_device.o
                0x000000000001805c                MySerNumInfoHD
 *fill*         0x0000000000018072        0x2 
 .rodata.MyUSBQUADescHD
                0x0000000000018074        0xa ./sdk/Peripheral/ch32v30x_usbotg_device.o
                0x0000000000018074                MyUSBQUADescHD
 *fill*         0x000000000001807e        0x2 
 .rodata.OTG_FS_IRQHandler
                0x0000000000018080       0xbc ./sdk/Peripheral/ch32v30x_usbotg_device.o
 *fill*         0x000000000001813c        0x4 
 .rodata.asin.cst8
                0x0000000000018140        0x8 d:/mounriver/mounriver_studio/toolchain/risc-v embedded gcc/bin/../lib/gcc/riscv-none-embed/8.2.0/../../../../riscv-none-embed/lib/rv32imac/ilp32\libm.a(lib_a-w_asin.o)
 .rodata.asin.str1.4
                0x0000000000018148        0x5 d:/mounriver/mounriver_studio/toolchain/risc-v embedded gcc/bin/../lib/gcc/riscv-none-embed/8.2.0/../../../../riscv-none-embed/lib/rv32imac/ilp32\libm.a(lib_a-w_asin.o)
                                          0x9 (size before relaxing)
 *fill*         0x000000000001814d        0x3 
 .rodata.__ieee754_asin.cst8
                0x0000000000018150       0x78 d:/mounriver/mounriver_studio/toolchain/risc-v embedded gcc/bin/../lib/gcc/riscv-none-embed/8.2.0/../../../../riscv-none-embed/lib/rv32imac/ilp32\libm.a(lib_a-e_asin.o)
                                         0x80 (size before relaxing)
 .rodata.__ieee754_atan2.cst8
                0x00000000000181c8       0x40 d:/mounriver/mounriver_studio/toolchain/risc-v embedded gcc/bin/../lib/gcc/riscv-none-embed/8.2.0/../../../../riscv-none-embed/lib/rv32imac/ilp32\libm.a(lib_a-e_atan2.o)
                                         0x50 (size before relaxing)
 .rodata.__ieee754_rem_pio2.cst8
                0x0000000000018208       0x40 d:/mounriver/mounriver_studio/toolchain/risc-v embedded gcc/bin/../lib/gcc/riscv-none-embed/8.2.0/../../../../riscv-none-embed/lib/rv32imac/ilp32\libm.a(lib_a-e_rem_pio2.o)
                                         0x48 (size before relaxing)
 .rodata.npio2_hw
                0x0000000000018248       0x80 d:/mounriver/mounriver_studio/toolchain/risc-v embedded gcc/bin/../lib/gcc/riscv-none-embed/8.2.0/../../../../riscv-none-embed/lib/rv32imac/ilp32\libm.a(lib_a-e_rem_pio2.o)
 .rodata.two_over_pi
                0x00000000000182c8      0x108 d:/mounriver/mounriver_studio/toolchain/risc-v embedded gcc/bin/../lib/gcc/riscv-none-embed/8.2.0/../../../../riscv-none-embed/lib/rv32imac/ilp32\libm.a(lib_a-e_rem_pio2.o)
 .rodata.PIo2   0x00000000000183d0       0x40 d:/mounriver/mounriver_studio/toolchain/risc-v embedded gcc/bin/../lib/gcc/riscv-none-embed/8.2.0/../../../../riscv-none-embed/lib/rv32imac/ilp32\libm.a(lib_a-k_rem_pio2.o)
 .rodata.__kernel_rem_pio2.cst8
                0x0000000000018410       0x20 d:/mounriver/mounriver_studio/toolchain/risc-v embedded gcc/bin/../lib/gcc/riscv-none-embed/8.2.0/../../../../riscv-none-embed/lib/rv32imac/ilp32\libm.a(lib_a-k_rem_pio2.o)
                                         0x38 (size before relaxing)
 .rodata.init_jk
                0x0000000000018430       0x10 d:/mounriver/mounriver_studio/toolchain/risc-v embedded gcc/bin/../lib/gcc/riscv-none-embed/8.2.0/../../../../riscv-none-embed/lib/rv32imac/ilp32\libm.a(lib_a-k_rem_pio2.o)
 .rodata.__kernel_tan.cst8
                0x0000000000018440       0x78 d:/mounriver/mounriver_studio/toolchain/risc-v embedded gcc/bin/../lib/gcc/riscv-none-embed/8.2.0/../../../../riscv-none-embed/lib/rv32imac/ilp32\libm.a(lib_a-k_tan.o)
                                         0x88 (size before relaxing)
 .rodata.atan.cst8
                0x00000000000184b8       0x68 d:/mounriver/mounriver_studio/toolchain/risc-v embedded gcc/bin/../lib/gcc/riscv-none-embed/8.2.0/../../../../riscv-none-embed/lib/rv32imac/ilp32\libm.a(lib_a-s_atan.o)
                                         0x90 (size before relaxing)
 .rodata.atanhi
                0x0000000000018520       0x20 d:/mounriver/mounriver_studio/toolchain/risc-v embedded gcc/bin/../lib/gcc/riscv-none-embed/8.2.0/../../../../riscv-none-embed/lib/rv32imac/ilp32\libm.a(lib_a-s_atan.o)
 .rodata.atanlo
                0x0000000000018540       0x20 d:/mounriver/mounriver_studio/toolchain/risc-v embedded gcc/bin/../lib/gcc/riscv-none-embed/8.2.0/../../../../riscv-none-embed/lib/rv32imac/ilp32\libm.a(lib_a-s_atan.o)
 .rodata.floor.cst8
                0x0000000000018560        0x8 d:/mounriver/mounriver_studio/toolchain/risc-v embedded gcc/bin/../lib/gcc/riscv-none-embed/8.2.0/../../../../riscv-none-embed/lib/rv32imac/ilp32\libm.a(lib_a-s_floor.o)
 .rodata.nan.cst8
                0x0000000000018560        0x8 d:/mounriver/mounriver_studio/toolchain/risc-v embedded gcc/bin/../lib/gcc/riscv-none-embed/8.2.0/../../../../riscv-none-embed/lib/rv32imac/ilp32\libm.a(lib_a-s_nan.o)
 .rodata.scalbn.cst8
                0x0000000000018568       0x18 d:/mounriver/mounriver_studio/toolchain/risc-v embedded gcc/bin/../lib/gcc/riscv-none-embed/8.2.0/../../../../riscv-none-embed/lib/rv32imac/ilp32\libm.a(lib_a-s_scalbn.o)
                                         0x20 (size before relaxing)
 .rodata.__divdf3
                0x0000000000018580       0x40 d:/mounriver/mounriver_studio/toolchain/risc-v embedded gcc/bin/../lib/gcc/riscv-none-embed/8.2.0/rv32imac/ilp32\libgcc.a(divdf3.o)
 .rodata.__muldf3
                0x00000000000185c0       0x40 d:/mounriver/mounriver_studio/toolchain/risc-v embedded gcc/bin/../lib/gcc/riscv-none-embed/8.2.0/rv32imac/ilp32\libgcc.a(muldf3.o)
 .rodata.__divsf3
                0x0000000000018600       0x80 d:/mounriver/mounriver_studio/toolchain/risc-v embedded gcc/bin/../lib/gcc/riscv-none-embed/8.2.0/rv32imac/ilp32\libgcc.a(divsf3.o)
 .rodata.__mulsf3
                0x0000000000018680       0x40 d:/mounriver/mounriver_studio/toolchain/risc-v embedded gcc/bin/../lib/gcc/riscv-none-embed/8.2.0/rv32imac/ilp32\libgcc.a(mulsf3.o)
 .rodata.__clz_tab
                0x00000000000186c0      0x100 d:/mounriver/mounriver_studio/toolchain/risc-v embedded gcc/bin/../lib/gcc/riscv-none-embed/8.2.0/rv32imac/ilp32\libgcc.a(_clz.o)
                0x00000000000186c0                __clz_tab
 .rodata.__sf_fake_stderr
                0x00000000000187c0       0x20 d:/mounriver/mounriver_studio/toolchain/risc-v embedded gcc/bin/../lib/gcc/riscv-none-embed/8.2.0/../../../../riscv-none-embed/lib/rv32imac/ilp32\libg_nano.a(lib_a-findfp.o)
                0x00000000000187c0                __sf_fake_stderr
 .rodata.__sf_fake_stdin
                0x00000000000187e0       0x20 d:/mounriver/mounriver_studio/toolchain/risc-v embedded gcc/bin/../lib/gcc/riscv-none-embed/8.2.0/../../../../riscv-none-embed/lib/rv32imac/ilp32\libg_nano.a(lib_a-findfp.o)
                0x00000000000187e0                __sf_fake_stdin
 .rodata.__sf_fake_stdout
                0x0000000000018800       0x20 d:/mounriver/mounriver_studio/toolchain/risc-v embedded gcc/bin/../lib/gcc/riscv-none-embed/8.2.0/../../../../riscv-none-embed/lib/rv32imac/ilp32\libg_nano.a(lib_a-findfp.o)
                0x0000000000018800                __sf_fake_stdout
 .rodata._svfprintf_r.str1.4
                0x0000000000018820       0x13 d:/mounriver/mounriver_studio/toolchain/risc-v embedded gcc/bin/../lib/gcc/riscv-none-embed/8.2.0/../../../../riscv-none-embed/lib/rv32imac/ilp32\libg_nano.a(lib_a-nano-svfprintf.o)
 .rodata._vfprintf_r.str1.4
                0x0000000000018833       0x13 d:/mounriver/mounriver_studio/toolchain/risc-v embedded gcc/bin/../lib/gcc/riscv-none-embed/8.2.0/../../../../riscv-none-embed/lib/rv32imac/ilp32\libg_nano.a(lib_a-nano-vfprintf.o)
 *fill*         0x0000000000018833        0x1 
 .rodata._printf_i.str1.4
                0x0000000000018834       0x28 d:/mounriver/mounriver_studio/toolchain/risc-v embedded gcc/bin/../lib/gcc/riscv-none-embed/8.2.0/../../../../riscv-none-embed/lib/rv32imac/ilp32\libg_nano.a(lib_a-nano-vfprintf_i.o)
                                         0x25 (size before relaxing)
 *(.glue_7)
 *(.glue_7t)
 *(.gnu.linkonce.t.*)
                0x000000000001885c                . = ALIGN (0x4)

.rela.dyn       0x000000000001885c        0x0
 .rela.init     0x000000000001885c        0x0 ./zf_driver/zf_driver_adc.o
 .rela.vector   0x000000000001885c        0x0 ./zf_driver/zf_driver_adc.o
 .rela.text.handle_reset
                0x000000000001885c        0x0 ./zf_driver/zf_driver_adc.o
 .rela.text._svfprintf_r
                0x000000000001885c        0x0 ./zf_driver/zf_driver_adc.o
 .rela.text._vfprintf_r
                0x000000000001885c        0x0 ./zf_driver/zf_driver_adc.o
 .rela.text._sbrk_r
                0x000000000001885c        0x0 ./zf_driver/zf_driver_adc.o
 .rela.text._write_r
                0x000000000001885c        0x0 ./zf_driver/zf_driver_adc.o
 .rela.text._close_r
                0x000000000001885c        0x0 ./zf_driver/zf_driver_adc.o
 .rela.text._fstat_r
                0x000000000001885c        0x0 ./zf_driver/zf_driver_adc.o
 .rela.text._isatty_r
                0x000000000001885c        0x0 ./zf_driver/zf_driver_adc.o
 .rela.text._lseek_r
                0x000000000001885c        0x0 ./zf_driver/zf_driver_adc.o
 .rela.text._read_r
                0x000000000001885c        0x0 ./zf_driver/zf_driver_adc.o
 .rela.text._close
                0x000000000001885c        0x0 ./zf_driver/zf_driver_adc.o
 .rela.text._fstat
                0x000000000001885c        0x0 ./zf_driver/zf_driver_adc.o
 .rela.text._isatty
                0x000000000001885c        0x0 ./zf_driver/zf_driver_adc.o
 .rela.text._lseek
                0x000000000001885c        0x0 ./zf_driver/zf_driver_adc.o
 .rela.text._read
                0x000000000001885c        0x0 ./zf_driver/zf_driver_adc.o
 .rela.text._sbrk
                0x000000000001885c        0x0 ./zf_driver/zf_driver_adc.o

.fini           0x000000000001885c        0x0
 *(SORT_NONE(.fini))
                0x000000000001885c                . = ALIGN (0x4)
                [!provide]                        PROVIDE (_etext = .)
                [!provide]                        PROVIDE (_eitcm = .)

.preinit_array  0x000000000001885c        0x0
                [!provide]                        PROVIDE (__preinit_array_start = .)
 *(.preinit_array)
                [!provide]                        PROVIDE (__preinit_array_end = .)

.init_array     0x000000000001885c        0x0
                [!provide]                        PROVIDE (__init_array_start = .)
 *(SORT_BY_INIT_PRIORITY(.init_array.*) SORT_BY_INIT_PRIORITY(.ctors.*))
 *(.init_array EXCLUDE_FILE(*crtend?.o *crtend.o *crtbegin?.o *crtbegin.o) .ctors)
                [!provide]                        PROVIDE (__init_array_end = .)

.fini_array     0x000000000001885c        0x0
                [!provide]                        PROVIDE (__fini_array_start = .)
 *(SORT_BY_INIT_PRIORITY(.fini_array.*) SORT_BY_INIT_PRIORITY(.dtors.*))
 *(.fini_array EXCLUDE_FILE(*crtend?.o *crtend.o *crtbegin?.o *crtbegin.o) .dtors)
                [!provide]                        PROVIDE (__fini_array_end = .)

.ctors
 *crtbegin.o(.ctors)
 *crtbegin?.o(.ctors)
 *(EXCLUDE_FILE(*crtend?.o *crtend.o) .ctors)
 *(SORT_BY_NAME(.ctors.*))
 *(.ctors)

.dtors
 *crtbegin.o(.dtors)
 *crtbegin?.o(.dtors)
 *(EXCLUDE_FILE(*crtend?.o *crtend.o) .dtors)
 *(SORT_BY_NAME(.dtors.*))
 *(.dtors)

.dalign         0x0000000020000000        0x0 load address 0x000000000001885c
                0x0000000020000000                . = ALIGN (0x4)
                0x0000000020000000                PROVIDE (_data_vma = .)

.dlalign        0x000000000001885c        0x0
                0x000000000001885c                . = ALIGN (0x4)
                0x000000000001885c                PROVIDE (_data_lma = .)

.data           0x0000000020000000      0x1f8 load address 0x000000000001885c
 *(.gnu.linkonce.r.*)
 *(.data .data.*)
 .data.bluetooth_ch9141
                0x0000000020000000       0x1c ./zf_device/zf_device_bluetooth_ch9141.o
                0x0000000020000000                bluetooth_ch9141
 .data.mt9v03x_set_confing_buffer_dvp
                0x000000002000001c       0x28 ./zf_device/zf_device_mt9v03x_dvp.o
                0x000000002000001c                mt9v03x_set_confing_buffer_dvp
 .data.mt9v03x_get_confing_buffer_dvp
                0x0000000020000044       0x24 ./zf_device/zf_device_mt9v03x_dvp.o
                0x0000000020000044                mt9v03x_get_confing_buffer_dvp
 .data.wireless_device_info
                0x0000000020000068       0x28 ./zf_device/zf_device_wireless_uart.o
                0x0000000020000068                wireless_device_info
 .data.PID_T_1  0x0000000020000090       0x14 ./user_c/pid.o
                0x0000000020000090                PID_T_1
 .data.PID_L    0x00000000200000a4       0x14 ./user_c/pid.o
                0x00000000200000a4                PID_L
 .data.PID_R    0x00000000200000b8       0x14 ./user_c/pid.o
                0x00000000200000b8                PID_R
 .data.APBAHBPrescTable
                0x00000000200000cc       0x10 ./sdk/Peripheral/ch32v30x_rcc.o
 .data.TAB_USB_FS_OSC_DESC
                0x00000000200000dc       0x43 ./sdk/Peripheral/ch32v30x_usbotg_device.o
                0x00000000200000dc                TAB_USB_FS_OSC_DESC
 *fill*         0x000000002000011f        0x1 
 .data.impure_data
                0x0000000020000120       0x60 d:/mounriver/mounriver_studio/toolchain/risc-v embedded gcc/bin/../lib/gcc/riscv-none-embed/8.2.0/../../../../riscv-none-embed/lib/rv32imac/ilp32\libg_nano.a(lib_a-impure.o)
 *(.gnu.linkonce.d.*)
                0x0000000020000180                . = ALIGN (0x8)
                0x0000000020000980                PROVIDE (__global_pointer$ = (. + 0x800))
 *(.sdata .sdata.*)
 .sdata.encoder_dir_pin
                0x0000000020000180        0x8 ./zf_driver/zf_driver_encoder.o
 .sdata.q0      0x0000000020000188        0x4 ./zf_device/zf_device_icm20602.o
                0x0000000020000188                q0
 .sdata.flag.4913
                0x000000002000018c        0x1 ./zf_device/zf_device_icm20602.o
 .sdata.IIR_mode.4946
                0x000000002000018d        0x1 ./zf_device/zf_device_icm20602.o
 .sdata.image_use_flag
                0x000000002000018e        0x1 ./zf_device/zf_device_mt9v03x_dvp.o
                0x000000002000018e                image_use_flag
 .sdata.old_image_use_flag
                0x000000002000018f        0x1 ./zf_device/zf_device_mt9v03x_dvp.o
                0x000000002000018f                old_image_use_flag
 .sdata.tft180_x_max
                0x0000000020000190        0x1 ./zf_device/zf_device_tft180.o
                0x0000000020000190                tft180_x_max
 .sdata.tft180_y_max
                0x0000000020000191        0x1 ./zf_device/zf_device_tft180.o
                0x0000000020000191                tft180_y_max
 .sdata.DIFF_limit
                0x0000000020000192        0x1 ./user_c/camera.o
                0x0000000020000192                DIFF_limit
 *fill*         0x0000000020000193        0x1 
 .sdata.Slope_limit
                0x0000000020000194        0x4 ./user_c/camera.o
                0x0000000020000194                Slope_limit
 .sdata.Slope_limit_single
                0x0000000020000198        0x4 ./user_c/camera.o
                0x0000000020000198                Slope_limit_single
 .sdata.DIFF_STEP
                0x000000002000019c        0x1 ./user_c/camera.o
                0x000000002000019c                DIFF_STEP
 .sdata.DIFF_DOWN_LIMIT
                0x000000002000019d        0x1 ./user_c/camera.o
                0x000000002000019d                DIFF_DOWN_LIMIT
 .sdata.mid_servo
                0x000000002000019e        0x2 ./user_c/camera.o
                0x000000002000019e                mid_servo
 .sdata.line_select.7257
                0x00000000200001a0        0x1 ./user_c/function_test.o
 *fill*         0x00000000200001a1        0x3 
 .sdata.temp_int
                0x00000000200001a4        0x4 ./user_c/main.o
                0x00000000200001a4                temp_int
 .sdata.sancha_last_flag
                0x00000000200001a8        0x1 ./user_c/main.o
                0x00000000200001a8                sancha_last_flag
 .sdata.send_ceju_flag
                0x00000000200001a9        0x1 ./user_c/main.o
                0x00000000200001a9                send_ceju_flag
 *fill*         0x00000000200001aa        0x2 
 .sdata.Speed_L
                0x00000000200001ac        0x6 ./user_c/motor.o
                0x00000000200001ac                Speed_L
 *fill*         0x00000000200001b2        0x2 
 .sdata.Speed_R
                0x00000000200001b4        0x6 ./user_c/motor.o
                0x00000000200001b4                Speed_R
 *fill*         0x00000000200001ba        0x2 
 .sdata.Speed_state
                0x00000000200001bc        0x4 ./user_c/motor.o
                0x00000000200001bc                Speed_state
 .sdata.SystemCoreClock
                0x00000000200001c0        0x4 ./sdk/Startup/system_ch32v30x.o
                0x00000000200001c0                SystemCoreClock
 .sdata.ADCPrescTable
                0x00000000200001c4        0x4 ./sdk/Peripheral/ch32v30x_rcc.o
 .sdata.USBHD_Dev_Speed
                0x00000000200001c8        0x1 ./sdk/Peripheral/ch32v30x_usbotg_device.o
                0x00000000200001c8                USBHD_Dev_Speed
 *fill*         0x00000000200001c9        0x3 
 .sdata.LineCoding
                0x00000000200001cc        0x7 ./sdk/Peripheral/ch32v30x_usbotg_device.o
                0x00000000200001cc                LineCoding
 *fill*         0x00000000200001d3        0x1 
 .sdata.__fdlib_version
                0x00000000200001d4        0x4 d:/mounriver/mounriver_studio/toolchain/risc-v embedded gcc/bin/../lib/gcc/riscv-none-embed/8.2.0/../../../../riscv-none-embed/lib/rv32imac/ilp32\libm.a(lib_a-s_lib_ver.o)
                0x00000000200001d4                __fdlib_version
 .sdata._impure_ptr
                0x00000000200001d8        0x4 d:/mounriver/mounriver_studio/toolchain/risc-v embedded gcc/bin/../lib/gcc/riscv-none-embed/8.2.0/../../../../riscv-none-embed/lib/rv32imac/ilp32\libg_nano.a(lib_a-impure.o)
                0x00000000200001d8                _impure_ptr
 *(.sdata2.*)
 .sdata2.uart_irq
                0x00000000200001dc        0x8 ./zf_driver/zf_driver_uart.o
                0x00000000200001dc                uart_irq
 .sdata2.MyLangDescrHD
                0x00000000200001e4        0x4 ./sdk/Peripheral/ch32v30x_usbotg_device.o
                0x00000000200001e4                MyLangDescrHD
 .sdata2._global_impure_ptr
                0x00000000200001e8        0x4 d:/mounriver/mounriver_studio/toolchain/risc-v embedded gcc/bin/../lib/gcc/riscv-none-embed/8.2.0/../../../../riscv-none-embed/lib/rv32imac/ilp32\libg_nano.a(lib_a-impure.o)
                0x00000000200001e8                _global_impure_ptr
 *(.gnu.linkonce.s.*)
                0x00000000200001f0                . = ALIGN (0x8)
 *fill*         0x00000000200001ec        0x4 
 *(.srodata.cst16)
 *(.srodata.cst8)
 *(.srodata.cst4)
 *(.srodata.cst2)
 *(.srodata .srodata.*)
 .srodata       0x00000000200001f0        0x6 ./user_c/function_test.o
                0x00000000200001f8                . = ALIGN (0x4)
 *fill*         0x00000000200001f6        0x2 
                0x00000000200001f8                PROVIDE (_edata = .)

.bss            0x00000000200001f8     0xbbf4 load address 0x0000000000018a54
                0x00000000200001f8                . = ALIGN (0x4)
                0x00000000200001f8                PROVIDE (_sbss = .)
 *(.sbss*)
 .sbss.uart_flag
                0x00000000200001f8        0x1 ./zf_device/zf_device_bluetooth_ch9141.o
                0x00000000200001f8                uart_flag
 .sbss.uart_data
                0x00000000200001f9        0x1 ./zf_device/zf_device_bluetooth_ch9141.o
                0x00000000200001f9                uart_data
 .sbss.at_mode  0x00000000200001fa        0x1 ./zf_device/zf_device_bluetooth_ch9141.o
                0x00000000200001fa                at_mode
 .sbss.at_mode_num
                0x00000000200001fb        0x1 ./zf_device/zf_device_bluetooth_ch9141.o
                0x00000000200001fb                at_mode_num
 .sbss.at_mode_cmd_flag
                0x00000000200001fc        0x1 ./zf_device/zf_device_bluetooth_ch9141.o
                0x00000000200001fc                at_mode_cmd_flag
 *fill*         0x00000000200001fd        0x1 
 .sbss.icm_gyro_x
                0x00000000200001fe        0x2 ./zf_device/zf_device_icm20602.o
                0x00000000200001fe                icm_gyro_x
 .sbss.icm_gyro_y
                0x0000000020000200        0x2 ./zf_device/zf_device_icm20602.o
                0x0000000020000200                icm_gyro_y
 .sbss.icm_gyro_z
                0x0000000020000202        0x2 ./zf_device/zf_device_icm20602.o
                0x0000000020000202                icm_gyro_z
 .sbss.icm_acc_x
                0x0000000020000204        0x2 ./zf_device/zf_device_icm20602.o
                0x0000000020000204                icm_acc_x
 .sbss.icm_acc_y
                0x0000000020000206        0x2 ./zf_device/zf_device_icm20602.o
                0x0000000020000206                icm_acc_y
 .sbss.icm_acc_z
                0x0000000020000208        0x2 ./zf_device/zf_device_icm20602.o
                0x0000000020000208                icm_acc_z
 *fill*         0x000000002000020a        0x2 
 .sbss.gyro_x_init
                0x000000002000020c        0x4 ./zf_device/zf_device_icm20602.o
                0x000000002000020c                gyro_x_init
 .sbss.gyro_y_init
                0x0000000020000210        0x4 ./zf_device/zf_device_icm20602.o
                0x0000000020000210                gyro_y_init
 .sbss.gyro_z_init
                0x0000000020000214        0x4 ./zf_device/zf_device_icm20602.o
                0x0000000020000214                gyro_z_init
 .sbss.AccbUpdate
                0x0000000020000218        0x1 ./zf_device/zf_device_icm20602.o
                0x0000000020000218                AccbUpdate
 *fill*         0x0000000020000219        0x3 
 .sbss.q1       0x000000002000021c        0x4 ./zf_device/zf_device_icm20602.o
                0x000000002000021c                q1
 .sbss.q2       0x0000000020000220        0x4 ./zf_device/zf_device_icm20602.o
                0x0000000020000220                q2
 .sbss.q3       0x0000000020000224        0x4 ./zf_device/zf_device_icm20602.o
                0x0000000020000224                q3
 .sbss.exInt    0x0000000020000228        0x4 ./zf_device/zf_device_icm20602.o
                0x0000000020000228                exInt
 .sbss.eyInt    0x000000002000022c        0x4 ./zf_device/zf_device_icm20602.o
                0x000000002000022c                eyInt
 .sbss.ezInt    0x0000000020000230        0x4 ./zf_device/zf_device_icm20602.o
                0x0000000020000230                ezInt
 .sbss.cnt.4912
                0x0000000020000234        0x1 ./zf_device/zf_device_icm20602.o
 *fill*         0x0000000020000235        0x3 
 .sbss.camera_buffer_addr
                0x0000000020000238        0x4 ./zf_device/zf_device_mt9v03x_dvp.o
                0x0000000020000238                camera_buffer_addr
 .sbss.camera_buffer_addr2
                0x000000002000023c        0x4 ./zf_device/zf_device_mt9v03x_dvp.o
                0x000000002000023c                camera_buffer_addr2
 .sbss.image_fire
                0x0000000020000240        0x4 ./zf_device/zf_device_mt9v03x_dvp.o
                0x0000000020000240                image_fire
 .sbss.mt9v03x_finish_flag_dvp
                0x0000000020000244        0x1 ./zf_device/zf_device_mt9v03x_dvp.o
                0x0000000020000244                mt9v03x_finish_flag_dvp
 *fill*         0x0000000020000245        0x3 
 .sbss.receive_dvp
                0x0000000020000248        0x3 ./zf_device/zf_device_mt9v03x_dvp.o
 .sbss.receive_num_dvp
                0x000000002000024b        0x1 ./zf_device/zf_device_mt9v03x_dvp.o
 .sbss.uart_receive_flag_dvp
                0x000000002000024c        0x1 ./zf_device/zf_device_mt9v03x_dvp.o
 *fill*         0x000000002000024d        0x3 
 .sbss.camera_type
                0x0000000020000250        0x4 ./zf_device/zf_device_type.o
                0x0000000020000250                camera_type
 .sbss.wireless_type
                0x0000000020000254        0x4 ./zf_device/zf_device_type.o
                0x0000000020000254                wireless_type
 .sbss.wireless_rx_buffer
                0x0000000020000258        0x2 ./zf_device/zf_device_wireless_uart.o
                0x0000000020000258                wireless_rx_buffer
 *fill*         0x000000002000025a        0x2 
 .sbss.system_clock
                0x000000002000025c        0x4 ./zf_common/zf_common_clock.o
                0x000000002000025c                system_clock
 .sbss.zf_debug_init_flag