Archive member included to satisfy reference by file (symbol)

d:/mounriver/mounriver_studio/toolchain/risc-v embedded gcc/bin/../lib/gcc/riscv-none-embed/8.2.0/../../../../riscv-none-embed/lib/rv32imac/ilp32\libm.a(lib_a-s_tan.o)
                              ./user_c/pid.o (tan)
d:/mounriver/mounriver_studio/toolchain/risc-v embedded gcc/bin/../lib/gcc/riscv-none-embed/8.2.0/../../../../riscv-none-embed/lib/rv32imac/ilp32\libm.a(lib_a-w_asin.o)
                              ./zf_device/zf_device_icm20602.o (asin)
d:/mounriver/mounriver_studio/toolchain/risc-v embedded gcc/bin/../lib/gcc/riscv-none-embed/8.2.0/../../../../riscv-none-embed/lib/rv32imac/ilp32\libm.a(lib_a-w_atan2.o)
                              ./zf_device/zf_device_icm20602.o (atan2)
d:/mounriver/mounriver_studio/toolchain/risc-v embedded gcc/bin/../lib/gcc/riscv-none-embed/8.2.0/../../../../riscv-none-embed/lib/rv32imac/ilp32\libm.a(lib_a-w_pow.o)
                              ./user_c/camera.o (pow)
d:/mounriver/mounriver_studio/toolchain/risc-v embedded gcc/bin/../lib/gcc/riscv-none-embed/8.2.0/../../../../riscv-none-embed/lib/rv32imac/ilp32\libm.a(lib_a-wf_pow.o)
                              ./user_c/camera.o (powf)
d:/mounriver/mounriver_studio/toolchain/risc-v embedded gcc/bin/../lib/gcc/riscv-none-embed/8.2.0/../../../../riscv-none-embed/lib/rv32imac/ilp32\libm.a(lib_a-e_asin.o)
                              d:/mounriver/mounriver_studio/toolchain/risc-v embedded gcc/bin/../lib/gcc/riscv-none-embed/8.2.0/../../../../riscv-none-embed/lib/rv32imac/ilp32\libm.a(lib_a-w_asin.o) (__ieee754_asin)
d:/mounriver/mounriver_studio/toolchain/risc-v embedded gcc/bin/../lib/gcc/riscv-none-embed/8.2.0/../../../../riscv-none-embed/lib/rv32imac/ilp32\libm.a(lib_a-e_atan2.o)
                              d:/mounriver/mounriver_studio/toolchain/risc-v embedded gcc/bin/../lib/gcc/riscv-none-embed/8.2.0/../../../../riscv-none-embed/lib/rv32imac/ilp32\libm.a(lib_a-w_atan2.o) (__ieee754_atan2)
d:/mounriver/mounriver_studio/toolchain/risc-v embedded gcc/bin/../lib/gcc/riscv-none-embed/8.2.0/../../../../riscv-none-embed/lib/rv32imac/ilp32\libm.a(lib_a-e_pow.o)
                              d:/mounriver/mounriver_studio/toolchain/risc-v embedded gcc/bin/../lib/gcc/riscv-none-embed/8.2.0/../../../../riscv-none-embed/lib/rv32imac/ilp32\libm.a(lib_a-w_pow.o) (__ieee754_pow)
d:/mounriver/mounriver_studio/toolchain/risc-v embedded gcc/bin/../lib/gcc/riscv-none-embed/8.2.0/../../../../riscv-none-embed/lib/rv32imac/ilp32\libm.a(lib_a-e_rem_pio2.o)
                              d:/mounriver/mounriver_studio/toolchain/risc-v embedded gcc/bin/../lib/gcc/riscv-none-embed/8.2.0/../../../../riscv-none-embed/lib/rv32imac/ilp32\libm.a(lib_a-s_tan.o) (__ieee754_rem_pio2)
d:/mounriver/mounriver_studio/toolchain/risc-v embedded gcc/bin/../lib/gcc/riscv-none-embed/8.2.0/../../../../riscv-none-embed/lib/rv32imac/ilp32\libm.a(lib_a-e_sqrt.o)
                              d:/mounriver/mounriver_studio/toolchain/risc-v embedded gcc/bin/../lib/gcc/riscv-none-embed/8.2.0/../../../../riscv-none-embed/lib/rv32imac/ilp32\libm.a(lib_a-e_asin.o) (__ieee754_sqrt)
d:/mounriver/mounriver_studio/toolchain/risc-v embedded gcc/bin/../lib/gcc/riscv-none-embed/8.2.0/../../../../riscv-none-embed/lib/rv32imac/ilp32\libm.a(lib_a-ef_pow.o)
                              d:/mounriver/mounriver_studio/toolchain/risc-v embedded gcc/bin/../lib/gcc/riscv-none-embed/8.2.0/../../../../riscv-none-embed/lib/rv32imac/ilp32\libm.a(lib_a-wf_pow.o) (__ieee754_powf)
d:/mounriver/mounriver_studio/toolchain/risc-v embedded gcc/bin/../lib/gcc/riscv-none-embed/8.2.0/../../../../riscv-none-embed/lib/rv32imac/ilp32\libm.a(lib_a-ef_sqrt.o)
                              d:/mounriver/mounriver_studio/toolchain/risc-v embedded gcc/bin/../lib/gcc/riscv-none-embed/8.2.0/../../../../riscv-none-embed/lib/rv32imac/ilp32\libm.a(lib_a-ef_pow.o) (__ieee754_sqrtf)
d:/mounriver/mounriver_studio/toolchain/risc-v embedded gcc/bin/../lib/gcc/riscv-none-embed/8.2.0/../../../../riscv-none-embed/lib/rv32imac/ilp32\libm.a(lib_a-k_rem_pio2.o)
                              d:/mounriver/mounriver_studio/toolchain/risc-v embedded gcc/bin/../lib/gcc/riscv-none-embed/8.2.0/../../../../riscv-none-embed/lib/rv32imac/ilp32\libm.a(lib_a-e_rem_pio2.o) (__kernel_rem_pio2)
d:/mounriver/mounriver_studio/toolchain/risc-v embedded gcc/bin/../lib/gcc/riscv-none-embed/8.2.0/../../../../riscv-none-embed/lib/rv32imac/ilp32\libm.a(lib_a-k_tan.o)
                              d:/mounriver/mounriver_studio/toolchain/risc-v embedded gcc/bin/../lib/gcc/riscv-none-embed/8.2.0/../../../../riscv-none-embed/lib/rv32imac/ilp32\libm.a(lib_a-s_tan.o) (__kernel_tan)
d:/mounriver/mounriver_studio/toolchain/risc-v embedded gcc/bin/../lib/gcc/riscv-none-embed/8.2.0/../../../../riscv-none-embed/lib/rv32imac/ilp32\libm.a(lib_a-s_atan.o)
[...]
Memory Configuration

Name             Origin             Length             Attributes
RAM              0x0000000020000000 0x0000000000010000 xrw
FLASH            0x0000000000000000 0x0000000000040000 xr
*default*        0x0000000000000000 0xffffffffffffffff

Linker script and memory map

LOAD ./zf_driver/zf_driver_adc.o
LOAD ./zf_driver/zf_driver_delay.o
LOAD ./zf_driver/zf_driver_dvp.o
LOAD ./zf_driver/zf_driver_encoder.o
LOAD ./zf_driver/zf_driver_flash.o
LOAD ./zf_driver/zf_driver_gpio.o
LOAD ./zf_driver/zf_driver_irq.o
LOAD ./zf_driver/zf_driver_pit.o
LOAD ./zf_driver/zf_driver_pwm.o
LOAD ./zf_driver/zf_driver_soft_iic.o
LOAD ./zf_driver/zf_driver_spi.o
LOAD ./zf_driver/zf_driver_timer.o
LOAD ./zf_driver/zf_driver_uart.o
LOAD ./zf_driver/zf_driver_usb_cdc.o
LOAD ./zf_device/zf_device_absolute_encoder.o
LOAD ./zf_device/zf_device_bluetooth_ch9141.o
LOAD ./zf_device/zf_device_bluetooth_ch9141_ch2.o
LOAD ./zf_device/zf_device_camera.o
LOAD ./zf_device/zf_device_icm20602.o
LOAD ./zf_device/zf_device_ips114.o
LOAD ./zf_device/zf_device_ips200_parallel8.o
LOAD ./zf_device/zf_device_mpu6050.o
LOAD ./zf_device/zf_device_mt9v03x_dvp.o
LOAD ./zf_device/zf_device_oled.o
LOAD ./zf_device/zf_device_scc8660_dvp.o
LOAD ./zf_device/zf_device_tft180.o
LOAD ./zf_device/zf_device_type.o
LOAD ./zf_device/zf_device_wireless_uart.o
LOAD ./zf_common/zf_common_clock.o
LOAD ./zf_common/zf_common_debug.o
LOAD ./zf_common/zf_common_fifo.o
LOAD ./zf_common/zf_common_font.o
LOAD ./zf_common/zf_common_function.o
LOAD ./zf_common/zf_common_interrupt.o
LOAD ./user_c/SEEKFREE_18TFT.o
LOAD ./user_c/camera.o
LOAD ./user_c/communication.o
LOAD ./user_c/function_test.o
LOAD ./user_c/isr.o
LOAD ./user_c/main.o
LOAD ./user_c/motor.o
LOAD ./user_c/pid.o
LOAD ./sdk/Startup/startup_ch32v30x.o
LOAD ./sdk/Startup/system_ch32v30x.o
LOAD ./sdk/Peripheral/ch32v30x_adc.o
LOAD ./sdk/Peripheral/ch32v30x_bkp.o
LOAD ./sdk/Peripheral/ch32v30x_can.o
LOAD ./sdk/Peripheral/ch32v30x_crc.o
LOAD ./sdk/Peripheral/ch32v30x_dac.o
LOAD ./sdk/Peripheral/ch32v30x_dbgmcu.o
LOAD ./sdk/Peripheral/ch32v30x_dma.o
LOAD ./sdk/Peripheral/ch32v30x_dvp.o
LOAD ./sdk/Peripheral/ch32v30x_eth.o
LOAD ./sdk/Peripheral/ch32v30x_exti.o
LOAD ./sdk/Peripheral/ch32v30x_flash.o
LOAD ./sdk/Peripheral/ch32v30x_fsmc.o
LOAD ./sdk/Peripheral/ch32v30x_gpio.o
LOAD ./sdk/Peripheral/ch32v30x_i2c.o
LOAD ./sdk/Peripheral/ch32v30x_iwdg.o
LOAD ./sdk/Peripheral/ch32v30x_misc.o
LOAD ./sdk/Peripheral/ch32v30x_opa.o
LOAD ./sdk/Peripheral/ch32v30x_pwr.o
LOAD ./sdk/Peripheral/ch32v30x_rcc.o
LOAD ./sdk/Peripheral/ch32v30x_rng.o
LOAD ./sdk/Peripheral/ch32v30x_rtc.o
LOAD ./sdk/Peripheral/ch32v30x_sdio.o
LOAD ./sdk/Peripheral/ch32v30x_spi.o
LOAD ./sdk/Peripheral/ch32v30x_tim.o
LOAD ./sdk/Peripheral/ch32v30x_usart.o
LOAD ./sdk/Peripheral/ch32v30x_usbotg_device.o
LOAD ./sdk/Peripheral/ch32v30x_wwdg.o
LOAD ./sdk/Core/core_riscv.o
LOAD d:/mounriver/mounriver_studio/toolchain/risc-v embedded gcc/bin/../lib/gcc/riscv-none-embed/8.2.0/../../../../riscv-none-embed/lib/rv32imac/ilp32\libm.a
LOAD d:/mounriver/mounriver_studio/toolchain/risc-v embedded gcc/bin/../lib/gcc/riscv-none-embed/8.2.0/rv32imac/ilp32\libgcc.a
LOAD d:/mounriver/mounriver_studio/toolchain/risc-v embedded gcc/bin/../lib/gcc/riscv-none-embed/8.2.0/../../../../riscv-none-embed/lib/rv32imac/ilp32\libg_nano.a
LOAD d:/mounriver/mounriver_studio/toolchain/risc-v embedded gcc/bin/../lib/gcc/riscv-none-embed/8.2.0/../../../../riscv-none-embed/lib/rv32imac/ilp32\libc_nano.a
LOAD d:/mounriver/mounriver_studio/toolchain/risc-v embedded gcc/bin/../lib/gcc/riscv-none-embed/8.2.0/rv32imac/ilp32\libgcc.a
START GROUP
LOAD d:/mounriver/mounriver_studio/toolchain/risc-v embedded gcc/bin/../lib/gcc/riscv-none-embed/8.2.0/rv32imac/ilp32\libgcc.a
LOAD d:/mounriver/mounriver_studio/toolchain/risc-v embedded gcc/bin/../lib/gcc/riscv-none-embed/8.2.0/../../../../riscv-none-embed/lib/rv32imac/ilp32\libc_nano.a
LOAD d:/mounriver/mounriver_studio/toolchain/risc-v embedded gcc/bin/../lib/gcc/riscv-none-embed/8.2.0/../../../../riscv-none-embed/lib/rv32imac/ilp32\libnosys.a
END GROUP
START GROUP
LOAD d:/mounriver/mounriver_studio/toolchain/risc-v embedded gcc/bin/../lib/gcc/riscv-none-embed/8.2.0/rv32imac/ilp32\libgcc.a
LOAD d:/mounriver/mounriver_studio/toolchain/risc-v embedded gcc/bin/../lib/gcc/riscv-none-embed/8.2.0/../../../../riscv-none-embed/lib/rv32imac/ilp32\libc_nano.a
LOAD d:/mounriver/mounriver_studio/toolchain/risc-v embedded gcc/bin/../lib/gcc/riscv-none-embed/8.2.0/../../../../riscv-none-embed/lib/rv32imac/ilp32\libnosys.a
END GROUP
                0x0000000000000800                __stack_size = 0x800
                [!provide]                        PROVIDE (_stack_size = __stack_size)

.init           0x0000000000000000       0x38
                0x0000000000000000                _sinit = .
                0x0000000000000000                . = ALIGN (0x4)
 *(SORT_NONE(.init))
 .init          0x0000000000000000       0x38 ./sdk/Startup/startup_ch32v30x.o
                0x0000000000000000                _start
                0x0000000000000038                . = ALIGN (0x4)
                0x0000000000000038                _einit = .

.vector         0x0000000000000038      0x1c8
 *(.vector)
 .vector        0x0000000000000038      0x1a0 ./sdk/Startup/startup_ch32v30x.o
                0x0000000000000200                . = ALIGN (0x40)
 *fill*         0x00000000000001d8       0x28 

.text           0x0000000000000200    0x1cf14
                0x0000000000000200                . = ALIGN (0x4)
 *(.text)
 .text          0x0000000000000200       0x14 ./zf_driver/zf_driver_irq.o
                0x0000000000000200                dis_interrupt
                0x0000000000000206                en_interrupt
 .text          0x0000000000000214       0xa8 d:/mounriver/mounriver_studio/toolchain/risc-v embedded gcc/bin/../lib/gcc/riscv-none-embed/8.2.0/../../../../riscv-none-embed/lib/rv32imac/ilp32\libg_nano.a(lib_a-memset.o)
                0x0000000000000214                memset
 *(.text.*)
 .text.adc_gpio_init
                0x00000000000002bc      0x1a0 ./zf_driver/zf_driver_adc.o
                0x00000000000002bc                adc_gpio_init
 .text.adc_convert
                0x000000000000045c       0x6c ./zf_driver/zf_driver_adc.o
                0x000000000000045c                adc_convert
 .text.adc_init
                0x00000000000004c8       0xce ./zf_driver/zf_driver_adc.o
                0x00000000000004c8                adc_init
 .text.system_delay
                0x0000000000000596       0x5c ./zf_driver/zf_driver_delay.o
                0x0000000000000596                system_delay
 .text.dvp_gpio_init
                0x00000000000005f2      0x102 ./zf_driver/zf_driver_dvp.o
                0x00000000000005f2                dvp_gpio_init
 .text.dvp_camera_init
                0x00000000000006f4      0x14c ./zf_driver/zf_driver_dvp.o
                0x00000000000006f4                dvp_camera_init
 .text.encoder_gpio_init
                0x0000000000000840       0x36 ./zf_driver/zf_driver_encoder.o
                0x0000000000000840                encoder_gpio_init
 .text.encoder_get_count
                0x0000000000000876       0xaa ./zf_driver/zf_driver_encoder.o
                0x0000000000000876                encoder_get_count
 .text.encoder_clean_count
                0x0000000000000920       0x26 ./zf_driver/zf_driver_encoder.o
                0x0000000000000920                encoder_clean_count
 .text.encoder_init_quad
                0x0000000000000946      0x1f0 ./zf_driver/zf_driver_encoder.o
                0x0000000000000946                encoder_init_quad
 .text.gpio_set_level
                0x0000000000000b36       0x74 ./zf_driver/zf_driver_gpio.o
                0x0000000000000b36                gpio_set_level
 .text.gpio_get_level
                0x0000000000000baa       0x40 ./zf_driver/zf_driver_gpio.o
                0x0000000000000baa                gpio_get_level
 .text.gpio_init
                0x0000000000000bea      0x196 ./zf_driver/zf_driver_gpio.o
                0x0000000000000bea                gpio_init
 .text.pit_init
                0x0000000000000d80      0x19c ./zf_driver/zf_driver_pit.o
                0x0000000000000d80                pit_init
 .text.pwm_gpio_init
                0x0000000000000f1c      0x788 ./zf_driver/zf_driver_pwm.o
                0x0000000000000f1c                pwm_gpio_init
 .text.pwm_set_duty
                0x00000000000016a4       0x76 ./zf_driver/zf_driver_pwm.o
                0x00000000000016a4                pwm_set_duty
 .text.pwm_set_freq
                0x000000000000171a       0xd6 ./zf_driver/zf_driver_pwm.o
                0x000000000000171a                pwm_set_freq
 .text.pwm_init
                0x00000000000017f0      0x40e ./zf_driver/zf_driver_pwm.o
                0x00000000000017f0                pwm_init
 .text.timer_funciton_check
                0x0000000000001bfe       0x58 ./zf_driver/zf_driver_timer.o
                0x0000000000001bfe                timer_funciton_check
 .text.timer_clock_enable
                0x0000000000001c56       0xe2 ./zf_driver/zf_driver_timer.o
                0x0000000000001c56                timer_clock_enable
 .text.uart_gpio_init
                0x0000000000001d38      0x40a ./zf_driver/zf_driver_uart.o
                0x0000000000001d38                uart_gpio_init
 .text.uart_write_byte
                0x0000000000002142       0x56 ./zf_driver/zf_driver_uart.o
                0x0000000000002142                uart_write_byte
 .text.uart_write_buffer
                0x0000000000002198       0x46 ./zf_driver/zf_driver_uart.o
                0x0000000000002198                uart_write_buffer
 .text.uart_rx_interrupt
                0x00000000000021de       0x86 ./zf_driver/zf_driver_uart.o
                0x00000000000021de                uart_rx_interrupt
 .text.uart_query_byte
                0x0000000000002264       0x5e ./zf_driver/zf_driver_uart.o
                0x0000000000002264                uart_query_byte
 .text.uart_init
                0x00000000000022c2      0x2b2 ./zf_driver/zf_driver_uart.o
                0x00000000000022c2                uart_init
 .text.bluetooth_ch9141_uart_callback_ch2
                0x0000000000002574       0xb6 ./zf_device/zf_device_bluetooth_ch9141.o
                0x0000000000002574                bluetooth_ch9141_uart_callback_ch2
 .text.bluetooth_ch9141_uart_callback_ch1
                0x000000000000262a       0xb2 ./zf_device/zf_device_bluetooth_ch9141.o
                0x000000000000262a                bluetooth_ch9141_uart_callback_ch1
 .text.bluetooth_ch9141_check_response
                0x00000000000026dc       0x4a ./zf_device/zf_device_bluetooth_ch9141.o
                0x00000000000026dc                bluetooth_ch9141_check_response
 .text.camera_uart_handler
                0x0000000000002726       0x2a ./zf_device/zf_device_camera.o
                0x0000000000002726                camera_uart_handler
 .text.camera_dvp_handler
                0x0000000000002750       0x2a ./zf_device/zf_device_camera.o
                0x0000000000002750                camera_dvp_handler
 .text.icm_simspi_wr_byte
                0x000000000000277a       0x98 ./zf_device/zf_device_icm20602.o
                0x000000000000277a                icm_simspi_wr_byte
 .text.icm_simspi_w_reg_byte
                0x0000000000002812       0x4c ./zf_device/zf_device_icm20602.o
                0x0000000000002812                icm_simspi_w_reg_byte
 .text.icm_simspi_r_reg_byte
                0x000000000000285e       0x5c ./zf_device/zf_device_icm20602.o
                0x000000000000285e                icm_simspi_r_reg_byte
 .text.icm_simspi_r_reg_bytes
                0x00000000000028ba       0x8e ./zf_device/zf_device_icm20602.o
                0x00000000000028ba                icm_simspi_r_reg_bytes
 .text.icm20602_self4_check
                0x0000000000002948       0x28 ./zf_device/zf_device_icm20602.o
                0x0000000000002948                icm20602_self4_check
 .text.icm20602_init_simspi
                0x0000000000002970       0xc8 ./zf_device/zf_device_icm20602.o
                0x0000000000002970                icm20602_init_simspi
 .text.get_icm20602_accdata_simspi
                0x0000000000002a38       0x80 ./zf_device/zf_device_icm20602.o
                0x0000000000002a38                get_icm20602_accdata_simspi
 .text.get_icm20602_gyro_simspi
                0x0000000000002ab8       0x80 ./zf_device/zf_device_icm20602.o
                0x0000000000002ab8                get_icm20602_gyro_simspi
 .text.FindPos  0x0000000000002b38       0xfc ./zf_device/zf_device_icm20602.o
                0x0000000000002b38                FindPos
 .text.QuiteSort
                0x0000000000002c34       0x6a ./zf_device/zf_device_icm20602.o
                0x0000000000002c34                QuiteSort
 .text.SortAver_FilterXYZ
                0x0000000000002c9e      0x1ea ./zf_device/zf_device_icm20602.o
                0x0000000000002c9e                SortAver_FilterXYZ
 .text.MPU6050_datainit
                0x0000000000002e88      0x130 ./zf_device/zf_device_icm20602.o
                0x0000000000002e88                MPU6050_datainit
 .text.Prepare_Data
                0x0000000000002fb8      0x284 ./zf_device/zf_device_icm20602.o
                0x0000000000002fb8                Prepare_Data
 .text.invSqrt  0x000000000000323c       0xa4 ./zf_device/zf_device_icm20602.o
 .text.IMUupdate
                0x00000000000032e0      0x966 ./zf_device/zf_device_icm20602.o
                0x00000000000032e0                IMUupdate
 .text.mt9v03x_set_config_dvp
                0x0000000000003c46      0x18e ./zf_device/zf_device_mt9v03x_dvp.o
 .text.mt9v03x_get_config_dvp
                0x0000000000003dd4      0x120 ./zf_device/zf_device_mt9v03x_dvp.o
 .text.mt9v03x_uart_callback_dvp
                0x0000000000003ef4       0x70 ./zf_device/zf_device_mt9v03x_dvp.o
                0x0000000000003ef4                mt9v03x_uart_callback_dvp
 .text.mt9v03x_dvp_handler
                0x0000000000003f64       0x74 ./zf_device/zf_device_mt9v03x_dvp.o
                0x0000000000003f64                mt9v03x_dvp_handler
 .text.mt9v03x_init_dvp
                0x0000000000003fd8      0x118 ./zf_device/zf_device_mt9v03x_dvp.o
                0x0000000000003fd8                mt9v03x_init_dvp
 .text.set_camera_type
                0x00000000000040f0       0x1a ./zf_device/zf_device_type.o
                0x00000000000040f0                set_camera_type
 .text.wireless_uart_callback_ch1
                0x000000000000410a       0x32 ./zf_device/zf_device_wireless_uart.o
                0x000000000000410a                wireless_uart_callback_ch1
 .text.wireless_uart_callback_ch2
                0x000000000000413c       0x38 ./zf_device/zf_device_wireless_uart.o
                0x000000000000413c                wireless_uart_callback_ch2
 .text.clock_init
                0x0000000000004174       0x28 ./zf_common/zf_common_clock.o
                0x0000000000004174                clock_init
 .text.clock_reset
                0x000000000000419c       0x76 ./zf_common/zf_common_clock.o
 .text.clock_set_freq
                0x0000000000004212      0x260 ./zf_common/zf_common_clock.o
 .text.__NOP    0x0000000000004472       0x10 ./zf_common/zf_common_debug.o
 .text.debug_init
                0x0000000000004482       0x34 ./zf_common/zf_common_debug.o
                0x0000000000004482                debug_init
 .text.debug_assert_handler
                0x00000000000044b6       0x46 ./zf_common/zf_common_debug.o
                0x00000000000044b6                debug_assert_handler
 .text._write   0x00000000000044fc       0x7c ./zf_common/zf_common_debug.o
                0x00000000000044fc                _write
 .text.NVIC_EnableIRQ
                0x0000000000004578       0x32 ./zf_common/zf_common_interrupt.o
 .text.NVIC_DisableIRQ
                0x00000000000045aa       0x32 ./zf_common/zf_common_interrupt.o
 .text.NVIC_SetPriority
                0x00000000000045dc       0x2a ./zf_common/zf_common_interrupt.o
 .text.interrupt_enable
                0x0000000000004606       0x1e ./zf_common/zf_common_interrupt.o
                0x0000000000004606                interrupt_enable
 .text.interrupt_disable
                0x0000000000004624       0x1e ./zf_common/zf_common_interrupt.o
                0x0000000000004624                interrupt_disable
 .text.interrupt_set_priority
                0x0000000000004642       0x2a ./zf_common/zf_common_interrupt.o
                0x0000000000004642                interrupt_set_priority
 .text.interrupt_init
                0x000000000000466c        0xe ./zf_common/zf_common_interrupt.o
                0x000000000000466c                interrupt_init
 .text.interrupt_enable_all
                0x000000000000467a       0x22 ./zf_common/zf_common_interrupt.o
                0x000000000000467a                interrupt_enable_all
 .text.interrupt_disable_all
                0x000000000000469c       0x22 ./zf_common/zf_common_interrupt.o
                0x000000000000469c                interrupt_disable_all
 .text.lcd_writeIndex_simspi
                0x00000000000046be       0x8e ./user_c/SEEKFREE_18TFT.o
                0x00000000000046be                lcd_writeIndex_simspi
 .text.lcd_writeData_simspi
                0x000000000000474c       0x8e ./user_c/SEEKFREE_18TFT.o
                0x000000000000474c                lcd_writeData_simspi
 .text.lcd_writeData_16bit_simspi
                0x00000000000047da       0x8e ./user_c/SEEKFREE_18TFT.o
                0x00000000000047da                lcd_writeData_16bit_simspi
 .text.lcd_set_region_simspi
                0x0000000000004868       0xa2 ./user_c/SEEKFREE_18TFT.o
                0x0000000000004868                lcd_set_region_simspi
 .text.lcd_clear_simspi
                0x000000000000490a       0x68 ./user_c/SEEKFREE_18TFT.o
                0x000000000000490a                lcd_clear_simspi
 .text.lcd_init_simspi
                0x0000000000004972      0x384 ./user_c/SEEKFREE_18TFT.o
                0x0000000000004972                lcd_init_simspi
 .text.lcd_drawpoint_simspi
                0x0000000000004cf6       0x4a ./user_c/SEEKFREE_18TFT.o
                0x0000000000004cf6                lcd_drawpoint_simspi
 .text.lcd_showchar_simspi
                0x0000000000004d40       0xcc ./user_c/SEEKFREE_18TFT.o
                0x0000000000004d40                lcd_showchar_simspi
 .text.lcd_showstr_simspi
                0x0000000000004e0c       0x7e ./user_c/SEEKFREE_18TFT.o
                0x0000000000004e0c                lcd_showstr_simspi
 .text.lcd_show_gray_image
                0x0000000000004e8a      0x1ea ./user_c/SEEKFREE_18TFT.o
                0x0000000000004e8a                lcd_show_gray_image
 .text.lcd_drawbigpoint
                0x0000000000005074       0xe0 ./user_c/SEEKFREE_18TFT.o
                0x0000000000005074                lcd_drawbigpoint
 .text.lcd_show_compress_binary_image
                0x0000000000005154      0x16a ./user_c/SEEKFREE_18TFT.o
                0x0000000000005154                lcd_show_compress_binary_image
 .text.GetOSTU  0x00000000000052be      0x398 ./user_c/camera.o
                0x00000000000052be                GetOSTU
 .text.Trail8AllInit
                0x0000000000005656       0x22 ./user_c/camera.o
                0x0000000000005656                Trail8AllInit
 .text.Trail8AllBoundaryStore
                0x0000000000005678      0x1c8 ./user_c/camera.o
                0x0000000000005678                Trail8AllBoundaryStore
 .text.CheckTrail8Overlap
                0x0000000000005840      0x12c ./user_c/camera.o
                0x0000000000005840                CheckTrail8Overlap
 .text.CalculateEdgeFromTrail8All
                0x000000000000596c      0x722 ./user_c/camera.o
                0x000000000000596c                CalculateEdgeFromTrail8All
 .text.CalculateEdgeFromTrail8AllForSancha
                0x000000000000608e      0x51e ./user_c/camera.o
                0x000000000000608e                CalculateEdgeFromTrail8AllForSancha
 .text.eight_neighbor
                0x00000000000065ac     0x5be4 ./user_c/camera.o
                0x00000000000065ac                eight_neighbor
 .text.least_square_method_struct
                0x000000000000c190      0x2fe ./user_c/camera.o
                0x000000000000c190                least_square_method_struct
 .text.connect_two_point
                0x000000000000c48e      0x14a ./user_c/camera.o
                0x000000000000c48e                connect_two_point
 .text.find_edge_straight
                0x000000000000c5d8      0x184 ./user_c/camera.o
                0x000000000000c5d8                find_edge_straight
 .text.threecar_communication
                0x000000000000c75c       0x5e ./user_c/communication.o
                0x000000000000c75c                threecar_communication
 .text.Split_Ultrasonic_filter
                0x000000000000c7ba       0xfc ./user_c/communication.o
                0x000000000000c7ba                Split_Ultrasonic_filter
 .text.Split_Ultrasonic_callback
                0x000000000000c8b6       0x76 ./user_c/communication.o
                0x000000000000c8b6                Split_Ultrasonic_callback
 .text.meun_function
                0x000000000000c92c     0x1262 ./user_c/function_test.o
                0x000000000000c92c                meun_function
 .text.function_test_init
                0x000000000000db8e      0x1c2 ./user_c/function_test.o
                0x000000000000db8e                function_test_init
 .text.function_test
                0x000000000000dd50      0x474 ./user_c/function_test.o
                0x000000000000dd50                function_test
 .text.lcd_draw_X
                0x000000000000e1c4      0x15e ./user_c/function_test.o
                0x000000000000e1c4                lcd_draw_X
 .text.lcd_draw_10
                0x000000000000e322      0x126 ./user_c/function_test.o
                0x000000000000e322                lcd_draw_10
 .text.USART1_IRQHandler
                0x000000000000e448       0x34 ./user_c/isr.o
                0x000000000000e448                USART1_IRQHandler
 .text.USART2_IRQHandler
                0x000000000000e47c       0x7c ./user_c/isr.o
                0x000000000000e47c                USART2_IRQHandler
 .text.USART3_IRQHandler
                0x000000000000e4f8       0xfc ./user_c/isr.o
                0x000000000000e4f8                USART3_IRQHandler
 .text.UART4_IRQHandler
                0x000000000000e5f4       0x34 ./user_c/isr.o
                0x000000000000e5f4                UART4_IRQHandler
 .text.UART5_IRQHandler
                0x000000000000e628       0x30 ./user_c/isr.o
                0x000000000000e628                UART5_IRQHandler
 .text.UART6_IRQHandler
                0x000000000000e658      0x2f0 ./user_c/isr.o
                0x000000000000e658                UART6_IRQHandler
 .text.UART7_IRQHandler
                0x000000000000e948       0x52 ./user_c/isr.o
                0x000000000000e948                UART7_IRQHandler
 .text.UART8_IRQHandler
                0x000000000000e99a       0x2c ./user_c/isr.o
                0x000000000000e99a                UART8_IRQHandler
 .text.DVP_IRQHandler
                0x000000000000e9c6       0x3e ./user_c/isr.o
                0x000000000000e9c6                DVP_IRQHandler
 .text.EXTI0_IRQHandler
                0x000000000000ea04       0x24 ./user_c/isr.o
                0x000000000000ea04                EXTI0_IRQHandler
 .text.EXTI1_IRQHandler
                0x000000000000ea28       0x24 ./user_c/isr.o
                0x000000000000ea28                EXTI1_IRQHandler
 .text.EXTI2_IRQHandler
                0x000000000000ea4c       0x24 ./user_c/isr.o
                0x000000000000ea4c                EXTI2_IRQHandler
 .text.EXTI3_IRQHandler
                0x000000000000ea70       0x24 ./user_c/isr.o
                0x000000000000ea70                EXTI3_IRQHandler
 .text.EXTI4_IRQHandler
                0x000000000000ea94       0x24 ./user_c/isr.o
                0x000000000000ea94                EXTI4_IRQHandler
 .text.EXTI9_5_IRQHandler
                0x000000000000eab8       0xb6 ./user_c/isr.o
                0x000000000000eab8                EXTI9_5_IRQHandler
 .text.EXTI15_10_IRQHandler
                0x000000000000eb6e       0x94 ./user_c/isr.o
                0x000000000000eb6e                EXTI15_10_IRQHandler
 .text.TIM1_UP_IRQHandler
                0x000000000000ec02       0x30 ./user_c/isr.o
                0x000000000000ec02                TIM1_UP_IRQHandler
 .text.TIM2_IRQHandler
                0x000000000000ec32       0x28 ./user_c/isr.o
                0x000000000000ec32                TIM2_IRQHandler
 .text.TIM3_IRQHandler
                0x000000000000ec5a       0x30 ./user_c/isr.o
                0x000000000000ec5a                TIM3_IRQHandler
 .text.TIM4_IRQHandler
                0x000000000000ec8a       0x30 ./user_c/isr.o
                0x000000000000ec8a                TIM4_IRQHandler
 .text.TIM5_IRQHandler
                0x000000000000ecba       0x30 ./user_c/isr.o
                0x000000000000ecba                TIM5_IRQHandler
 .text.BEEP_RING
                0x000000000000ecea       0x6a ./user_c/isr.o
                0x000000000000ecea                BEEP_RING
 .text.TIM6_IRQHandler
                0x000000000000ed54      0x7ca ./user_c/isr.o
                0x000000000000ed54                TIM6_IRQHandler
 .text.TIM7_IRQHandler
                0x000000000000f51e       0x30 ./user_c/isr.o
                0x000000000000f51e                TIM7_IRQHandler
 .text.TIM8_UP_IRQHandler
                0x000000000000f54e       0x30 ./user_c/isr.o
                0x000000000000f54e                TIM8_UP_IRQHandler
 .text.TIM9_UP_IRQHandler
                0x000000000000f57e       0x30 ./user_c/isr.o
                0x000000000000f57e                TIM9_UP_IRQHandler
 .text.TIM10_UP_IRQHandler
                0x000000000000f5ae       0x28 ./user_c/isr.o
                0x000000000000f5ae                TIM10_UP_IRQHandler
 .text.NMI_Handler
                0x000000000000f5d6       0x10 ./user_c/isr.o
                0x000000000000f5d6                NMI_Handler
 .text.HardFault_Handler
                0x000000000000f5e6       0x28 ./user_c/isr.o
                0x000000000000f5e6                HardFault_Handler
 .text.main     0x000000000000f60e       0xea ./user_c/main.o
                0x000000000000f60e                main
 .text.speed_get
                0x000000000000f6f8       0x5a ./user_c/motor.o
                0x000000000000f6f8                speed_get
 .text.speed_set
                0x000000000000f752       0xe8 ./user_c/motor.o
                0x000000000000f752                speed_set
 .text.speed_stop
                0x000000000000f83a       0x6a ./user_c/motor.o
                0x000000000000f83a                speed_stop
 .text.speed_start
                0x000000000000f8a4       0x62 ./user_c/motor.o
                0x000000000000f8a4                speed_start
 .text.speed_control
                0x000000000000f906       0x2c ./user_c/motor.o
                0x000000000000f906                speed_control
 .text.Distance_PID_UP_DOWN
                0x000000000000f932      0x23e ./user_c/pid.o
                0x000000000000f932                Distance_PID_UP_DOWN
 .text.Motor_PID
                0x000000000000fb70      0x3dc ./user_c/pid.o
                0x000000000000fb70                Motor_PID
 .text.Turn_PID
                0x000000000000ff4c      0x49c ./user_c/pid.o
                0x000000000000ff4c                Turn_PID
 .text.my_pid   0x00000000000103e8      0x99c ./user_c/pid.o
                0x00000000000103e8                my_pid
 .text.vector_handler
                0x0000000000010d84       0xbe ./sdk/Startup/startup_ch32v30x.o
                0x0000000000010d88                Ecall_M_Mode_Handler
                0x0000000000010d8a                Ecall_U_Mode_Handler
                0x0000000000010d8c                Break_Point_Handler
                0x0000000000010d8e                SysTick_Handler
                0x0000000000010d90                SW_handler
                0x0000000000010d92                WWDG_IRQHandler
                0x0000000000010d94                PVD_IRQHandler
                0x0000000000010d96                TAMPER_IRQHandler
                0x0000000000010d98                RTC_IRQHandler
                0x0000000000010d9a                FLASH_IRQHandler
                0x0000000000010d9c                RCC_IRQHandler
                0x0000000000010da8                DMA1_Channel1_IRQHandler
                0x0000000000010daa                DMA1_Channel2_IRQHandler
                0x0000000000010dac                DMA1_Channel3_IRQHandler
                0x0000000000010dae                DMA1_Channel4_IRQHandler
                0x0000000000010db0                DMA1_Channel5_IRQHandler
                0x0000000000010db2                DMA1_Channel6_IRQHandler
                0x0000000000010db4                DMA1_Channel7_IRQHandler
                0x0000000000010db6                ADC1_2_IRQHandler
                0x0000000000010db8                USB_HP_CAN1_TX_IRQHandler
                0x0000000000010dba                USB_LP_CAN1_RX0_IRQHandler
                0x0000000000010dbc                CAN1_RX1_IRQHandler
                0x0000000000010dbe                CAN1_SCE_IRQHandler
                0x0000000000010dc2                TIM1_BRK_IRQHandler
                0x0000000000010dc6                TIM1_TRG_COM_IRQHandler
                0x0000000000010dc8                TIM1_CC_IRQHandler
                0x0000000000010dd0                I2C1_EV_IRQHandler
                0x0000000000010dd2                I2C1_ER_IRQHandler
                0x0000000000010dd4                I2C2_EV_IRQHandler
                0x0000000000010dd6                I2C2_ER_IRQHandler
                0x0000000000010dd8                SPI1_IRQHandler
                0x0000000000010dda                SPI2_IRQHandler
                0x0000000000010de4                RTCAlarm_IRQHandler
                0x0000000000010de6                USBWakeUp_IRQHandler
                0x0000000000010de8                TIM8_BRK_IRQHandler
                0x0000000000010dec                TIM8_TRG_COM_IRQHandler
                0x0000000000010dee                TIM8_CC_IRQHandler
                0x0000000000010df0                RNG_IRQHandler
                0x0000000000010df2                FSMC_IRQHandler
                0x0000000000010df4                SDIO_IRQHandler
                0x0000000000010df8                SPI3_IRQHandler
                0x0000000000010e02                DMA2_Channel1_IRQHandler
                0x0000000000010e04                DMA2_Channel2_IRQHandler
                0x0000000000010e06                DMA2_Channel3_IRQHandler
                0x0000000000010e08                DMA2_Channel4_IRQHandler
                0x0000000000010e0a                DMA2_Channel5_IRQHandler
                0x0000000000010e0c                ETH_IRQHandler
                0x0000000000010e0e                ETH_WKUP_IRQHandler
                0x0000000000010e10                CAN2_TX_IRQHandler
                0x0000000000010e12                CAN2_RX0_IRQHandler
                0x0000000000010e14                CAN2_RX1_IRQHandler
                0x0000000000010e16                CAN2_SCE_IRQHandler
                0x0000000000010e1a                USBHSWakeup_IRQHandler
                0x0000000000010e1c                USBHS_IRQHandler
                0x0000000000010e26                TIM9_BRK_IRQHandler
                0x0000000000010e2a                TIM9_TRG_COM_IRQHandler
                0x0000000000010e2c                TIM9_CC_IRQHandler
                0x0000000000010e2e                TIM10_BRK_IRQHandler
                0x0000000000010e32                TIM10_TRG_COM_IRQHandler
                0x0000000000010e34                TIM10_CC_IRQHandler
                0x0000000000010e36                DMA2_Channel6_IRQHandler
                0x0000000000010e38                DMA2_Channel7_IRQHandler
                0x0000000000010e3a                DMA2_Channel8_IRQHandler
                0x0000000000010e3c                DMA2_Channel9_IRQHandler
                0x0000000000010e3e                DMA2_Channel10_IRQHandler
                0x0000000000010e40                DMA2_Channel11_IRQHandler
 .text.handle_reset
                0x0000000000010e42       0x92 ./sdk/Startup/startup_ch32v30x.o
                0x0000000000010e42                handle_reset
 .text.SystemInit
                0x0000000000010ed4       0x7c ./sdk/Startup/system_ch32v30x.o
                0x0000000000010ed4                SystemInit
 .text.SetSysClock
                0x0000000000010f50       0x14 ./sdk/Startup/system_ch32v30x.o
 .text.SetSysClockTo144
                0x0000000000010f64      0x162 ./sdk/Startup/system_ch32v30x.o
 .text.ADC_DeInit
                0x00000000000110c6       0x60 ./sdk/Peripheral/ch32v30x_adc.o
                0x00000000000110c6                ADC_DeInit
 .text.ADC_Init
                0x0000000000011126      0x102 ./sdk/Peripheral/ch32v30x_adc.o
                0x0000000000011126                ADC_Init
 .text.ADC_Cmd  0x0000000000011228       0x3e ./sdk/Peripheral/ch32v30x_adc.o
                0x0000000000011228                ADC_Cmd
 .text.ADC_ResetCalibration
                0x0000000000011266       0x22 ./sdk/Peripheral/ch32v30x_adc.o
                0x0000000000011266                ADC_ResetCalibration
 .text.ADC_GetResetCalibrationStatus
                0x0000000000011288       0x30 ./sdk/Peripheral/ch32v30x_adc.o
                0x0000000000011288                ADC_GetResetCalibrationStatus
 .text.ADC_StartCalibration
                0x00000000000112b8       0x22 ./sdk/Peripheral/ch32v30x_adc.o
                0x00000000000112b8                ADC_StartCalibration
 .text.ADC_GetCalibrationStatus
                0x00000000000112da       0x30 ./sdk/Peripheral/ch32v30x_adc.o
                0x00000000000112da                ADC_GetCalibrationStatus
 .text.ADC_SoftwareStartConvCmd
                0x000000000001130a       0x44 ./sdk/Peripheral/ch32v30x_adc.o
                0x000000000001130a                ADC_SoftwareStartConvCmd
 .text.ADC_RegularChannelConfig
                0x000000000001134e      0x248 ./sdk/Peripheral/ch32v30x_adc.o
                0x000000000001134e                ADC_RegularChannelConfig
 .text.ADC_GetFlagStatus
                0x0000000000011596       0x3a ./sdk/Peripheral/ch32v30x_adc.o
                0x0000000000011596                ADC_GetFlagStatus
 .text.ADC_BufferCmd
                0x00000000000115d0       0x44 ./sdk/Peripheral/ch32v30x_adc.o
                0x00000000000115d0                ADC_BufferCmd
 .text.EXTI_GetITStatus
                0x0000000000011614       0x56 ./sdk/Peripheral/ch32v30x_exti.o
                0x0000000000011614                EXTI_GetITStatus
 .text.EXTI_ClearITPendingBit
                0x000000000001166a       0x20 ./sdk/Peripheral/ch32v30x_exti.o
                0x000000000001166a                EXTI_ClearITPendingBit
 .text.GPIO_Init
                0x000000000001168a      0x22a ./sdk/Peripheral/ch32v30x_gpio.o
                0x000000000001168a                GPIO_Init
 .text.GPIO_WriteBit
                0x00000000000118b4       0x38 ./sdk/Peripheral/ch32v30x_gpio.o
                0x00000000000118b4                GPIO_WriteBit
 .text.GPIO_PinRemapConfig
                0x00000000000118ec      0x13c ./sdk/Peripheral/ch32v30x_gpio.o
                0x00000000000118ec                GPIO_PinRemapConfig
 .text.RCC_ADCCLKConfig
                0x0000000000011a28       0x46 ./sdk/Peripheral/ch32v30x_rcc.o
                0x0000000000011a28                RCC_ADCCLKConfig
 .text.RCC_GetClocksFreq
                0x0000000000011a6e      0x2c6 ./sdk/Peripheral/ch32v30x_rcc.o
                0x0000000000011a6e                RCC_GetClocksFreq
 .text.RCC_AHBPeriphClockCmd
                0x0000000000011d34       0x46 ./sdk/Peripheral/ch32v30x_rcc.o
                0x0000000000011d34                RCC_AHBPeriphClockCmd
 .text.RCC_APB2PeriphClockCmd
                0x0000000000011d7a       0x46 ./sdk/Peripheral/ch32v30x_rcc.o
                0x0000000000011d7a                RCC_APB2PeriphClockCmd
 .text.RCC_APB1PeriphClockCmd
                0x0000000000011dc0       0x46 ./sdk/Peripheral/ch32v30x_rcc.o
                0x0000000000011dc0                RCC_APB1PeriphClockCmd
 .text.RCC_APB2PeriphResetCmd
                0x0000000000011e06       0x46 ./sdk/Peripheral/ch32v30x_rcc.o
                0x0000000000011e06                RCC_APB2PeriphResetCmd
 .text.TIM_TimeBaseInit
                0x0000000000011e4c      0x17e ./sdk/Peripheral/ch32v30x_tim.o
                0x0000000000011e4c                TIM_TimeBaseInit
 .text.TIM_OC1Init
                0x0000000000011fca      0x19c ./sdk/Peripheral/ch32v30x_tim.o
                0x0000000000011fca                TIM_OC1Init
 .text.TIM_OC2Init
                0x0000000000012166      0x1e2 ./sdk/Peripheral/ch32v30x_tim.o
                0x0000000000012166                TIM_OC2Init
 .text.TIM_OC3Init
                0x0000000000012348      0x1dc ./sdk/Peripheral/ch32v30x_tim.o
                0x0000000000012348                TIM_OC3Init
 .text.TIM_OC4Init
                0x0000000000012524      0x176 ./sdk/Peripheral/ch32v30x_tim.o
                0x0000000000012524                TIM_OC4Init
 .text.TIM_TimeBaseStructInit
                0x000000000001269a       0x3c ./sdk/Peripheral/ch32v30x_tim.o
                0x000000000001269a                TIM_TimeBaseStructInit
 .text.TIM_Cmd  0x00000000000126d6       0x58 ./sdk/Peripheral/ch32v30x_tim.o
                0x00000000000126d6                TIM_Cmd
 .text.TIM_CtrlPWMOutputs
                0x000000000001272e       0x60 ./sdk/Peripheral/ch32v30x_tim.o
                0x000000000001272e                TIM_CtrlPWMOutputs
 .text.TIM_ITConfig
                0x000000000001278e       0x70 ./sdk/Peripheral/ch32v30x_tim.o
                0x000000000001278e                TIM_ITConfig
 .text.TIM_EncoderInterfaceConfig
                0x00000000000127fe       0xd8 ./sdk/Peripheral/ch32v30x_tim.o
                0x00000000000127fe                TIM_EncoderInterfaceConfig
 .text.TIM_OC1PreloadConfig
                0x00000000000128d6       0x4c ./sdk/Peripheral/ch32v30x_tim.o
                0x00000000000128d6                TIM_OC1PreloadConfig
 .text.TIM_OC2PreloadConfig
                0x0000000000012922       0x5a ./sdk/Peripheral/ch32v30x_tim.o
                0x0000000000012922                TIM_OC2PreloadConfig
 .text.TIM_OC3PreloadConfig
                0x000000000001297c       0x4c ./sdk/Peripheral/ch32v30x_tim.o
                0x000000000001297c                TIM_OC3PreloadConfig
 .text.TIM_OC4PreloadConfig
                0x00000000000129c8       0x5a ./sdk/Peripheral/ch32v30x_tim.o
                0x00000000000129c8                TIM_OC4PreloadConfig
 .text.TIM_OC1FastConfig
                0x0000000000012a22       0x4c ./sdk/Peripheral/ch32v30x_tim.o
                0x0000000000012a22                TIM_OC1FastConfig
 .text.TIM_OC2FastConfig
                0x0000000000012a6e       0x56 ./sdk/Peripheral/ch32v30x_tim.o
                0x0000000000012a6e                TIM_OC2FastConfig
 .text.TIM_OC3FastConfig
                0x0000000000012ac4       0x4c ./sdk/Peripheral/ch32v30x_tim.o
                0x0000000000012ac4                TIM_OC3FastConfig
 .text.TIM_OC4FastConfig
                0x0000000000012b10       0x56 ./sdk/Peripheral/ch32v30x_tim.o
                0x0000000000012b10                TIM_OC4FastConfig
 .text.TIM_GetITStatus
                0x0000000000012b66       0x70 ./sdk/Peripheral/ch32v30x_tim.o
                0x0000000000012b66                TIM_GetITStatus
 .text.TIM_ClearITPendingBit
                0x0000000000012bd6       0x2e ./sdk/Peripheral/ch32v30x_tim.o
                0x0000000000012bd6                TIM_ClearITPendingBit
 .text.USART_Init
                0x0000000000012c04      0x234 ./sdk/Peripheral/ch32v30x_usart.o
                0x0000000000012c04                USART_Init
 .text.USART_Cmd
                0x0000000000012e38       0x60 ./sdk/Peripheral/ch32v30x_usart.o
                0x0000000000012e38                USART_Cmd
 .text.USART_ITConfig
                0x0000000000012e98       0xc4 ./sdk/Peripheral/ch32v30x_usart.o
                0x0000000000012e98                USART_ITConfig
 .text.USART_SendData
                0x0000000000012f5c       0x2e ./sdk/Peripheral/ch32v30x_usart.o
                0x0000000000012f5c                USART_SendData
 .text.USART_GetFlagStatus
                0x0000000000012f8a       0x46 ./sdk/Peripheral/ch32v30x_usart.o
                0x0000000000012f8a                USART_GetFlagStatus
 .text.USART_GetITStatus
                0x0000000000012fd0      0x102 ./sdk/Peripheral/ch32v30x_usart.o
                0x0000000000012fd0                USART_GetITStatus
 .text.USART_ClearITPendingBit
                0x00000000000130d2       0x4e ./sdk/Peripheral/ch32v30x_usart.o
                0x00000000000130d2                USART_ClearITPendingBit
 .text.DevEP1_IN_Deal
                0x0000000000013120       0x3e ./sdk/Peripheral/ch32v30x_usbotg_device.o
                0x0000000000013120                DevEP1_IN_Deal
 .text.DevEP2_IN_Deal
                0x000000000001315e       0x3e ./sdk/Peripheral/ch32v30x_usbotg_device.o
                0x000000000001315e                DevEP2_IN_Deal
 .text.DevEP1_OUT_Deal
                0x000000000001319c       0x66 ./sdk/Peripheral/ch32v30x_usbotg_device.o
                0x000000000001319c                DevEP1_OUT_Deal
 .text.DevEP2_OUT_Deal
                0x0000000000013202       0x66 ./sdk/Peripheral/ch32v30x_usbotg_device.o
                0x0000000000013202                DevEP2_OUT_Deal
 .text.OTG_FS_IRQHandler
                0x0000000000013268      0xc74 ./sdk/Peripheral/ch32v30x_usbotg_device.o
                0x0000000000013268                OTG_FS_IRQHandler
 .text.__get_MSTATUS
                0x0000000000013edc       0x1a ./sdk/Core/core_riscv.o
                0x0000000000013edc                __get_MSTATUS
 .text.tan      0x0000000000013ef6       0x5e d:/mounriver/mounriver_studio/toolchain/risc-v embedded gcc/bin/../lib/gcc/riscv-none-embed/8.2.0/../../../../riscv-none-embed/lib/rv32imac/ilp32\libm.a(lib_a-s_tan.o)
                0x0000000000013ef6                tan
 .text.asin     0x0000000000013f54       0xbe d:/mounriver/mounriver_studio/toolchain/risc-v embedded gcc/bin/../lib/gcc/riscv-none-embed/8.2.0/../../../../riscv-none-embed/lib/rv32imac/ilp32\libm.a(lib_a-w_asin.o)
                0x0000000000013f54                asin
 .text.atan2    0x0000000000014012        0x4 d:/mounriver/mounriver_studio/toolchain/risc-v embedded gcc/bin/../lib/gcc/riscv-none-embed/8.2.0/../../../../riscv-none-embed/lib/rv32imac/ilp32\libm.a(lib_a-w_atan2.o)
                0x0000000000014012                atan2
 .text.pow      0x0000000000014016      0x326 d:/mounriver/mounriver_studio/toolchain/risc-v embedded gcc/bin/../lib/gcc/riscv-none-embed/8.2.0/../../../../riscv-none-embed/lib/rv32imac/ilp32\libm.a(lib_a-w_pow.o)
                0x0000000000014016                pow
 .text.__ieee754_asin
                0x000000000001433c      0x468 d:/mounriver/mounriver_studio/toolchain/risc-v embedded gcc/bin/../lib/gcc/riscv-none-embed/8.2.0/../../../../riscv-none-embed/lib/rv32imac/ilp32\libm.a(lib_a-e_asin.o)
                0x000000000001433c                __ieee754_asin
 .text.__ieee754_atan2
                0x00000000000147a4      0x1e4 d:/mounriver/mounriver_studio/toolchain/risc-v embedded gcc/bin/../lib/gcc/riscv-none-embed/8.2.0/../../../../riscv-none-embed/lib/rv32imac/ilp32\libm.a(lib_a-e_atan2.o)
                0x00000000000147a4                __ieee754_atan2
 .text.__ieee754_pow
                0x0000000000014988      0xad8 d:/mounriver/mounriver_studio/toolchain/risc-v embedded gcc/bin/../lib/gcc/riscv-none-embed/8.2.0/../../../../riscv-none-embed/lib/rv32imac/ilp32\libm.a(lib_a-e_pow.o)
                0x0000000000014988                __ieee754_pow
 .text.__ieee754_rem_pio2
                0x0000000000015460      0x464 d:/mounriver/mounriver_studio/toolchain/risc-v embedded gcc/bin/../lib/gcc/riscv-none-embed/8.2.0/../../../../riscv-none-embed/lib/rv32imac/ilp32\libm.a(lib_a-e_rem_pio2.o)
                0x0000000000015460                __ieee754_rem_pio2
 .text.__ieee754_sqrt
                0x00000000000158c4      0x1d6 d:/mounriver/mounriver_studio/toolchain/risc-v embedded gcc/bin/../lib/gcc/riscv-none-embed/8.2.0/../../../../riscv-none-embed/lib/rv32imac/ilp32\libm.a(lib_a-e_sqrt.o)
                0x00000000000158c4                __ieee754_sqrt
 .text.__kernel_rem_pio2
                0x0000000000015a9a      0x952 d:/mounriver/mounriver_studio/toolchain/risc-v embedded gcc/bin/../lib/gcc/riscv-none-embed/8.2.0/../../../../riscv-none-embed/lib/rv32imac/ilp32\libm.a(lib_a-k_rem_pio2.o)
                0x0000000000015a9a                __kernel_rem_pio2
 .text.__kernel_tan
                0x00000000000163ec      0x3ae d:/mounriver/mounriver_studio/toolchain/risc-v embedded gcc/bin/../lib/gcc/riscv-none-embed/8.2.0/../../../../riscv-none-embed/lib/rv32imac/ilp32\libm.a(lib_a-k_tan.o)
                0x00000000000163ec                __kernel_tan
 .text.atan     0x000000000001679a      0x326 d:/mounriver/mounriver_studio/toolchain/risc-v embedded gcc/bin/../lib/gcc/riscv-none-embed/8.2.0/../../../../riscv-none-embed/lib/rv32imac/ilp32\libm.a(lib_a-s_atan.o)
                0x000000000001679a                atan
 .text.fabs     0x0000000000016ac0        0x6 d:/mounriver/mounriver_studio/toolchain/risc-v embedded gcc/bin/../lib/gcc/riscv-none-embed/8.2.0/../../../../riscv-none-embed/lib/rv32imac/ilp32\libm.a(lib_a-s_fabs.o)
                0x0000000000016ac0                fabs
 .text.finite   0x0000000000016ac6        0xe d:/mounriver/mounriver_studio/toolchain/risc-v embedded gcc/bin/../lib/gcc/riscv-none-embed/8.2.0/../../../../riscv-none-embed/lib/rv32imac/ilp32\libm.a(lib_a-s_finite.o)
                0x0000000000016ac6                finite
 .text.floor    0x0000000000016ad4      0x150 d:/mounriver/mounriver_studio/toolchain/risc-v embedded gcc/bin/../lib/gcc/riscv-none-embed/8.2.0/../../../../riscv-none-embed/lib/rv32imac/ilp32\libm.a(lib_a-s_floor.o)
                0x0000000000016ad4                floor
 .text.matherr  0x0000000000016c24        0x4 d:/mounriver/mounriver_studio/toolchain/risc-v embedded gcc/bin/../lib/gcc/riscv-none-embed/8.2.0/../../../../riscv-none-embed/lib/rv32imac/ilp32\libm.a(lib_a-s_matherr.o)
                0x0000000000016c24                matherr
 .text.nan      0x0000000000016c28        0xe d:/mounriver/mounriver_studio/toolchain/risc-v embedded gcc/bin/../lib/gcc/riscv-none-embed/8.2.0/../../../../riscv-none-embed/lib/rv32imac/ilp32\libm.a(lib_a-s_nan.o)
                0x0000000000016c28                nan
 .text.rint     0x0000000000016c36      0x186 d:/mounriver/mounriver_studio/toolchain/risc-v embedded gcc/bin/../lib/gcc/riscv-none-embed/8.2.0/../../../../riscv-none-embed/lib/rv32imac/ilp32\libm.a(lib_a-s_rint.o)
                0x0000000000016c36                rint
 .text.scalbn   0x0000000000016dbc      0x13e d:/mounriver/mounriver_studio/toolchain/risc-v embedded gcc/bin/../lib/gcc/riscv-none-embed/8.2.0/../../../../riscv-none-embed/lib/rv32imac/ilp32\libm.a(lib_a-s_scalbn.o)
                0x0000000000016dbc                scalbn
 .text.copysign
                0x0000000000016efa       0x16 d:/mounriver/mounriver_studio/toolchain/risc-v embedded gcc/bin/../lib/gcc/riscv-none-embed/8.2.0/../../../../riscv-none-embed/lib/rv32imac/ilp32\libm.a(lib_a-s_copysign.o)
                0x0000000000016efa                copysign
 .text.__adddf3
                0x0000000000016f10      0x730 d:/mounriver/mounriver_studio/toolchain/risc-v embedded gcc/bin/../lib/gcc/riscv-none-embed/8.2.0/rv32imac/ilp32\libgcc.a(adddf3.o)
                0x0000000000016f10                __adddf3
 .text.__divdf3
                0x0000000000017640      0x5b4 d:/mounriver/mounriver_studio/toolchain/risc-v embedded gcc/bin/../lib/gcc/riscv-none-embed/8.2.0/rv32imac/ilp32\libgcc.a(divdf3.o)
                0x0000000000017640                __divdf3
 .text.__eqdf2  0x0000000000017bf4       0x6a d:/mounriver/mounriver_studio/toolchain/risc-v embedded gcc/bin/../lib/gcc/riscv-none-embed/8.2.0/rv32imac/ilp32\libgcc.a(eqdf2.o)
                0x0000000000017bf4                __nedf2
                0x0000000000017bf4                __eqdf2
 .text.__gedf2  0x0000000000017c5e       0xae d:/mounriver/mounriver_studio/toolchain/risc-v embedded gcc/bin/../lib/gcc/riscv-none-embed/8.2.0/rv32imac/ilp32\libgcc.a(gedf2.o)
                0x0000000000017c5e                __gedf2
                0x0000000000017c5e                __gtdf2
 .text.__ledf2  0x0000000000017d0c       0xb6 d:/mounriver/mounriver_studio/toolchain/risc-v embedded gcc/bin/../lib/gcc/riscv-none-embed/8.2.0/rv32imac/ilp32\libgcc.a(ledf2.o)
                0x0000000000017d0c                __ledf2
                0x0000000000017d0c                __ltdf2
 .text.__muldf3
                0x0000000000017dc2      0x4b8 d:/mounriver/mounriver_studio/toolchain/risc-v embedded gcc/bin/../lib/gcc/riscv-none-embed/8.2.0/rv32imac/ilp32\libgcc.a(muldf3.o)
                0x0000000000017dc2                __muldf3
 .text.__subdf3
                0x000000000001827a      0x73e d:/mounriver/mounriver_studio/toolchain/risc-v embedded gcc/bin/../lib/gcc/riscv-none-embed/8.2.0/rv32imac/ilp32\libgcc.a(subdf3.o)
                0x000000000001827a                __subdf3
 .text.__unorddf2
                0x00000000000189b8       0x3c d:/mounriver/mounriver_studio/toolchain/risc-v embedded gcc/bin/../lib/gcc/riscv-none-embed/8.2.0/rv32imac/ilp32\libgcc.a(unorddf2.o)
                0x00000000000189b8                __unorddf2
 .text.__fixdfsi
                0x00000000000189f4       0x68 d:/mounriver/mounriver_studio/toolchain/risc-v embedded gcc/bin/../lib/gcc/riscv-none-embed/8.2.0/rv32imac/ilp32\libgcc.a(fixdfsi.o)
                0x00000000000189f4                __fixdfsi
 .text.__fixunsdfsi
                0x0000000000018a5c       0x5c d:/mounriver/mounriver_studio/toolchain/risc-v embedded gcc/bin/../lib/gcc/riscv-none-embed/8.2.0/rv32imac/ilp32\libgcc.a(fixunsdfsi.o)
                0x0000000000018a5c                __fixunsdfsi
 .text.__floatsidf
                0x0000000000018ab8       0x72 d:/mounriver/mounriver_studio/toolchain/risc-v embedded gcc/bin/../lib/gcc/riscv-none-embed/8.2.0/rv32imac/ilp32\libgcc.a(floatsidf.o)
                0x0000000000018ab8                __floatsidf
 .text.__addsf3
                0x0000000000018b2a      0x36a d:/mounriver/mounriver_studio/toolchain/risc-v embedded gcc/bin/../lib/gcc/riscv-none-embed/8.2.0/rv32imac/ilp32\libgcc.a(addsf3.o)
                0x0000000000018b2a                __addsf3
 .text.__divsf3
                0x0000000000018e94      0x2b2 d:/mounriver/mounriver_studio/toolchain/risc-v embedded gcc/bin/../lib/gcc/riscv-none-embed/8.2.0/rv32imac/ilp32\libgcc.a(divsf3.o)
                0x0000000000018e94                __divsf3
 .text.__eqsf2  0x0000000000019146       0x5c d:/mounriver/mounriver_studio/toolchain/risc-v embedded gcc/bin/../lib/gcc/riscv-none-embed/8.2.0/rv32imac/ilp32\libgcc.a(eqsf2.o)
                0x0000000000019146                __eqsf2
                0x0000000000019146                __nesf2
 .text.__gesf2  0x00000000000191a2       0x86 d:/mounriver/mounriver_studio/toolchain/risc-v embedded gcc/bin/../lib/gcc/riscv-none-embed/8.2.0/rv32imac/ilp32\libgcc.a(gesf2.o)
                0x00000000000191a2                __gesf2
                0x00000000000191a2                __gtsf2
 .text.__lesf2  0x0000000000019228       0x8c d:/mounriver/mounriver_studio/toolchain/risc-v embedded gcc/bin/../lib/gcc/riscv-none-embed/8.2.0/rv32imac/ilp32\libgcc.a(lesf2.o)
                0x0000000000019228                __ltsf2
                0x0000000000019228                __lesf2
 .text.__mulsf3
                0x00000000000192b4      0x294 d:/mounriver/mounriver_studio/toolchain/risc-v embedded gcc/bin/../lib/gcc/riscv-none-embed/8.2.0/rv32imac/ilp32\libgcc.a(mulsf3.o)
                0x00000000000192b4                __mulsf3
 .text.__subsf3
                0x0000000000019548      0x388 d:/mounriver/mounriver_studio/toolchain/risc-v embedded gcc/bin/../lib/gcc/riscv-none-embed/8.2.0/rv32imac/ilp32\libgcc.a(subsf3.o)
                0x0000000000019548                __subsf3
 .text.__fixsfsi
                0x00000000000198d0       0x62 d:/mounriver/mounriver_studio/toolchain/risc-v embedded gcc/bin/../lib/gcc/riscv-none-embed/8.2.0/rv32imac/ilp32\libgcc.a(fixsfsi.o)
                0x00000000000198d0                __fixsfsi
 .text.__floatsisf
                0x0000000000019932       0xc6 d:/mounriver/mounriver_studio/toolchain/risc-v embedded gcc/bin/../lib/gcc/riscv-none-embed/8.2.0/rv32imac/ilp32\libgcc.a(floatsisf.o)
                0x0000000000019932                __floatsisf
 .text.__floatunsisf
                0x00000000000199f8       0xce d:/mounriver/mounriver_studio/toolchain/risc-v embedded gcc/bin/../lib/gcc/riscv-none-embed/8.2.0/rv32imac/ilp32\libgcc.a(floatunsisf.o)
                0x00000000000199f8                __floatunsisf
 .text.__extendsfdf2
                0x0000000000019ac6       0xac d:/mounriver/mounriver_studio/toolchain/risc-v embedded gcc/bin/../lib/gcc/riscv-none-embed/8.2.0/rv32imac/ilp32\libgcc.a(extendsfdf2.o)
                0x0000000000019ac6                __extendsfdf2
 .text.__truncdfsf2
                0x0000000000019b72      0x16a d:/mounriver/mounriver_studio/toolchain/risc-v embedded gcc/bin/../lib/gcc/riscv-none-embed/8.2.0/rv32imac/ilp32\libgcc.a(truncdfsf2.o)
                0x0000000000019b72                __truncdfsf2
 .text.__clzsi2
                0x0000000000019cdc       0x76 d:/mounriver/mounriver_studio/toolchain/risc-v embedded gcc/bin/../lib/gcc/riscv-none-embed/8.2.0/rv32imac/ilp32\libgcc.a(_clzsi2.o)
                0x0000000000019cdc                __clzsi2
 .text.__errno  0x0000000000019d52        0x8 d:/mounriver/mounriver_studio/toolchain/risc-v embedded gcc/bin/../lib/gcc/riscv-none-embed/8.2.0/../../../../riscv-none-embed/lib/rv32imac/ilp32\libg_nano.a(lib_a-errno.o)
                0x0000000000019d52                __errno
 .text.memcpy   0x0000000000019d5a       0xb6 d:/mounriver/mounriver_studio/toolchain/risc-v embedded gcc/bin/../lib/gcc/riscv-none-embed/8.2.0/../../../../riscv-none-embed/lib/rv32imac/ilp32\libg_nano.a(lib_a-memcpy.o)
                0x0000000000019d5a                memcpy
 .text.printf   0x0000000000019e10       0x40 d:/mounriver/mounriver_studio/toolchain/risc-v embedded gcc/bin/../lib/gcc/riscv-none-embed/8.2.0/../../../../riscv-none-embed/lib/rv32imac/ilp32\libg_nano.a(lib_a-printf.o)
                0x0000000000019e10                iprintf
                0x0000000000019e10                printf
 .text._puts_r  0x0000000000019e50       0xda d:/mounriver/mounriver_studio/toolchain/risc-v embedded gcc/bin/../lib/gcc/riscv-none-embed/8.2.0/../../../../riscv-none-embed/lib/rv32imac/ilp32\libg_nano.a(lib_a-puts.o)
                0x0000000000019e50                _puts_r
 .text.puts     0x0000000000019f2a        0xc d:/mounriver/mounriver_studio/toolchain/risc-v embedded gcc/bin/../lib/gcc/riscv-none-embed/8.2.0/../../../../riscv-none-embed/lib/rv32imac/ilp32\libg_nano.a(lib_a-puts.o)
                0x0000000000019f2a                puts
 .text.sprintf  0x0000000000019f36       0x46 d:/mounriver/mounriver_studio/toolchain/risc-v embedded gcc/bin/../lib/gcc/riscv-none-embed/8.2.0/../../../../riscv-none-embed/lib/rv32imac/ilp32\libg_nano.a(lib_a-sprintf.o)
                0x0000000000019f36                siprintf
                0x0000000000019f36                sprintf
 .text.strncmp  0x0000000000019f7c       0x2c d:/mounriver/mounriver_studio/toolchain/risc-v embedded gcc/bin/../lib/gcc/riscv-none-embed/8.2.0/../../../../riscv-none-embed/lib/rv32imac/ilp32\libg_nano.a(lib_a-strncmp.o)
                0x0000000000019f7c                strncmp
 .text.__swbuf_r
                0x0000000000019fa8       0xc0 d:/mounriver/mounriver_studio/toolchain/risc-v embedded gcc/bin/../lib/gcc/riscv-none-embed/8.2.0/../../../../riscv-none-embed/lib/rv32imac/ilp32\libg_nano.a(lib_a-wbuf.o)
                0x0000000000019fa8                __swbuf_r
 .text.__swsetup_r
                0x000000000001a068      0x10c d:/mounriver/mounriver_studio/toolchain/risc-v embedded gcc/bin/../lib/gcc/riscv-none-embed/8.2.0/../../../../riscv-none-embed/lib/rv32imac/ilp32\libg_nano.a(lib_a-wsetup.o)
                0x000000000001a068                __swsetup_r
 .text.__sflush_r
                0x000000000001a174      0x13c d:/mounriver/mounriver_studio/toolchain/risc-v embedded gcc/bin/../lib/gcc/riscv-none-embed/8.2.0/../../../../riscv-none-embed/lib/rv32imac/ilp32\libg_nano.a(lib_a-fflush.o)
                0x000000000001a174                __sflush_r
 .text._fflush_r
                0x000000000001a2b0       0x66 d:/mounriver/mounriver_studio/toolchain/risc-v embedded gcc/bin/../lib/gcc/riscv-none-embed/8.2.0/../../../../riscv-none-embed/lib/rv32imac/ilp32\libg_nano.a(lib_a-fflush.o)
                0x000000000001a2b0                _fflush_r
 .text.std      0x000000000001a316       0x6a d:/mounriver/mounriver_studio/toolchain/risc-v embedded gcc/bin/../lib/gcc/riscv-none-embed/8.2.0/../../../../riscv-none-embed/lib/rv32imac/ilp32\libg_nano.a(lib_a-findfp.o)
 .text._cleanup_r
                0x000000000001a380        0xa d:/mounriver/mounriver_studio/toolchain/risc-v embedded gcc/bin/../lib/gcc/riscv-none-embed/8.2.0/../../../../riscv-none-embed/lib/rv32imac/ilp32\libg_nano.a(lib_a-findfp.o)
                0x000000000001a380                _cleanup_r
 .text.__sfmoreglue
                0x000000000001a38a       0x46 d:/mounriver/mounriver_studio/toolchain/risc-v embedded gcc/bin/../lib/gcc/riscv-none-embed/8.2.0/../../../../riscv-none-embed/lib/rv32imac/ilp32\libg_nano.a(lib_a-findfp.o)
                0x000000000001a38a                __sfmoreglue
 .text.__sinit  0x000000000001a3d0       0x6c d:/mounriver/mounriver_studio/toolchain/risc-v embedded gcc/bin/../lib/gcc/riscv-none-embed/8.2.0/../../../../riscv-none-embed/lib/rv32imac/ilp32\libg_nano.a(lib_a-findfp.o)
                0x000000000001a3d0                __sinit
 .text.__sfp    0x000000000001a43c       0xa0 d:/mounriver/mounriver_studio/toolchain/risc-v embedded gcc/bin/../lib/gcc/riscv-none-embed/8.2.0/../../../../riscv-none-embed/lib/rv32imac/ilp32\libg_nano.a(lib_a-findfp.o)
                0x000000000001a43c                __sfp
 .text._fwalk_reent
                0x000000000001a4dc       0x6c d:/mounriver/mounriver_studio/toolchain/risc-v embedded gcc/bin/../lib/gcc/riscv-none-embed/8.2.0/../../../../riscv-none-embed/lib/rv32imac/ilp32\libg_nano.a(lib_a-fwalk.o)
                0x000000000001a4dc                _fwalk_reent
 .text.__swhatbuf_r
                0x000000000001a548       0x5a d:/mounriver/mounriver_studio/toolchain/risc-v embedded gcc/bin/../lib/gcc/riscv-none-embed/8.2.0/../../../../riscv-none-embed/lib/rv32imac/ilp32\libg_nano.a(lib_a-makebuf.o)
                0x000000000001a548                __swhatbuf_r
 .text.__smakebuf_r
                0x000000000001a5a2       0xa0 d:/mounriver/mounriver_studio/toolchain/risc-v embedded gcc/bin/../lib/gcc/riscv-none-embed/8.2.0/../../../../riscv-none-embed/lib/rv32imac/ilp32\libg_nano.a(lib_a-makebuf.o)
                0x000000000001a5a2                __smakebuf_r
 .text._free_r  0x000000000001a642       0xa8 d:/mounriver/mounriver_studio/toolchain/risc-v embedded gcc/bin/../lib/gcc/riscv-none-embed/8.2.0/../../../../riscv-none-embed/lib/rv32imac/ilp32\libg_nano.a(lib_a-nano-freer.o)
                0x000000000001a642                _free_r
 .text._malloc_r
                0x000000000001a6ea       0xda d:/mounriver/mounriver_studio/toolchain/risc-v embedded gcc/bin/../lib/gcc/riscv-none-embed/8.2.0/../../../../riscv-none-embed/lib/rv32imac/ilp32\libg_nano.a(lib_a-nano-mallocr.o)
                0x000000000001a6ea                _malloc_r
 .text.__ssputs_r
                0x000000000001a7c4       0xee d:/mounriver/mounriver_studio/toolchain/risc-v embedded gcc/bin/../lib/gcc/riscv-none-embed/8.2.0/../../../../riscv-none-embed/lib/rv32imac/ilp32\libg_nano.a(lib_a-nano-svfprintf.o)
                0x000000000001a7c4                __ssputs_r
 .text._svfprintf_r
                0x000000000001a8b2      0x280 d:/mounriver/mounriver_studio/toolchain/risc-v embedded gcc/bin/../lib/gcc/riscv-none-embed/8.2.0/../../../../riscv-none-embed/lib/rv32imac/ilp32\libg_nano.a(lib_a-nano-svfprintf.o)
                0x000000000001a8b2                _svfiprintf_r
                0x000000000001a8b2                _svfprintf_r
 .text.__sfputc_r
                0x000000000001ab32       0x2a d:/mounriver/mounriver_studio/toolchain/risc-v embedded gcc/bin/../lib/gcc/riscv-none-embed/8.2.0/../../../../riscv-none-embed/lib/rv32imac/ilp32\libg_nano.a(lib_a-nano-vfprintf.o)
 .text.__sfputs_r
                0x000000000001ab5c       0x44 d:/mounriver/mounriver_studio/toolchain/risc-v embedded gcc/bin/../lib/gcc/riscv-none-embed/8.2.0/../../../../riscv-none-embed/lib/rv32imac/ilp32\libg_nano.a(lib_a-nano-vfprintf.o)
                0x000000000001ab5c                __sfputs_r
 .text._vfprintf_r
                0x000000000001aba0      0x29c d:/mounriver/mounriver_studio/toolchain/risc-v embedded gcc/bin/../lib/gcc/riscv-none-embed/8.2.0/../../../../riscv-none-embed/lib/rv32imac/ilp32\libg_nano.a(lib_a-nano-vfprintf.o)
                0x000000000001aba0                _vfprintf_r
                0x000000000001aba0                _vfiprintf_r
 .text._printf_common
                0x000000000001ae3c      0x10c d:/mounriver/mounriver_studio/toolchain/risc-v embedded gcc/bin/../lib/gcc/riscv-none-embed/8.2.0/../../../../riscv-none-embed/lib/rv32imac/ilp32\libg_nano.a(lib_a-nano-vfprintf_i.o)
                0x000000000001ae3c                _printf_common
 .text._printf_i
                0x000000000001af48      0x2aa d:/mounriver/mounriver_studio/toolchain/risc-v embedded gcc/bin/../lib/gcc/riscv-none-embed/8.2.0/../../../../riscv-none-embed/lib/rv32imac/ilp32\libg_nano.a(lib_a-nano-vfprintf_i.o)
                0x000000000001af48                _printf_i
 .text._sbrk_r  0x000000000001b1f2       0x30 d:/mounriver/mounriver_studio/toolchain/risc-v embedded gcc/bin/../lib/gcc/riscv-none-embed/8.2.0/../../../../riscv-none-embed/lib/rv32imac/ilp32\libg_nano.a(lib_a-sbrkr.o)
                0x000000000001b1f2                _sbrk_r
 .text.__sread  0x000000000001b222       0x30 d:/mounriver/mounriver_studio/toolchain/risc-v embedded gcc/bin/../lib/gcc/riscv-none-embed/8.2.0/../../../../riscv-none-embed/lib/rv32imac/ilp32\libg_nano.a(lib_a-stdio.o)
                0x000000000001b222                __sread
 .text.__swrite
                0x000000000001b252       0x4e d:/mounriver/mounriver_studio/toolchain/risc-v embedded gcc/bin/../lib/gcc/riscv-none-embed/8.2.0/../../../../riscv-none-embed/lib/rv32imac/ilp32\libg_nano.a(lib_a-stdio.o)
                0x000000000001b252                __swrite
 .text.__sseek  0x000000000001b2a0       0x36 d:/mounriver/mounriver_studio/toolchain/risc-v embedded gcc/bin/../lib/gcc/riscv-none-embed/8.2.0/../../../../riscv-none-embed/lib/rv32imac/ilp32\libg_nano.a(lib_a-stdio.o)
                0x000000000001b2a0                __sseek
 .text.__sclose
                0x000000000001b2d6        0x6 d:/mounriver/mounriver_studio/toolchain/risc-v embedded gcc/bin/../lib/gcc/riscv-none-embed/8.2.0/../../../../riscv-none-embed/lib/rv32imac/ilp32\libg_nano.a(lib_a-stdio.o)
                0x000000000001b2d6                __sclose
 .text._write_r
                0x000000000001b2dc       0x36 d:/mounriver/mounriver_studio/toolchain/risc-v embedded gcc/bin/../lib/gcc/riscv-none-embed/8.2.0/../../../../riscv-none-embed/lib/rv32imac/ilp32\libg_nano.a(lib_a-writer.o)
                0x000000000001b2dc                _write_r
 .text._close_r
                0x000000000001b312       0x30 d:/mounriver/mounriver_studio/toolchain/risc-v embedded gcc/bin/../lib/gcc/riscv-none-embed/8.2.0/../../../../riscv-none-embed/lib/rv32imac/ilp32\libg_nano.a(lib_a-closer.o)
                0x000000000001b312                _close_r
 .text._fstat_r
                0x000000000001b342       0x32 d:/mounriver/mounriver_studio/toolchain/risc-v embedded gcc/bin/../lib/gcc/riscv-none-embed/8.2.0/../../../../riscv-none-embed/lib/rv32imac/ilp32\libg_nano.a(lib_a-fstatr.o)
                0x000000000001b342                _fstat_r
 .text._isatty_r
                0x000000000001b374       0x30 d:/mounriver/mounriver_studio/toolchain/risc-v embedded gcc/bin/../lib/gcc/riscv-none-embed/8.2.0/../../../../riscv-none-embed/lib/rv32imac/ilp32\libg_nano.a(lib_a-isattyr.o)
                0x000000000001b374                _isatty_r
 .text._lseek_r
                0x000000000001b3a4       0x34 d:/mounriver/mounriver_studio/toolchain/risc-v embedded gcc/bin/../lib/gcc/riscv-none-embed/8.2.0/../../../../riscv-none-embed/lib/rv32imac/ilp32\libg_nano.a(lib_a-lseekr.o)
                0x000000000001b3a4                _lseek_r
 .text.memchr   0x000000000001b3d8       0x1a d:/mounriver/mounriver_studio/toolchain/risc-v embedded gcc/bin/../lib/gcc/riscv-none-embed/8.2.0/../../../../riscv-none-embed/lib/rv32imac/ilp32\libg_nano.a(lib_a-memchr.o)
                0x000000000001b3d8                memchr
 .text.memmove  0x000000000001b3f2       0x4a d:/mounriver/mounriver_studio/toolchain/risc-v embedded gcc/bin/../lib/gcc/riscv-none-embed/8.2.0/../../../../riscv-none-embed/lib/rv32imac/ilp32\libg_nano.a(lib_a-memmove.o)
                0x000000000001b3f2                memmove
 .text.__malloc_lock
                0x000000000001b43c        0x2 d:/mounriver/mounriver_studio/toolchain/risc-v embedded gcc/bin/../lib/gcc/riscv-none-embed/8.2.0/../../../../riscv-none-embed/lib/rv32imac/ilp32\libg_nano.a(lib_a-mlock.o)
                0x000000000001b43c                __malloc_lock
 .text.__malloc_unlock
                0x000000000001b43e        0x2 d:/mounriver/mounriver_studio/toolchain/risc-v embedded gcc/bin/../lib/gcc/riscv-none-embed/8.2.0/../../../../riscv-none-embed/lib/rv32imac/ilp32\libg_nano.a(lib_a-mlock.o)
                0x000000000001b43e                __malloc_unlock
 .text._realloc_r
                0x000000000001b440       0x58 d:/mounriver/mounriver_studio/toolchain/risc-v embedded gcc/bin/../lib/gcc/riscv-none-embed/8.2.0/../../../../riscv-none-embed/lib/rv32imac/ilp32\libg_nano.a(lib_a-nano-reallocr.o)
                0x000000000001b440                _realloc_r
 .text._read_r  0x000000000001b498       0x34 d:/mounriver/mounriver_studio/toolchain/risc-v embedded gcc/bin/../lib/gcc/riscv-none-embed/8.2.0/../../../../riscv-none-embed/lib/rv32imac/ilp32\libg_nano.a(lib_a-readr.o)
                0x000000000001b498                _read_r
 .text._malloc_usable_size_r
                0x000000000001b4cc       0x14 d:/mounriver/mounriver_studio/toolchain/risc-v embedded gcc/bin/../lib/gcc/riscv-none-embed/8.2.0/../../../../riscv-none-embed/lib/rv32imac/ilp32\libg_nano.a(lib_a-nano-msizer.o)
                0x000000000001b4cc                _malloc_usable_size_r
 .text._close   0x000000000001b4e0       0x10 d:/mounriver/mounriver_studio/toolchain/risc-v embedded gcc/bin/../lib/gcc/riscv-none-embed/8.2.0/../../../../riscv-none-embed/lib/rv32imac/ilp32\libnosys.a(close.o)
                0x000000000001b4e0                _close
 .text._fstat   0x000000000001b4f0       0x10 d:/mounriver/mounriver_studio/toolchain/risc-v embedded gcc/bin/../lib/gcc/riscv-none-embed/8.2.0/../../../../riscv-none-embed/lib/rv32imac/ilp32\libnosys.a(fstat.o)
                0x000000000001b4f0                _fstat
 .text._isatty  0x000000000001b500       0x10 d:/mounriver/mounriver_studio/toolchain/risc-v embedded gcc/bin/../lib/gcc/riscv-none-embed/8.2.0/../../../../riscv-none-embed/lib/rv32imac/ilp32\libnosys.a(isatty.o)
                0x000000000001b500                _isatty
 .text._lseek   0x000000000001b510       0x10 d:/mounriver/mounriver_studio/toolchain/risc-v embedded gcc/bin/../lib/gcc/riscv-none-embed/8.2.0/../../../../riscv-none-embed/lib/rv32imac/ilp32\libnosys.a(lseek.o)
                0x000000000001b510                _lseek
 .text._read    0x000000000001b520       0x10 d:/mounriver/mounriver_studio/toolchain/risc-v embedded gcc/bin/../lib/gcc/riscv-none-embed/8.2.0/../../../../riscv-none-embed/lib/rv32imac/ilp32\libnosys.a(read.o)
                0x000000000001b520                _read
 .text._sbrk    0x000000000001b530       0x24 d:/mounriver/mounriver_studio/toolchain/risc-v embedded gcc/bin/../lib/gcc/riscv-none-embed/8.2.0/../../../../riscv-none-embed/lib/rv32imac/ilp32\libnosys.a(sbrk.o)
                0x000000000001b530                _sbrk
 *(.rodata)
 *fill*         0x000000000001b554        0x0 
 .rodata        0x000000000001b554       0x86 ./zf_driver/zf_driver_encoder.o
 *fill*         0x000000000001b5da        0x2 
 .rodata        0x000000000001b5dc       0xac ./zf_driver/zf_driver_pit.o
 .rodata        0x000000000001b688       0x82 ./zf_driver/zf_driver_pwm.o
 *fill*         0x000000000001b70a        0x2 
 .rodata        0x000000000001b70c      0x14f ./zf_device/zf_device_bluetooth_ch9141.o
 *fill*         0x000000000001b85b        0x5 
 .rodata        0x000000000001b860      0x110 ./zf_device/zf_device_icm20602.o
 .rodata        0x000000000001b970       0x8a ./zf_device/zf_device_mt9v03x_dvp.o
 *fill*         0x000000000001b9fa        0x2 
 .rodata        0x000000000001b9fc       0x45 ./zf_common/zf_common_debug.o
 *fill*         0x000000000001ba41        0x3 
 .rodata        0x000000000001ba44       0x88 ./user_c/SEEKFREE_18TFT.o
 *fill*         0x000000000001bacc        0x4 
 .rodata        0x000000000001bad0      0x188 ./user_c/camera.o
 .rodata        0x000000000001bc58      0x174 ./user_c/function_test.o
 .rodata        0x000000000001bdcc       0x58 ./user_c/isr.o
 *fill*         0x000000000001be24        0x4 
 .rodata        0x000000000001be28       0xe8 ./user_c/pid.o
 .rodata        0x000000000001bf10       0x41 ./sdk/Peripheral/ch32v30x_usbotg_device.o
 *(.rodata*)
 *fill*         0x000000000001bf51        0x3 
 .rodata.gpio_group
                0x000000000001bf54       0x14 ./zf_driver/zf_driver_gpio.o
                0x000000000001bf54                gpio_group
 .rodata.tim_index
                0x000000000001bf68       0x28 ./zf_driver/zf_driver_timer.o
                0x000000000001bf68                tim_index
 .rodata.uart_index
                0x000000000001bf90       0x20 ./zf_driver/zf_driver_uart.o
                0x000000000001bf90                uart_index
 .rodata.tft_ascii
                0x000000000001bfb0      0x5f0 ./zf_common/zf_common_font.o
                0x000000000001bfb0                tft_ascii
 .rodata.meun_function
                0x000000000001c5a0      0x170 ./user_c/function_test.o
 .rodata.UART6_IRQHandler
                0x000000000001c710       0x70 ./user_c/isr.o
 .rodata.MyDevDescrHD
                0x000000000001c780       0x12 ./sdk/Peripheral/ch32v30x_usbotg_device.o
                0x000000000001c780                MyDevDescrHD
 *fill*         0x000000000001c792        0x2 
 .rodata.MyCfgDescrHD
                0x000000000001c794       0x43 ./sdk/Peripheral/ch32v30x_usbotg_device.o
                0x000000000001c794                MyCfgDescrHD
 *fill*         0x000000000001c7d7        0x1 
 .rodata.MyReportDescHD
                0x000000000001c7d8       0x14 ./sdk/Peripheral/ch32v30x_usbotg_device.o
                0x000000000001c7d8                MyReportDescHD
 .rodata.MyManuInfoHD
                0x000000000001c7ec        0xe ./sdk/Peripheral/ch32v30x_usbotg_device.o
                0x000000000001c7ec                MyManuInfoHD
 *fill*         0x000000000001c7fa        0x2 
 .rodata.MyProdInfoHD
                0x000000000001c7fc        0xc ./sdk/Peripheral/ch32v30x_usbotg_device.o
                0x000000000001c7fc                MyProdInfoHD
 .rodata.MySerNumInfoHD
                0x000000000001c808       0x16 ./sdk/Peripheral/ch32v30x_usbotg_device.o
                0x000000000001c808                MySerNumInfoHD
 *fill*         0x000000000001c81e        0x2 
 .rodata.MyUSBQUADescHD
                0x000000000001c820        0xa ./sdk/Peripheral/ch32v30x_usbotg_device.o
                0x000000000001c820                MyUSBQUADescHD
 *fill*         0x000000000001c82a        0x2 
 .rodata.OTG_FS_IRQHandler
                0x000000000001c82c       0xbc ./sdk/Peripheral/ch32v30x_usbotg_device.o
 .rodata.asin.cst8
                0x000000000001c8e8        0x8 d:/mounriver/mounriver_studio/toolchain/risc-v embedded gcc/bin/../lib/gcc/riscv-none-embed/8.2.0/../../../../riscv-none-embed/lib/rv32imac/ilp32\libm.a(lib_a-w_asin.o)
 .rodata.asin.str1.4
                0x000000000001c8f0        0x5 d:/mounriver/mounriver_studio/toolchain/risc-v embedded gcc/bin/../lib/gcc/riscv-none-embed/8.2.0/../../../../riscv-none-embed/lib/rv32imac/ilp32\libm.a(lib_a-w_asin.o)
                                          0x9 (size before relaxing)
 *fill*         0x000000000001c8f5        0x3 
 .rodata.pow.cst8
                0x000000000001c8f8       0x28 d:/mounriver/mounriver_studio/toolchain/risc-v embedded gcc/bin/../lib/gcc/riscv-none-embed/8.2.0/../../../../riscv-none-embed/lib/rv32imac/ilp32\libm.a(lib_a-w_pow.o)
                                         0x30 (size before relaxing)
 .rodata.pow.str1.4
                0x000000000001c920        0x4 d:/mounriver/mounriver_studio/toolchain/risc-v embedded gcc/bin/../lib/gcc/riscv-none-embed/8.2.0/../../../../riscv-none-embed/lib/rv32imac/ilp32\libm.a(lib_a-w_pow.o)
 *fill*         0x000000000001c924        0x4 
 .rodata.__ieee754_asin.cst8
                0x000000000001c928       0x70 d:/mounriver/mounriver_studio/toolchain/risc-v embedded gcc/bin/../lib/gcc/riscv-none-embed/8.2.0/../../../../riscv-none-embed/lib/rv32imac/ilp32\libm.a(lib_a-e_asin.o)
                                         0x80 (size before relaxing)
 .rodata.__ieee754_atan2.cst8
                0x000000000001c998       0x40 d:/mounriver/mounriver_studio/toolchain/risc-v embedded gcc/bin/../lib/gcc/riscv-none-embed/8.2.0/../../../../riscv-none-embed/lib/rv32imac/ilp32\libm.a(lib_a-e_atan2.o)
                                         0x50 (size before relaxing)
 .rodata.__ieee754_pow.cst8
                0x000000000001c9d8       0xf8 d:/mounriver/mounriver_studio/toolchain/risc-v embedded gcc/bin/../lib/gcc/riscv-none-embed/8.2.0/../../../../riscv-none-embed/lib/rv32imac/ilp32\libm.a(lib_a-e_pow.o)
                                        0x110 (size before relaxing)
 .rodata.__ieee754_pow.str1.4
                0x000000000001cad0        0x1 d:/mounriver/mounriver_studio/toolchain/risc-v embedded gcc/bin/../lib/gcc/riscv-none-embed/8.2.0/../../../../riscv-none-embed/lib/rv32imac/ilp32\libm.a(lib_a-e_pow.o)
 .rodata.__ieee754_rem_pio2.cst8
                0x000000000001cad0       0x40 d:/mounriver/mounriver_studio/toolchain/risc-v embedded gcc/bin/../lib/gcc/riscv-none-embed/8.2.0/../../../../riscv-none-embed/lib/rv32imac/ilp32\libm.a(lib_a-e_rem_pio2.o)
                                         0x48 (size before relaxing)
 .rodata.npio2_hw
                0x000000000001cb10       0x80 d:/mounriver/mounriver_studio/toolchain/risc-v embedded gcc/bin/../lib/gcc/riscv-none-embed/8.2.0/../../../../riscv-none-embed/lib/rv32imac/ilp32\libm.a(lib_a-e_rem_pio2.o)
 .rodata.two_over_pi
                0x000000000001cb90      0x108 d:/mounriver/mounriver_studio/toolchain/risc-v embedded gcc/bin/../lib/gcc/riscv-none-embed/8.2.0/../../../../riscv-none-embed/lib/rv32imac/ilp32\libm.a(lib_a-e_rem_pio2.o)
 .rodata.PIo2   0x000000000001cc98       0x40 d:/mounriver/mounriver_studio/toolchain/risc-v embedded gcc/bin/../lib/gcc/riscv-none-embed/8.2.0/../../../../riscv-none-embed/lib/rv32imac/ilp32\libm.a(lib_a-k_rem_pio2.o)
 .rodata.__kernel_rem_pio2.cst8
                0x000000000001ccd8       0x20 d:/mounriver/mounriver_studio/toolchain/risc-v embedded gcc/bin/../lib/gcc/riscv-none-embed/8.2.0/../../../../riscv-none-embed/lib/rv32imac/ilp32\libm.a(lib_a-k_rem_pio2.o)
                                         0x38 (size before relaxing)
 .rodata.init_jk
                0x000000000001ccf8       0x10 d:/mounriver/mounriver_studio/toolchain/risc-v embedded gcc/bin/../lib/gcc/riscv-none-embed/8.2.0/../../../../riscv-none-embed/lib/rv32imac/ilp32\libm.a(lib_a-k_rem_pio2.o)
 .rodata.__kernel_tan.cst8
                0x000000000001cd08       0x70 d:/mounriver/mounriver_studio/toolchain/risc-v embedded gcc/bin/../lib/gcc/riscv-none-embed/8.2.0/../../../../riscv-none-embed/lib/rv32imac/ilp32\libm.a(lib_a-k_tan.o)
                                         0x88 (size before relaxing)
 .rodata.atan.cst8
                0x000000000001cd78       0x58 d:/mounriver/mounriver_studio/toolchain/risc-v embedded gcc/bin/../lib/gcc/riscv-none-embed/8.2.0/../../../../riscv-none-embed/lib/rv32imac/ilp32\libm.a(lib_a-s_atan.o)
                                         0x90 (size before relaxing)
 .rodata.atanhi
                0x000000000001cdd0       0x20 d:/mounriver/mounriver_studio/toolchain/risc-v embedded gcc/bin/../lib/gcc/riscv-none-embed/8.2.0/../../../../riscv-none-embed/lib/rv32imac/ilp32\libm.a(lib_a-s_atan.o)
 .rodata.atanlo
                0x000000000001cdf0       0x20 d:/mounriver/mounriver_studio/toolchain/risc-v embedded gcc/bin/../lib/gcc/riscv-none-embed/8.2.0/../../../../riscv-none-embed/lib/rv32imac/ilp32\libm.a(lib_a-s_atan.o)
 .rodata.floor.cst8
                0x000000000001ce10        0x8 d:/mounriver/mounriver_studio/toolchain/risc-v embedded gcc/bin/../lib/gcc/riscv-none-embed/8.2.0/../../../../riscv-none-embed/lib/rv32imac/ilp32\libm.a(lib_a-s_floor.o)
 .rodata.nan.cst8
                0x000000000001ce10        0x8 d:/mounriver/mounriver_studio/toolchain/risc-v embedded gcc/bin/../lib/gcc/riscv-none-embed/8.2.0/../../../../riscv-none-embed/lib/rv32imac/ilp32\libm.a(lib_a-s_nan.o)
 .rodata.TWO52  0x000000000001ce18       0x10 d:/mounriver/mounriver_studio/toolchain/risc-v embedded gcc/bin/../lib/gcc/riscv-none-embed/8.2.0/../../../../riscv-none-embed/lib/rv32imac/ilp32\libm.a(lib_a-s_rint.o)
 .rodata.scalbn.cst8
                0x000000000001ce28       0x10 d:/mounriver/mounriver_studio/toolchain/risc-v embedded gcc/bin/../lib/gcc/riscv-none-embed/8.2.0/../../../../riscv-none-embed/lib/rv32imac/ilp32\libm.a(lib_a-s_scalbn.o)
                                         0x20 (size before relaxing)
 .rodata.__divdf3
                0x000000000001ce38       0x40 d:/mounriver/mounriver_studio/toolchain/risc-v embedded gcc/bin/../lib/gcc/riscv-none-embed/8.2.0/rv32imac/ilp32\libgcc.a(divdf3.o)
 .rodata.__muldf3
                0x000000000001ce78       0x40 d:/mounriver/mounriver_studio/toolchain/risc-v embedded gcc/bin/../lib/gcc/riscv-none-embed/8.2.0/rv32imac/ilp32\libgcc.a(muldf3.o)
 .rodata.__divsf3
                0x000000000001ceb8       0x80 d:/mounriver/mounriver_studio/toolchain/risc-v embedded gcc/bin/../lib/gcc/riscv-none-embed/8.2.0/rv32imac/ilp32\libgcc.a(divsf3.o)
 .rodata.__mulsf3
                0x000000000001cf38       0x40 d:/mounriver/mounriver_studio/toolchain/risc-v embedded gcc/bin/../lib/gcc/riscv-none-embed/8.2.0/rv32imac/ilp32\libgcc.a(mulsf3.o)
 .rodata.__clz_tab
                0x000000000001cf78      0x100 d:/mounriver/mounriver_studio/toolchain/risc-v embedded gcc/bin/../lib/gcc/riscv-none-embed/8.2.0/rv32imac/ilp32\libgcc.a(_clz.o)
                0x000000000001cf78                __clz_tab
 .rodata.__sf_fake_stderr
                0x000000000001d078       0x20 d:/mounriver/mounriver_studio/toolchain/risc-v embedded gcc/bin/../lib/gcc/riscv-none-embed/8.2.0/../../../../riscv-none-embed/lib/rv32imac/ilp32\libg_nano.a(lib_a-findfp.o)
                0x000000000001d078                __sf_fake_stderr
 .rodata.__sf_fake_stdin
                0x000000000001d098       0x20 d:/mounriver/mounriver_studio/toolchain/risc-v embedded gcc/bin/../lib/gcc/riscv-none-embed/8.2.0/../../../../riscv-none-embed/lib/rv32imac/ilp32\libg_nano.a(lib_a-findfp.o)
                0x000000000001d098                __sf_fake_stdin
 .rodata.__sf_fake_stdout
                0x000000000001d0b8       0x20 d:/mounriver/mounriver_studio/toolchain/risc-v embedded gcc/bin/../lib/gcc/riscv-none-embed/8.2.0/../../../../riscv-none-embed/lib/rv32imac/ilp32\libg_nano.a(lib_a-findfp.o)
                0x000000000001d0b8                __sf_fake_stdout
 .rodata._svfprintf_r.str1.4
                0x000000000001d0d8       0x13 d:/mounriver/mounriver_studio/toolchain/risc-v embedded gcc/bin/../lib/gcc/riscv-none-embed/8.2.0/../../../../riscv-none-embed/lib/rv32imac/ilp32\libg_nano.a(lib_a-nano-svfprintf.o)
 .rodata._vfprintf_r.str1.4
                0x000000000001d0eb       0x13 d:/mounriver/mounriver_studio/toolchain/risc-v embedded gcc/bin/../lib/gcc/riscv-none-embed/8.2.0/../../../../riscv-none-embed/lib/rv32imac/ilp32\libg_nano.a(lib_a-nano-vfprintf.o)
 *fill*         0x000000000001d0eb        0x1 
 .rodata._printf_i.str1.4
                0x000000000001d0ec       0x28 d:/mounriver/mounriver_studio/toolchain/risc-v embedded gcc/bin/../lib/gcc/riscv-none-embed/8.2.0/../../../../riscv-none-embed/lib/rv32imac/ilp32\libg_nano.a(lib_a-nano-vfprintf_i.o)
                                         0x25 (size before relaxing)
 *(.glue_7)
 *(.glue_7t)
 *(.gnu.linkonce.t.*)
                0x000000000001d114                . = ALIGN (0x4)

.rela.dyn       0x000000000001d114        0x0
 .rela.init     0x000000000001d114        0x0 ./zf_driver/zf_driver_adc.o
 .rela.vector   0x000000000001d114        0x0 ./zf_driver/zf_driver_adc.o
 .rela.text.handle_reset
                0x000000000001d114        0x0 ./zf_driver/zf_driver_adc.o
 .rela.text._svfprintf_r
                0x000000000001d114        0x0 ./zf_driver/zf_driver_adc.o
 .rela.text._vfprintf_r
                0x000000000001d114        0x0 ./zf_driver/zf_driver_adc.o
 .rela.text._sbrk_r
                0x000000000001d114        0x0 ./zf_driver/zf_driver_adc.o
 .rela.text._write_r
                0x000000000001d114        0x0 ./zf_driver/zf_driver_adc.o
 .rela.text._close_r
                0x000000000001d114        0x0 ./zf_driver/zf_driver_adc.o
 .rela.text._fstat_r
                0x000000000001d114        0x0 ./zf_driver/zf_driver_adc.o
 .rela.text._isatty_r
                0x000000000001d114        0x0 ./zf_driver/zf_driver_adc.o
 .rela.text._lseek_r
                0x000000000001d114        0x0 ./zf_driver/zf_driver_adc.o
 .rela.text._read_r
                0x000000000001d114        0x0 ./zf_driver/zf_driver_adc.o
 .rela.text._close
                0x000000000001d114        0x0 ./zf_driver/zf_driver_adc.o
 .rela.text._fstat
                0x000000000001d114        0x0 ./zf_driver/zf_driver_adc.o
 .rela.text._isatty
                0x000000000001d114        0x0 ./zf_driver/zf_driver_adc.o
 .rela.text._lseek
                0x000000000001d114        0x0 ./zf_driver/zf_driver_adc.o
 .rela.text._read
                0x000000000001d114        0x0 ./zf_driver/zf_driver_adc.o
 .rela.text._sbrk
                0x000000000001d114        0x0 ./zf_driver/zf_driver_adc.o

.fini           0x000000000001d114        0x0
 *(SORT_NONE(.fini))
                0x000000000001d114                . = ALIGN (0x4)
                [!provide]                        PROVIDE (_etext = .)
                [!provide]                        PROVIDE (_eitcm = .)

.preinit_array  0x000000000001d114        0x0
                [!provide]                        PROVIDE (__preinit_array_start = .)
 *(.preinit_array)
                [!provide]                        PROVIDE (__preinit_array_end = .)

.init_array     0x000000000001d114        0x0
                [!provide]                        PROVIDE (__init_array_start = .)
 *(SORT_BY_INIT_PRIORITY(.init_array.*) SORT_BY_INIT_PRIORITY(.ctors.*))
 *(.init_array EXCLUDE_FILE(*crtend?.o *crtend.o *crtbegin?.o *crtbegin.o) .ctors)
                [!provide]                        PROVIDE (__init_array_end = .)

.fini_array     0x000000000001d114        0x0
                [!provide]                        PROVIDE (__fini_array_start = .)
 *(SORT_BY_INIT_PRIORITY(.fini_array.*) SORT_BY_INIT_PRIORITY(.dtors.*))
 *(.fini_array EXCLUDE_FILE(*crtend?.o *crtend.o *crtbegin?.o *crtbegin.o) .dtors)
                [!provide]                        PROVIDE (__fini_array_end = .)

.ctors
 *crtbegin.o(.ctors)
 *crtbegin?.o(.ctors)
 *(EXCLUDE_FILE(*crtend?.o *crtend.o) .ctors)
 *(SORT_BY_NAME(.ctors.*))
 *(.ctors)

.dtors
 *crtbegin.o(.dtors)
 *crtbegin?.o(.dtors)
 *(EXCLUDE_FILE(*crtend?.o *crtend.o) .dtors)
 *(SORT_BY_NAME(.dtors.*))
 *(.dtors)

.dalign         0x0000000020000000        0x0 load address 0x000000000001d114
                0x0000000020000000                . = ALIGN (0x4)
                0x0000000020000000                PROVIDE (_data_vma = .)

.dlalign        0x000000000001d114        0x0
                0x000000000001d114                . = ALIGN (0x4)
                0x000000000001d114                PROVIDE (_data_lma = .)

.data           0x0000000020000000      0x258 load address 0x000000000001d114
 *(.gnu.linkonce.r.*)
 *(.data .data.*)
 .data.bluetooth_ch9141
                0x0000000020000000       0x1c ./zf_device/zf_device_bluetooth_ch9141.o
                0x0000000020000000                bluetooth_ch9141
 .data.mt9v03x_set_confing_buffer_dvp
                0x000000002000001c       0x28 ./zf_device/zf_device_mt9v03x_dvp.o
                0x000000002000001c                mt9v03x_set_confing_buffer_dvp
 .data.mt9v03x_get_confing_buffer_dvp
                0x0000000020000044       0x24 ./zf_device/zf_device_mt9v03x_dvp.o
                0x0000000020000044                mt9v03x_get_confing_buffer_dvp
 .data.wireless_device_info
                0x0000000020000068       0x28 ./zf_device/zf_device_wireless_uart.o
                0x0000000020000068                wireless_device_info
 .data.PID_T_1  0x0000000020000090       0x14 ./user_c/pid.o
                0x0000000020000090                PID_T_1
 .data.PID_L    0x00000000200000a4       0x14 ./user_c/pid.o
                0x00000000200000a4                PID_L
 .data.PID_R    0x00000000200000b8       0x14 ./user_c/pid.o
                0x00000000200000b8                PID_R
 .data.PID_Distance
                0x00000000200000cc       0x14 ./user_c/pid.o
                0x00000000200000cc                PID_Distance
 .data.PID_Distance_near
                0x00000000200000e0       0x14 ./user_c/pid.o
                0x00000000200000e0                PID_Distance_near
 .data.PID_Distance_far
                0x00000000200000f4       0x14 ./user_c/pid.o
                0x00000000200000f4                PID_Distance_far
 .data.APBAHBPrescTable
                0x0000000020000108       0x10 ./sdk/Peripheral/ch32v30x_rcc.o
 .data.TAB_USB_FS_OSC_DESC
                0x0000000020000118       0x43 ./sdk/Peripheral/ch32v30x_usbotg_device.o
                0x0000000020000118                TAB_USB_FS_OSC_DESC
 *fill*         0x000000002000015b        0x1 
 .data.impure_data
                0x000000002000015c       0x60 d:/mounriver/mounriver_studio/toolchain/risc-v embedded gcc/bin/../lib/gcc/riscv-none-embed/8.2.0/../../../../riscv-none-embed/lib/rv32imac/ilp32\libg_nano.a(lib_a-impure.o)
 *(.gnu.linkonce.d.*)
                0x00000000200001c0                . = ALIGN (0x8)
 *fill*         0x00000000200001bc        0x4 
                0x00000000200009c0                PROVIDE (__global_pointer$ = (. + 0x800))
 *(.sdata .sdata.*)
 .sdata.encoder_dir_pin
                0x00000000200001c0        0x8 ./zf_driver/zf_driver_encoder.o
 .sdata.q0      0x00000000200001c8        0x4 ./zf_device/zf_device_icm20602.o
                0x00000000200001c8                q0
 .sdata.flag.4913
                0x00000000200001cc        0x1 ./zf_device/zf_device_icm20602.o
 .sdata.IIR_mode.4946
                0x00000000200001cd        0x1 ./zf_device/zf_device_icm20602.o
 .sdata.image_use_flag
                0x00000000200001ce        0x1 ./zf_device/zf_device_mt9v03x_dvp.o
                0x00000000200001ce                image_use_flag
 .sdata.old_image_use_flag
                0x00000000200001cf        0x1 ./zf_device/zf_device_mt9v03x_dvp.o
                0x00000000200001cf                old_image_use_flag
 .sdata.tft180_x_max
                0x00000000200001d0        0x1 ./zf_device/zf_device_tft180.o
                0x00000000200001d0                tft180_x_max
 .sdata.tft180_y_max
                0x00000000200001d1        0x1 ./zf_device/zf_device_tft180.o
                0x00000000200001d1                tft180_y_max
 .sdata.DIFF_limit
                0x00000000200001d2        0x1 ./user_c/camera.o
                0x00000000200001d2                DIFF_limit
 *fill*         0x00000000200001d3        0x1 
 .sdata.Slope_limit
                0x00000000200001d4        0x4 ./user_c/camera.o
                0x00000000200001d4                Slope_limit
 .sdata.Slope_limit_single
                0x00000000200001d8        0x4 ./user_c/camera.o
                0x00000000200001d8                Slope_limit_single
 .sdata.DIFF_STEP
                0x00000000200001dc        0x1 ./user_c/camera.o
                0x00000000200001dc                DIFF_STEP
 .sdata.DIFF_DOWN_LIMIT
                0x00000000200001dd        0x1 ./user_c/camera.o
                0x00000000200001dd                DIFF_DOWN_LIMIT
 .sdata.mid_servo
                0x00000000200001de        0x2 ./user_c/camera.o
                0x00000000200001de                mid_servo
 .sdata.line_select.7316
                0x00000000200001e0        0x1 ./user_c/function_test.o
 *fill*         0x00000000200001e1        0x3 
 .sdata.circleOutDistance.7094
                0x00000000200001e4        0x4 ./user_c/isr.o
 .sdata.sancha_last_flag
                0x00000000200001e8        0x1 ./user_c/main.o
                0x00000000200001e8                sancha_last_flag
 *fill*         0x00000000200001e9        0x3 
 .sdata.sudo2   0x00000000200001ec        0x4 ./user_c/main.o
                0x00000000200001ec                sudo2
 .sdata.sudo4   0x00000000200001f0        0x4 ./user_c/main.o
                0x00000000200001f0                sudo4
 .sdata.pid_normal
                0x00000000200001f4        0x4 ./user_c/main.o
                0x00000000200001f4                pid_normal
 .sdata.pid_near
                0x00000000200001f8        0x4 ./user_c/main.o
                0x00000000200001f8                pid_near
 .sdata.podao_up
                0x00000000200001fc        0x4 ./user_c/main.o
                0x00000000200001fc                podao_up
 .sdata.podao_down
                0x0000000020000200        0x4 ./user_c/main.o
                0x0000000020000200                podao_down
 .sdata.podao_diff
                0x0000000020000204        0x4 ./user_c/main.o
                0x0000000020000204                podao_diff
 .sdata.Speed_L
                0x0000000020000208        0x6 ./user_c/motor.o
                0x0000000020000208                Speed_L
 *fill*         0x000000002000020e        0x2 
 .sdata.Speed_R
                0x0000000020000210        0x6 ./user_c/motor.o
                0x0000000020000210                Speed_R
 *fill*         0x0000000020000216        0x2 
 .sdata.Speed_state
                0x0000000020000218        0x4 ./user_c/motor.o
                0x0000000020000218                Speed_state
 .sdata.Delta_SPEED_UP
                0x000000002000021c        0x4 ./user_c/pid.o
                0x000000002000021c                Delta_SPEED_UP
 .sdata.Delta_SPEED_DOWN
                0x0000000020000220        0x4 ./user_c/pid.o
                0x0000000020000220                Delta_SPEED_DOWN
 .sdata.SystemCoreClock
                0x0000000020000224        0x4 ./sdk/Startup/system_ch32v30x.o
                0x0000000020000224                SystemCoreClock
 .sdata.ADCPrescTable
                0x0000000020000228        0x4 ./sdk/Peripheral/ch32v30x_rcc.o
 .sdata.USBHD_Dev_Speed
                0x000000002000022c        0x1 ./sdk/Peripheral/ch32v30x_usbotg_device.o
                0x000000002000022c                USBHD_Dev_Speed
 *fill*         0x000000002000022d        0x3 
 .sdata.LineCoding
                0x0000000020000230        0x7 ./sdk/Peripheral/ch32v30x_usbotg_device.o
                0x0000000020000230                LineCoding
 *fill*         0x0000000020000237        0x1 
 .sdata.__fdlib_version
                0x0000000020000238        0x4 d:/mounriver/mounriver_studio/toolchain/risc-v embedded gcc/bin/../lib/gcc/riscv-none-embed/8.2.0/../../../../riscv-none-embed/lib/rv32imac/ilp32\libm.a(lib_a-s_lib_ver.o)
                0x0000000020000238                __fdlib_version
 .sdata._impure_ptr
                0x000000002000023c        0x4 d:/mounriver/mounriver_studio/toolchain/risc-v embedded gcc/bin/../lib/gcc/riscv-none-embed/8.2.0/../../../../riscv-none-embed/lib/rv32imac/ilp32\libg_nano.a(lib_a-impure.o)
                0x000000002000023c                _impure_ptr
 *(.sdata2.*)
 .sdata2.uart_irq
                0x0000000020000240        0x8 ./zf_driver/zf_driver_uart.o
                0x0000000020000240                uart_irq
 .sdata2.MyLangDescrHD
                0x0000000020000248        0x4 ./sdk/Peripheral/ch32v30x_usbotg_device.o
                0x0000000020000248                MyLangDescrHD
 .sdata2._global_impure_ptr
                0x000000002000024c        0x4 d:/mounriver/mounriver_studio/toolchain/risc-v embedded gcc/bin/../lib/gcc/riscv-none-embed/8.2.0/../../../../riscv-none-embed/lib/rv32imac/ilp32\libg_nano.a(lib_a-impure.o)
                0x000000002000024c                _global_impure_ptr
 *(.gnu.linkonce.s.*)
                0x0000000020000250                . = ALIGN (0x8)
 *(.srodata.cst16)
 *(.srodata.cst8)
 *(.srodata.cst4)
 *(.srodata.cst2)